Archive member included to satisfy reference by file (symbol)

/opt/st/stm32cubeide_1.15.1/plugins/com.st.stm32cube.ide.mcu.externaltools.gnu-tools-for-stm32.12.3.rel1.linux64_1.0.100.202403111256/tools/bin/../lib/gcc/arm-none-eabi/12.3.1/../../../../arm-none-eabi/lib/thumb/v7e-m+dp/hard/libc_nano.a(libc_a-abort.o)
                              ./Core/Src/mongoose.o (abort)
/opt/st/stm32cubeide_1.15.1/plugins/com.st.stm32cube.ide.mcu.externaltools.gnu-tools-for-stm32.12.3.rel1.linux64_1.0.100.202403111256/tools/bin/../lib/gcc/arm-none-eabi/12.3.1/../../../../arm-none-eabi/lib/thumb/v7e-m+dp/hard/libc_nano.a(libc_a-assert.o)
                              ./Core/Src/mongoose.o (__assert_func)
/opt/st/stm32cubeide_1.15.1/plugins/com.st.stm32cube.ide.mcu.externaltools.gnu-tools-for-stm32.12.3.rel1.linux64_1.0.100.202403111256/tools/bin/../lib/gcc/arm-none-eabi/12.3.1/../../../../arm-none-eabi/lib/thumb/v7e-m+dp/hard/libc_nano.a(libc_a-atof.o)
                              ./Core/Src/setings.o (atof)
/opt/st/stm32cubeide_1.15.1/plugins/com.st.stm32cube.ide.mcu.externaltools.gnu-tools-for-stm32.12.3.rel1.linux64_1.0.100.202403111256/tools/bin/../lib/gcc/arm-none-eabi/12.3.1/../../../../arm-none-eabi/lib/thumb/v7e-m+dp/hard/libc_nano.a(libc_a-atoi.o)
                              ./Core/Src/gsm.o (atoi)
/opt/st/stm32cubeide_1.15.1/plugins/com.st.stm32cube.ide.mcu.externaltools.gnu-tools-for-stm32.12.3.rel1.linux64_1.0.100.202403111256/tools/bin/../lib/gcc/arm-none-eabi/12.3.1/../../../../arm-none-eabi/lib/thumb/v7e-m+dp/hard/libc_nano.a(libc_a-atol.o)
                              ./Core/Src/zagotovka.o (atol)
/opt/st/stm32cubeide_1.15.1/plugins/com.st.stm32cube.ide.mcu.externaltools.gnu-tools-for-stm32.12.3.rel1.linux64_1.0.100.202403111256/tools/bin/../lib/gcc/arm-none-eabi/12.3.1/../../../../arm-none-eabi/lib/thumb/v7e-m+dp/hard/libc_nano.a(libc_a-exit.o)
                              /opt/st/stm32cubeide_1.15.1/plugins/com.st.stm32cube.ide.mcu.externaltools.gnu-tools-for-stm32.12.3.rel1.linux64_1.0.100.202403111256/tools/bin/../lib/gcc/arm-none-eabi/12.3.1/../../../../arm-none-eabi/lib/thumb/v7e-m+dp/hard/crt0.o (exit)
/opt/st/stm32cubeide_1.15.1/plugins/com.st.stm32cube.ide.mcu.externaltools.gnu-tools-for-stm32.12.3.rel1.linux64_1.0.100.202403111256/tools/bin/../lib/gcc/arm-none-eabi/12.3.1/../../../../arm-none-eabi/lib/thumb/v7e-m+dp/hard/libc_nano.a(libc_a-malloc.o)
                              ./Middlewares/ST/STM32_USB_Host_Library/Class/MSC/Src/usbh_msc.o (malloc)
/opt/st/stm32cubeide_1.15.1/plugins/com.st.stm32cube.ide.mcu.externaltools.gnu-tools-for-stm32.12.3.rel1.linux64_1.0.100.202403111256/tools/bin/../lib/gcc/arm-none-eabi/12.3.1/../../../../arm-none-eabi/lib/thumb/v7e-m+dp/hard/libc_nano.a(libc_a-mallocr.o)
                              /opt/st/stm32cubeide_1.15.1/plugins/com.st.stm32cube.ide.mcu.externaltools.gnu-tools-for-stm32.12.3.rel1.linux64_1.0.100.202403111256/tools/bin/../lib/gcc/arm-none-eabi/12.3.1/../../../../arm-none-eabi/lib/thumb/v7e-m+dp/hard/libc_nano.a(libc_a-malloc.o) (_malloc_r)
/opt/st/stm32cubeide_1.15.1/plugins/com.st.stm32cube.ide.mcu.externaltools.gnu-tools-for-stm32.12.3.rel1.linux64_1.0.100.202403111256/tools/bin/../lib/gcc/arm-none-eabi/12.3.1/../../../../arm-none-eabi/lib/thumb/v7e-m+dp/hard/libc_nano.a(libc_a-mlock.o)
                              /opt/st/stm32cubeide_1.15.1/plugins/com.st.stm32cube.ide.mcu.externaltools.gnu-tools-for-stm32.12.3.rel1.linux64_1.0.100.202403111256/tools/bin/../lib/gcc/arm-none-eabi/12.3.1/../../../../arm-none-eabi/lib/thumb/v7e-m+dp/hard/libc_nano.a(libc_a-mallocr.o) (__malloc_lock)
/opt/st/stm32cubeide_1.15.1/plugins/com.st.stm32cube.ide.mcu.externaltools.gnu-tools-for-stm32.12.3.rel1.linux64_1.0.100.202403111256/tools/bin/../lib/gcc/arm-none-eabi/12.3.1/../../../../arm-none-eabi/lib/thumb/v7e-m+dp/hard/libc_nano.a(libc_a-rand.o)
                              ./Core/Src/mongoose.o (srand)
/opt/st/stm32cubeide_1.15.1/plugins/com.st.stm32cube.ide.mcu.externaltools.gnu-tools-for-stm32.12.3.rel1.linux64_1.0.100.202403111256/tools/bin/../lib/gcc/arm-none-eabi/12.3.1/../../../../arm-none-eabi/lib/thumb/v7e-m+dp/hard/libc_nano.a(libc_a-strtod.o)
                              /opt/st/stm32cubeide_1.15.1/plugins/com.st.stm32cube.ide.mcu.externaltools.gnu-tools-for-stm32.12.3.rel1.linux64_1.0.100.202403111256/tools/bin/../lib/gcc/arm-none-eabi/12.3.1/../../../../arm-none-eabi/lib/thumb/v7e-m+dp/hard/libc_nano.a(libc_a-atof.o) (strtod)
/opt/st/stm32cubeide_1.15.1/plugins/com.st.stm32cube.ide.mcu.externaltools.gnu-tools-for-stm32.12.3.rel1.linux64_1.0.100.202403111256/tools/bin/../lib/gcc/arm-none-eabi/12.3.1/../../../../arm-none-eabi/lib/thumb/v7e-m+dp/hard/libc_nano.a(libc_a-strtol.o)
[...]
Memory Configuration

Name             Origin             Length             Attributes
ITCM             0x00000000         0x00004000         xr
RAM              0x20000000         0x00080000         rw
FLASH            0x08100000         0x000c0000         xr
ZERG_FLASH       0x081c0000         0x00040000         xr
*default*        0x00000000         0xffffffff

Linker script and memory map

LOAD /opt/st/stm32cubeide_1.15.1/plugins/com.st.stm32cube.ide.mcu.externaltools.gnu-tools-for-stm32.12.3.rel1.linux64_1.0.100.202403111256/tools/bin/../lib/gcc/arm-none-eabi/12.3.1/thumb/v7e-m+dp/hard/crti.o
LOAD /opt/st/stm32cubeide_1.15.1/plugins/com.st.stm32cube.ide.mcu.externaltools.gnu-tools-for-stm32.12.3.rel1.linux64_1.0.100.202403111256/tools/bin/../lib/gcc/arm-none-eabi/12.3.1/thumb/v7e-m+dp/hard/crtbegin.o
LOAD /opt/st/stm32cubeide_1.15.1/plugins/com.st.stm32cube.ide.mcu.externaltools.gnu-tools-for-stm32.12.3.rel1.linux64_1.0.100.202403111256/tools/bin/../lib/gcc/arm-none-eabi/12.3.1/../../../../arm-none-eabi/lib/thumb/v7e-m+dp/hard/crt0.o
LOAD ./Core/Src/compat_ota.o
LOAD ./Core/Src/db.o
LOAD ./Core/Src/ds18b20.o
LOAD ./Core/Src/dtcm_alloc.o
LOAD ./Core/Src/freertos.o
LOAD ./Core/Src/fw_meta.o
LOAD ./Core/Src/gsm.o
LOAD ./Core/Src/logger.o
LOAD ./Core/Src/lwdtc.o
LOAD ./Core/Src/main.o
LOAD ./Core/Src/mongoose.o
LOAD ./Core/Src/mqtt_server.o
LOAD ./Core/Src/multi_button.o
LOAD ./Core/Src/net.o
LOAD ./Core/Src/onewire.o
LOAD ./Core/Src/packed_fs.o
LOAD ./Core/Src/setings.o
LOAD ./Core/Src/stm32f7xx_hal_msp.o
LOAD ./Core/Src/stm32f7xx_hal_timebase_tim.o
LOAD ./Core/Src/stm32f7xx_it.o
LOAD ./Core/Src/syscalls.o
LOAD ./Core/Src/sysmem.o
LOAD ./Core/Src/system_stm32f7xx.o
LOAD ./Core/Src/usart_ring.o
LOAD ./Core/Src/zagotovka.o
LOAD ./Core/Src/zbee_vbtn.o
LOAD ./Core/Startup/startup_stm32f767zitx.o
LOAD ./Drivers/STM32F7xx_HAL_Driver/Src/stm32f7xx_hal.o
LOAD ./Drivers/STM32F7xx_HAL_Driver/Src/stm32f7xx_hal_cortex.o
LOAD ./Drivers/STM32F7xx_HAL_Driver/Src/stm32f7xx_hal_crc.o
LOAD ./Drivers/STM32F7xx_HAL_Driver/Src/stm32f7xx_hal_crc_ex.o
LOAD ./Drivers/STM32F7xx_HAL_Driver/Src/stm32f7xx_hal_dma.o
LOAD ./Drivers/STM32F7xx_HAL_Driver/Src/stm32f7xx_hal_dma_ex.o
LOAD ./Drivers/STM32F7xx_HAL_Driver/Src/stm32f7xx_hal_eth.o
LOAD ./Drivers/STM32F7xx_HAL_Driver/Src/stm32f7xx_hal_exti.o
LOAD ./Drivers/STM32F7xx_HAL_Driver/Src/stm32f7xx_hal_flash.o
LOAD ./Drivers/STM32F7xx_HAL_Driver/Src/stm32f7xx_hal_flash_ex.o
LOAD ./Drivers/STM32F7xx_HAL_Driver/Src/stm32f7xx_hal_gpio.o
LOAD ./Drivers/STM32F7xx_HAL_Driver/Src/stm32f7xx_hal_hcd.o
LOAD ./Drivers/STM32F7xx_HAL_Driver/Src/stm32f7xx_hal_i2c.o
LOAD ./Drivers/STM32F7xx_HAL_Driver/Src/stm32f7xx_hal_i2c_ex.o
LOAD ./Drivers/STM32F7xx_HAL_Driver/Src/stm32f7xx_hal_pwr.o
LOAD ./Drivers/STM32F7xx_HAL_Driver/Src/stm32f7xx_hal_pwr_ex.o
LOAD ./Drivers/STM32F7xx_HAL_Driver/Src/stm32f7xx_hal_rcc.o
LOAD ./Drivers/STM32F7xx_HAL_Driver/Src/stm32f7xx_hal_rcc_ex.o
LOAD ./Drivers/STM32F7xx_HAL_Driver/Src/stm32f7xx_hal_rng.o
LOAD ./Drivers/STM32F7xx_HAL_Driver/Src/stm32f7xx_hal_tim.o
LOAD ./Drivers/STM32F7xx_HAL_Driver/Src/stm32f7xx_hal_tim_ex.o
LOAD ./Drivers/STM32F7xx_HAL_Driver/Src/stm32f7xx_hal_uart.o
LOAD ./Drivers/STM32F7xx_HAL_Driver/Src/stm32f7xx_hal_uart_ex.o
LOAD ./Drivers/STM32F7xx_HAL_Driver/Src/stm32f7xx_ll_usb.o
LOAD ./FATFS/App/fatfs.o
LOAD ./FATFS/Target/usbh_diskio.o
LOAD ./Middlewares/ST/STM32_USB_Host_Library/Class/MSC/Src/usbh_msc.o
LOAD ./Middlewares/ST/STM32_USB_Host_Library/Class/MSC/Src/usbh_msc_bot.o
LOAD ./Middlewares/ST/STM32_USB_Host_Library/Class/MSC/Src/usbh_msc_scsi.o
LOAD ./Middlewares/ST/STM32_USB_Host_Library/Core/Src/usbh_core.o
LOAD ./Middlewares/ST/STM32_USB_Host_Library/Core/Src/usbh_ctlreq.o
LOAD ./Middlewares/ST/STM32_USB_Host_Library/Core/Src/usbh_ioreq.o
LOAD ./Middlewares/ST/STM32_USB_Host_Library/Core/Src/usbh_pipes.o
LOAD ./Middlewares/Third_Party/FatFs/src/diskio.o
LOAD ./Middlewares/Third_Party/FatFs/src/ff.o
LOAD ./Middlewares/Third_Party/FatFs/src/ff_gen_drv.o
LOAD ./Middlewares/Third_Party/FatFs/src/option/syscall.o
LOAD ./Middlewares/Third_Party/FreeRTOS/Source/CMSIS_RTOS_V2/cmsis_os2.o
LOAD ./Middlewares/Third_Party/FreeRTOS/Source/croutine.o
LOAD ./Middlewares/Third_Party/FreeRTOS/Source/event_groups.o
LOAD ./Middlewares/Third_Party/FreeRTOS/Source/list.o
LOAD ./Middlewares/Third_Party/FreeRTOS/Source/queue.o
LOAD ./Middlewares/Third_Party/FreeRTOS/Source/stream_buffer.o
LOAD ./Middlewares/Third_Party/FreeRTOS/Source/tasks.o
LOAD ./Middlewares/Third_Party/FreeRTOS/Source/timers.o
LOAD ./Middlewares/Third_Party/FreeRTOS/Source/portable/GCC/ARM_CM7/r0p1/port.o
LOAD ./Middlewares/Third_Party/FreeRTOS/Source/portable/MemMang/heap_4.o
LOAD ./USB_HOST/App/usb_host.o
LOAD ./USB_HOST/Target/usbh_conf.o
LOAD ./USB_HOST/Target/usbh_platform.o
START GROUP
LOAD /opt/st/stm32cubeide_1.15.1/plugins/com.st.stm32cube.ide.mcu.externaltools.gnu-tools-for-stm32.12.3.rel1.linux64_1.0.100.202403111256/tools/bin/../lib/gcc/arm-none-eabi/12.3.1/../../../../arm-none-eabi/lib/thumb/v7e-m+dp/hard/libc_nano.a
LOAD /opt/st/stm32cubeide_1.15.1/plugins/com.st.stm32cube.ide.mcu.externaltools.gnu-tools-for-stm32.12.3.rel1.linux64_1.0.100.202403111256/tools/bin/../lib/gcc/arm-none-eabi/12.3.1/../../../../arm-none-eabi/lib/thumb/v7e-m+dp/hard/libm.a
END GROUP
START GROUP
LOAD /opt/st/stm32cubeide_1.15.1/plugins/com.st.stm32cube.ide.mcu.externaltools.gnu-tools-for-stm32.12.3.rel1.linux64_1.0.100.202403111256/tools/bin/../lib/gcc/arm-none-eabi/12.3.1/thumb/v7e-m+dp/hard/libgcc.a
LOAD /opt/st/stm32cubeide_1.15.1/plugins/com.st.stm32cube.ide.mcu.externaltools.gnu-tools-for-stm32.12.3.rel1.linux64_1.0.100.202403111256/tools/bin/../lib/gcc/arm-none-eabi/12.3.1/../../../../arm-none-eabi/lib/thumb/v7e-m+dp/hard/libc_nano.a
END GROUP
START GROUP
LOAD /opt/st/stm32cubeide_1.15.1/plugins/com.st.stm32cube.ide.mcu.externaltools.gnu-tools-for-stm32.12.3.rel1.linux64_1.0.100.202403111256/tools/bin/../lib/gcc/arm-none-eabi/12.3.1/thumb/v7e-m+dp/hard/libgcc.a
LOAD /opt/st/stm32cubeide_1.15.1/plugins/com.st.stm32cube.ide.mcu.externaltools.gnu-tools-for-stm32.12.3.rel1.linux64_1.0.100.202403111256/tools/bin/../lib/gcc/arm-none-eabi/12.3.1/../../../../arm-none-eabi/lib/thumb/v7e-m+dp/hard/libc_nano.a
LOAD /opt/st/stm32cubeide_1.15.1/plugins/com.st.stm32cube.ide.mcu.externaltools.gnu-tools-for-stm32.12.3.rel1.linux64_1.0.100.202403111256/tools/bin/../lib/gcc/arm-none-eabi/12.3.1/../../../../arm-none-eabi/lib/thumb/v7e-m+dp/hard/libnosys.a
END GROUP
START GROUP
LOAD /opt/st/stm32cubeide_1.15.1/plugins/com.st.stm32cube.ide.mcu.externaltools.gnu-tools-for-stm32.12.3.rel1.linux64_1.0.100.202403111256/tools/bin/../lib/gcc/arm-none-eabi/12.3.1/thumb/v7e-m+dp/hard/libgcc.a
LOAD /opt/st/stm32cubeide_1.15.1/plugins/com.st.stm32cube.ide.mcu.externaltools.gnu-tools-for-stm32.12.3.rel1.linux64_1.0.100.202403111256/tools/bin/../lib/gcc/arm-none-eabi/12.3.1/../../../../arm-none-eabi/lib/thumb/v7e-m+dp/hard/libc_nano.a
LOAD /opt/st/stm32cubeide_1.15.1/plugins/com.st.stm32cube.ide.mcu.externaltools.gnu-tools-for-stm32.12.3.rel1.linux64_1.0.100.202403111256/tools/bin/../lib/gcc/arm-none-eabi/12.3.1/../../../../arm-none-eabi/lib/thumb/v7e-m+dp/hard/libnosys.a
END GROUP
LOAD /opt/st/stm32cubeide_1.15.1/plugins/com.st.stm32cube.ide.mcu.externaltools.gnu-tools-for-stm32.12.3.rel1.linux64_1.0.100.202403111256/tools/bin/../lib/gcc/arm-none-eabi/12.3.1/thumb/v7e-m+dp/hard/crtend.o
LOAD /opt/st/stm32cubeide_1.15.1/plugins/com.st.stm32cube.ide.mcu.externaltools.gnu-tools-for-stm32.12.3.rel1.linux64_1.0.100.202403111256/tools/bin/../lib/gcc/arm-none-eabi/12.3.1/thumb/v7e-m+dp/hard/crtn.o
                0x20080000                        _estack = 0x20080000
                0x00008000                        _Min_Heap_Size = 0x8000
                0x00000800                        _Min_Stack_Size = 0x800

.isr_vector     0x08100000      0x1f8
                0x08100000                        . = ALIGN (0x4)
 *(.isr_vector)
 .isr_vector    0x08100000      0x1f8 ./Core/Startup/startup_stm32f767zitx.o
                0x08100000                g_pfnVectors
                0x081001f8                        . = ALIGN (0x4)

.fw_meta        0x08100300        0xc
 *(.fw_meta)
 .fw_meta       0x08100300        0xc ./Core/Src/fw_meta.o
                0x08100300                g_fw_meta

.text           0x08100310    0x425e8
                0x08100310                        . = ALIGN (0x4)
 *(.text)
 .text          0x08100310       0x40 /opt/st/stm32cubeide_1.15.1/plugins/com.st.stm32cube.ide.mcu.externaltools.gnu-tools-for-stm32.12.3.rel1.linux64_1.0.100.202403111256/tools/bin/../lib/gcc/arm-none-eabi/12.3.1/thumb/v7e-m+dp/hard/crtbegin.o
 .text          0x08100350       0x14 /opt/st/stm32cubeide_1.15.1/plugins/com.st.stm32cube.ide.mcu.externaltools.gnu-tools-for-stm32.12.3.rel1.linux64_1.0.100.202403111256/tools/bin/../lib/gcc/arm-none-eabi/12.3.1/../../../../arm-none-eabi/lib/thumb/v7e-m+dp/hard/libc_nano.a(libc_a-strcmp.o)
                0x08100350                strcmp
 *fill*         0x08100364        0xc 
 .text          0x08100370       0xa0 /opt/st/stm32cubeide_1.15.1/plugins/com.st.stm32cube.ide.mcu.externaltools.gnu-tools-for-stm32.12.3.rel1.linux64_1.0.100.202403111256/tools/bin/../lib/gcc/arm-none-eabi/12.3.1/../../../../arm-none-eabi/lib/thumb/v7e-m+dp/hard/libc_nano.a(libc_a-memchr.o)
                0x08100370                memchr
 .text          0x08100410       0x10 /opt/st/stm32cubeide_1.15.1/plugins/com.st.stm32cube.ide.mcu.externaltools.gnu-tools-for-stm32.12.3.rel1.linux64_1.0.100.202403111256/tools/bin/../lib/gcc/arm-none-eabi/12.3.1/../../../../arm-none-eabi/lib/thumb/v7e-m+dp/hard/libc_nano.a(libc_a-strlen.o)
                0x08100410                strlen
 .text          0x08100420      0x378 /opt/st/stm32cubeide_1.15.1/plugins/com.st.stm32cube.ide.mcu.externaltools.gnu-tools-for-stm32.12.3.rel1.linux64_1.0.100.202403111256/tools/bin/../lib/gcc/arm-none-eabi/12.3.1/thumb/v7e-m+dp/hard/libgcc.a(_arm_addsubdf3.o)
                0x08100420                __aeabi_drsub
                0x08100428                __aeabi_dsub
                0x08100428                __subdf3
                0x0810042c                __adddf3
                0x0810042c                __aeabi_dadd
                0x081006a4                __aeabi_ui2d
                0x081006a4                __floatunsidf
                0x081006c4                __floatsidf
                0x081006c4                __aeabi_i2d
                0x081006e8                __extendsfdf2
                0x081006e8                __aeabi_f2d
                0x0810072c                __aeabi_ul2d
                0x0810072c                __floatundidf
                0x0810073c                __floatdidf
                0x0810073c                __aeabi_l2d
 .text          0x08100798       0xa0 /opt/st/stm32cubeide_1.15.1/plugins/com.st.stm32cube.ide.mcu.externaltools.gnu-tools-for-stm32.12.3.rel1.linux64_1.0.100.202403111256/tools/bin/../lib/gcc/arm-none-eabi/12.3.1/thumb/v7e-m+dp/hard/libgcc.a(_aeabi_ldivmod.o)
                0x08100798                __aeabi_ldivmod
 .text          0x08100838       0x30 /opt/st/stm32cubeide_1.15.1/plugins/com.st.stm32cube.ide.mcu.externaltools.gnu-tools-for-stm32.12.3.rel1.linux64_1.0.100.202403111256/tools/bin/../lib/gcc/arm-none-eabi/12.3.1/thumb/v7e-m+dp/hard/libgcc.a(_aeabi_uldivmod.o)
                0x08100838                __aeabi_uldivmod
 .text          0x08100868       0x28 /opt/st/stm32cubeide_1.15.1/plugins/com.st.stm32cube.ide.mcu.externaltools.gnu-tools-for-stm32.12.3.rel1.linux64_1.0.100.202403111256/tools/bin/../lib/gcc/arm-none-eabi/12.3.1/thumb/v7e-m+dp/hard/libgcc.a(_fixsfdi.o)
                0x08100868                __aeabi_f2lz
                0x08100868                __fixsfdi
 .text          0x08100890       0x30 /opt/st/stm32cubeide_1.15.1/plugins/com.st.stm32cube.ide.mcu.externaltools.gnu-tools-for-stm32.12.3.rel1.linux64_1.0.100.202403111256/tools/bin/../lib/gcc/arm-none-eabi/12.3.1/thumb/v7e-m+dp/hard/libgcc.a(_fixdfdi.o)
                0x08100890                __aeabi_d2lz
                0x08100890                __fixdfdi
 .text          0x081008c0       0x40 /opt/st/stm32cubeide_1.15.1/plugins/com.st.stm32cube.ide.mcu.externaltools.gnu-tools-for-stm32.12.3.rel1.linux64_1.0.100.202403111256/tools/bin/../lib/gcc/arm-none-eabi/12.3.1/thumb/v7e-m+dp/hard/libgcc.a(_fixunssfdi.o)
                0x081008c0                __aeabi_f2ulz
                0x081008c0                __fixunssfdi
 .text          0x08100900       0x40 /opt/st/stm32cubeide_1.15.1/plugins/com.st.stm32cube.ide.mcu.externaltools.gnu-tools-for-stm32.12.3.rel1.linux64_1.0.100.202403111256/tools/bin/../lib/gcc/arm-none-eabi/12.3.1/thumb/v7e-m+dp/hard/libgcc.a(_fixunsdfdi.o)
                0x08100900                __aeabi_d2ulz
                0x08100900                __fixunsdfdi
 .text          0x08100940      0x2bc /opt/st/stm32cubeide_1.15.1/plugins/com.st.stm32cube.ide.mcu.externaltools.gnu-tools-for-stm32.12.3.rel1.linux64_1.0.100.202403111256/tools/bin/../lib/gcc/arm-none-eabi/12.3.1/thumb/v7e-m+dp/hard/libgcc.a(_udivmoddi4.o)
                0x08100940                __udivmoddi4
 .text          0x08100bfc        0x4 /opt/st/stm32cubeide_1.15.1/plugins/com.st.stm32cube.ide.mcu.externaltools.gnu-tools-for-stm32.12.3.rel1.linux64_1.0.100.202403111256/tools/bin/../lib/gcc/arm-none-eabi/12.3.1/thumb/v7e-m+dp/hard/libgcc.a(_dvmd_tls.o)
                0x08100bfc                __aeabi_ldiv0
                0x08100bfc                __aeabi_idiv0
 *(.text*)
 .text.__NVIC_SystemReset
                0x08100c00       0x24 ./Core/Src/compat_ota.o
 .text.ota_flag_write
                0x08100c24       0x8c ./Core/Src/compat_ota.o
 .text.mg_device_reset
                0x08100cb0        0x6 ./Core/Src/compat_ota.o
                0x08100cb0                mg_device_reset
 .text.mg_ota_set_pending_bank
                0x08100cb6       0x46 ./Core/Src/compat_ota.o
                0x08100cb6                mg_ota_set_pending_bank
 .text.mg_ota_get_active_bank
                0x08100cfc       0x12 ./Core/Src/compat_ota.o
                0x08100cfc                mg_ota_get_active_bank
 .text.mg_ota_mark_pending
                0x08100d0e       0x2e ./Core/Src/compat_ota.o
                0x08100d0e                mg_ota_mark_pending
 .text.mg_ota_cancel_pending
                0x08100d3c        0x4 ./Core/Src/compat_ota.o
                0x08100d3c                mg_ota_cancel_pending
 .text.mg_ota_reset_status
                0x08100d40        0x6 ./Core/Src/compat_ota.o
                0x08100d40                mg_ota_reset_status
 .text.mg_ota_status
                0x08100d46       0x46 ./Core/Src/compat_ota.o
                0x08100d46                mg_ota_status
 .text.mg_ota_crc32
                0x08100d8c        0x4 ./Core/Src/compat_ota.o
                0x08100d8c                mg_ota_crc32
 .text.mg_ota_timestamp
                0x08100d90        0x4 ./Core/Src/compat_ota.o
                0x08100d90                mg_ota_timestamp
 .text.mg_ota_size
                0x08100d94        0x4 ./Core/Src/compat_ota.o
                0x08100d94                mg_ota_size
 .text.mg_ota_commit
                0x08100d98       0x60 ./Core/Src/compat_ota.o
                0x08100d98                mg_ota_commit
 .text.mg_ota_bank_image_valid
                0x08100df8       0x20 ./Core/Src/compat_ota.o
                0x08100df8                mg_ota_bank_image_valid
 .text.mg_ota_switch_bank
                0x08100e18       0x7c ./Core/Src/compat_ota.o
                0x08100e18                mg_ota_switch_bank
 .text.mg_ota_rollback
                0x08100e94       0x3e ./Core/Src/compat_ota.o
                0x08100e94                mg_ota_rollback
 *fill*         0x08100ed2        0x2 
 .text.mg_flash_start
                0x08100ed4        0x8 ./Core/Src/compat_ota.o
                0x08100ed4                mg_flash_start
 .text.mg_flash_size
                0x08100edc        0x6 ./Core/Src/compat_ota.o
                0x08100edc                mg_flash_size
 .text.mg_flash_sector_size
                0x08100ee2        0x6 ./Core/Src/compat_ota.o
                0x08100ee2                mg_flash_sector_size
 .text.mg_flash_bank
                0x08100ee8        0x4 ./Core/Src/compat_ota.o
                0x08100ee8                mg_flash_bank
 .text.mg_flash_erase
                0x08100eec        0x4 ./Core/Src/compat_ota.o
                0x08100eec                mg_flash_erase
 .text.zbee_action_sclick
                0x08100ef0       0x30 ./Core/Src/db.o
                0x08100ef0                zbee_action_sclick
 .text.zbee_action_dclick
                0x08100f20       0x30 ./Core/Src/db.o
                0x08100f20                zbee_action_dclick
 .text.zbee_action_lpress
                0x08100f50       0x30 ./Core/Src/db.o
                0x08100f50                zbee_action_lpress
 .text.zbee_action_alloc
                0x08100f80       0x48 ./Core/Src/db.o
                0x08100f80                zbee_action_alloc
 .text.zbee_action_free
                0x08100fc8       0x20 ./Core/Src/db.o
                0x08100fc8                zbee_action_free
 .text.DS18B20_StartAll
                0x08100fe8       0x1c ./Core/Src/ds18b20.o
                0x08100fe8                DS18B20_StartAll
 .text.DS18B20_Read
                0x08101004       0xf4 ./Core/Src/ds18b20.o
                0x08101004                DS18B20_Read
 .text.DS18B20_SetResolution
                0x081010f8       0xce ./Core/Src/ds18b20.o
                0x081010f8                DS18B20_SetResolution
 .text.DS18B20_DisableAlarmTemperature
                0x081011c6       0x8c ./Core/Src/ds18b20.o
                0x081011c6                DS18B20_DisableAlarmTemperature
 .text.DS18B20_AllDone
                0x08101252        0x4 ./Core/Src/ds18b20.o
                0x08101252                DS18B20_AllDone
 *fill*         0x08101256        0x2 
 .text.sof_putchar
                0x08101258       0x2c ./Core/Src/freertos.o
 .text.sof_puts
                0x08101284       0x1e ./Core/Src/freertos.o
 *fill*         0x081012a2        0x2 
 .text.vApplicationStackOverflowHook
                0x081012a4       0xd8 ./Core/Src/freertos.o
                0x081012a4                vApplicationStackOverflowHook
 .text.__NVIC_SystemReset
                0x0810137c       0x24 ./Core/Src/gsm.o
 .text.replac_string.part.0
                0x081013a0       0x18 ./Core/Src/gsm.o
 .text.gsm_dtcm_init
                0x081013b8       0x54 ./Core/Src/gsm.o
                0x081013b8                gsm_dtcm_init
 .text.check_speed
                0x0810140c      0x130 ./Core/Src/gsm.o
                0x0810140c                check_speed
 .text.set_comand
                0x0810153c      0x1ec ./Core/Src/gsm.o
                0x0810153c                set_comand
 .text.disable_connection
                0x08101728       0x30 ./Core/Src/gsm.o
                0x08101728                disable_connection
 .text.incoming_call
                0x08101758       0x30 ./Core/Src/gsm.o
                0x08101758                incoming_call
 .text.init_sim800l_module
                0x08101788       0xe8 ./Core/Src/gsm.o
                0x08101788                init_sim800l_module
 .text.sanitize_cmd_str
                0x08101870       0x5c ./Core/Src/gsm.o
                0x08101870                sanitize_cmd_str
 .text.execute_commands.part.0
                0x081018cc      0x3d0 ./Core/Src/gsm.o
 .text.execute_commands
                0x08101c9c        0xc ./Core/Src/gsm.o
                0x08101c9c                execute_commands
 .text.send_command_result_sms
                0x08101ca8      0x434 ./Core/Src/gsm.o
                0x08101ca8                send_command_result_sms
 .text.process_sim800l_data
                0x081020dc      0x600 ./Core/Src/gsm.o
                0x081020dc                process_sim800l_data
 .text.logger_init
                0x081026dc       0x4c ./Core/Src/logger.o
                0x081026dc                logger_init
 .text.logger_set_mask
                0x08102728       0x14 ./Core/Src/logger.o
                0x08102728                logger_set_mask
 .text.logger_get_mask
                0x0810273c        0xc ./Core/Src/logger.o
                0x0810273c                logger_get_mask
 .text.logger_send
                0x08102748       0xa4 ./Core/Src/logger.o
                0x08102748                logger_send
 .text.__io_putchar
                0x081027ec      0x2b4 ./Core/Src/logger.o
                0x081027ec                __io_putchar
 .text.logger_ring_push
                0x08102aa0       0x80 ./Core/Src/logger.o
                0x08102aa0                logger_ring_push
 .text.logger_ring_read
                0x08102b20       0xd0 ./Core/Src/logger.o
                0x08102b20                logger_ring_read
 .text.prv_parse_num
                0x08102bf0       0x38 ./Core/Src/lwdtc.o
 .text.prv_get_and_parse_next_token
                0x08102c28      0x190 ./Core/Src/lwdtc.o
 .text.lwdtc_cron_parse_with_len
                0x08102db8       0xa4 ./Core/Src/lwdtc.o
                0x08102db8                lwdtc_cron_parse_with_len
 .text.lwdtc_cron_parse_multi
                0x08102e5c       0x4e ./Core/Src/lwdtc.o
                0x08102e5c                lwdtc_cron_parse_multi
 .text.lwdtc_cron_is_valid_for_time
                0x08102eaa       0xa8 ./Core/Src/lwdtc.o
                0x08102eaa                lwdtc_cron_is_valid_for_time
 *fill*         0x08102f52        0x2 
 .text.is_action_set
                0x08102f54       0x1c ./Core/Src/main.o
 .text.StartSecurityTask
                0x08102f70       0xfc ./Core/Src/main.o
                0x08102f70                StartSecurityTask
 .text.StartConfigTask
                0x0810306c      0x2b4 ./Core/Src/main.o
                0x0810306c                StartConfigTask
 .text.StartOutputTask
                0x08103320      0x1c8 ./Core/Src/main.o
                0x08103320                StartOutputTask
 .text.StartInputTask
                0x081034e8      0x124 ./Core/Src/main.o
                0x081034e8                StartInputTask
 .text.StartEncoderTask
                0x0810360c      0x1f4 ./Core/Src/main.o
                0x0810360c                StartEncoderTask
 .text.StartDs18b20Task
                0x08103800      0x25c ./Core/Src/main.o
                0x08103800                StartDs18b20Task
 .text.StartDht22Task
                0x08103a5c       0xd8 ./Core/Src/main.o
                0x08103a5c                StartDht22Task
 *fill*         0x08103b34        0x4 
 .text.svc_calculateSunriseOrSunset
                0x08103b38      0x2f0 ./Core/Src/main.o
 .text.StartServiceTask
                0x08103e28      0x540 ./Core/Src/main.o
                0x08103e28                StartServiceTask
 .text.StartSIM800LTask
                0x08104368       0x34 ./Core/Src/main.o
                0x08104368                StartSIM800LTask
 .text.StartPIDTask
                0x0810439c      0x2f0 ./Core/Src/main.o
                0x0810439c                StartPIDTask
 .text.StartLoggerTask
                0x0810468c       0xbc ./Core/Src/main.o
                0x0810468c                StartLoggerTask
 .text.StartDgnTask
                0x08104748      0x688 ./Core/Src/main.o
                0x08104748                StartDgnTask
 .text.mg_random
                0x08104dd0       0x40 ./Core/Src/main.o
                0x08104dd0                mg_random
 .text.mg_millis
                0x08104e10       0x34 ./Core/Src/main.o
                0x08104e10                mg_millis
 .text.send_mqtt_message
                0x08104e44      0x120 ./Core/Src/main.o
                0x08104e44                send_mqtt_message
 .text.button_event_handler
                0x08104f64      0x134 ./Core/Src/main.o
                0x08104f64                button_event_handler
 .text.read_button_level
                0x08105098       0x14 ./Core/Src/main.o
                0x08105098                read_button_level
 .text.early_uart_print
                0x081050ac       0x34 ./Core/Src/main.o
                0x081050ac                early_uart_print
 .text.vApplicationMallocFailedHook
                0x081050e0       0x18 ./Core/Src/main.o
                0x081050e0                vApplicationMallocFailedHook
 .text.start_pwm_fade
                0x081050f8      0x1a0 ./Core/Src/main.o
                0x081050f8                start_pwm_fade
 .text.parse_string
                0x08105298      0x150 ./Core/Src/main.o
                0x08105298                parse_string
 .text.StartCronTask
                0x081053e8      0x378 ./Core/Src/main.o
                0x081053e8                StartCronTask
 .text.HAL_TIM_PeriodElapsedCallback
                0x08105760       0x14 ./Core/Src/main.o
                0x08105760                HAL_TIM_PeriodElapsedCallback
 .text.Error_Handler
                0x08105774      0x15c ./Core/Src/main.o
                0x08105774                Error_Handler
 .text.SystemClock_Config
                0x081058d0       0xa8 ./Core/Src/main.o
                0x081058d0                SystemClock_Config
 .text.startup.main
                0x08105978      0xc54 ./Core/Src/main.o
                0x08105978                main
 .text.StartWebServerTask
                0x081065cc      0xa9c ./Core/Src/main.o
                0x081065cc                StartWebServerTask
 .text.SCB_CleanInvalidateDCache
                0x08107068       0x48 ./Core/Src/mongoose.o
 .text.mg_base64_decode_single
                0x081070b0       0x46 ./Core/Src/mongoose.o
 *fill*         0x081070f6        0x2 
 .text.mg_lld   0x081070f8       0xb0 ./Core/Src/mongoose.o
 .text.scpy     0x081071a8       0x24 ./Core/Src/mongoose.o
 .text.mg_unpack
                0x081071cc       0x48 ./Core/Src/mongoose.o
 .text.packed_write
                0x08107214        0x4 ./Core/Src/mongoose.o
 .text.packed_seek
                0x08107218       0x10 ./Core/Src/mongoose.o
 .text.packed_rename
                0x08107228        0x4 ./Core/Src/mongoose.o
 .text.packed_remove
                0x0810722c        0x4 ./Core/Src/mongoose.o
 .text.p_stat   0x08107230        0x4 ./Core/Src/mongoose.o
 .text.p_list   0x08107234        0x2 ./Core/Src/mongoose.o
 .text.p_open   0x08107236        0x4 ./Core/Src/mongoose.o
 .text.p_seek   0x0810723a        0x6 ./Core/Src/mongoose.o
 .text.isx      0x08107240       0x1c ./Core/Src/mongoose.o
 .text.clen     0x0810725c       0x8a ./Core/Src/mongoose.o
 .text.skiptorn
                0x081072e6       0x3e ./Core/Src/mongoose.o
 *fill*         0x08107324        0x4 
 .text.mg_atod  0x08107328      0x148 ./Core/Src/mongoose.o
 .text.mg_l2_eth_poll
                0x08107470        0x4 ./Core/Src/mongoose.o
                0x08107470                mg_l2_eth_poll
 .text.mg_l2_eth_trailer
                0x08107474       0x18 ./Core/Src/mongoose.o
                0x08107474                mg_l2_eth_trailer
 .text.mg_l2_eth_getaddr
                0x0810748c        0x4 ./Core/Src/mongoose.o
                0x0810748c                mg_l2_eth_getaddr
 .text.mg_l2_ppp_init
                0x08107490       0x12 ./Core/Src/mongoose.o
                0x08107490                mg_l2_ppp_init
 *fill*         0x081074a2        0x2 
 .text.mg_l2_ppp_poll
                0x081074a4       0x14 ./Core/Src/mongoose.o
                0x081074a4                mg_l2_ppp_poll
 .text.mg_l2_ppp_trailer
                0x081074b8       0x44 ./Core/Src/mongoose.o
                0x081074b8                mg_l2_ppp_trailer
 .text.mg_l2_pppoe_trailer
                0x081074fc       0x1a ./Core/Src/mongoose.o
                0x081074fc                mg_l2_pppoe_trailer
 *fill*         0x08107516        0x2 
 .text.mg_l2_ppp_getaddr
                0x08107518        0x8 ./Core/Src/mongoose.o
                0x08107518                mg_l2_ppp_getaddr
 .text.logc     0x08107520       0x14 ./Core/Src/mongoose.o
 .text.logs     0x08107534       0x16 ./Core/Src/mongoose.o
 .text.decode_varint
                0x0810754a       0x30 ./Core/Src/mongoose.o
 *fill*         0x0810757a        0x2 
 .text.mqtt_prop_type_by_id
                0x0810757c       0x28 ./Core/Src/mongoose.o
 .text.get_properties_length
                0x081075a4       0x68 ./Core/Src/mongoose.o
 .text.mg_aton4
                0x0810760c       0x80 ./Core/Src/mongoose.o
 .text.mg_tcpip_call
                0x0810768c       0x20 ./Core/Src/mongoose.o
 .text.csumup   0x081076ac       0x1c ./Core/Src/mongoose.o
 .text.ipcsum   0x081076c8       0x1e ./Core/Src/mongoose.o
 *fill*         0x081076e6        0x2 
 .text.mg_print_hex
                0x081076e8       0x44 ./Core/Src/mongoose.o
                0x081076e8                mg_print_hex
 .text.mg_sha384_transform
                0x0810772c      0x368 ./Core/Src/mongoose.o
 .text.aes_init_keygen_tables
                0x08107a94      0x238 ./Core/Src/mongoose.o
 .text.aes_cipher
                0x08107ccc      0x508 ./Core/Src/mongoose.o
 .text.gcm_mult
                0x081081d4       0xf4 ./Core/Src/mongoose.o
 .text.mg_der_parse
                0x081082c8       0x4e ./Core/Src/mongoose.o
 .text.mg_der_next
                0x08108316       0x2e ./Core/Src/mongoose.o
 .text.mg_der_to_tlv
                0x08108344       0x52 ./Core/Src/mongoose.o
 .text.core_block
                0x08108396      0x22c ./Core/Src/mongoose.o
 .text.U8TO32   0x081085c2        0x4 ./Core/Src/mongoose.o
 .text.poly1305_blocks
                0x081085c6      0x1b2 ./Core/Src/mongoose.o
 .text.poly1305_update
                0x08108778       0x7a ./Core/Src/mongoose.o
 .text.write_64bit_int
                0x081087f2       0x16 ./Core/Src/mongoose.o
 .text.trim     0x08108808       0x20 ./Core/Src/mongoose.o
 .text.mg_uecc_vli_clear
                0x08108828        0xc ./Core/Src/mongoose.o
 .text.mg_uecc_vli_isZero
                0x08108834       0x1e ./Core/Src/mongoose.o
 .text.mg_uecc_vli_testBit
                0x08108852       0x12 ./Core/Src/mongoose.o
 .text.mg_uecc_vli_numBits
                0x08108864       0x40 ./Core/Src/mongoose.o
 .text.mg_uecc_vli_set
                0x081088a4       0x18 ./Core/Src/mongoose.o
 .text.mg_uecc_vli_cmp_unsafe
                0x081088bc       0x2a ./Core/Src/mongoose.o
 .text.mg_uecc_vli_rshift1
                0x081088e6       0x1a ./Core/Src/mongoose.o
 .text.mg_uecc_vli_add
                0x08108900       0x2e ./Core/Src/mongoose.o
 .text.mg_uecc_vli_sub
                0x0810892e       0x30 ./Core/Src/mongoose.o
 .text.mg_uecc_vli_cmp
                0x0810895e       0x32 ./Core/Src/mongoose.o
 .text.mg_uecc_vli_modAdd
                0x08108990       0x32 ./Core/Src/mongoose.o
 *fill*         0x081089c2        0x2 
 .text.vli_mmod_fast_secp256r1
                0x081089c4      0x184 ./Core/Src/mongoose.o
 .text.regularize_k
                0x08108b48       0x58 ./Core/Src/mongoose.o
 .text.mg_uecc_generate_random_int
                0x08108ba0       0x74 ./Core/Src/mongoose.o
 .text.mg_uecc_vli_nativeToBytes
                0x08108c14       0x24 ./Core/Src/mongoose.o
 .text.mg_uecc_vli_bytesToNative
                0x08108c38       0x3a ./Core/Src/mongoose.o
 .text.bits2int
                0x08108c72       0x8a ./Core/Src/mongoose.o
 .text.HMAC_init
                0x08108cfc       0x42 ./Core/Src/mongoose.o
 .text.HMAC_update
                0x08108d3e        0x4 ./Core/Src/mongoose.o
 .text.HMAC_finish
                0x08108d42       0x5e ./Core/Src/mongoose.o
 .text.update_V
                0x08108da0       0x24 ./Core/Src/mongoose.o
 .text.propagate
                0x08108dc4       0x2e ./Core/Src/mongoose.o
 .text.add      0x08108df2       0x30 ./Core/Src/mongoose.o
 .text.sub      0x08108e22       0x38 ./Core/Src/mongoose.o
 .text.mul      0x08108e5a       0x9a ./Core/Src/mongoose.o
 .text.mul1     0x08108ef4        0x8 ./Core/Src/mongoose.o
 .text.condswap
                0x08108efc       0x2c ./Core/Src/mongoose.o
 .text.eth_read_phy
                0x08108f28       0x30 ./Core/Src/mongoose.o
 .text.eth_write_phy
                0x08108f58       0x30 ./Core/Src/mongoose.o
 .text.mg_free  0x08108f88        0x8 ./Core/Src/mongoose.o
 .text.packed_close
                0x08108f90        0x8 ./Core/Src/mongoose.o
 .text.mg_l2_eth_mapip
                0x08108f98       0x54 ./Core/Src/mongoose.o
                0x08108f98                mg_l2_eth_mapip
 .text.mg_l2_ppp_mapip
                0x08108fec        0x4 ./Core/Src/mongoose.o
                0x08108fec                mg_l2_ppp_mapip
 .text.urlparse
                0x08108ff0       0xe2 ./Core/Src/mongoose.o
 .text.mg_dns_parse_name_depth
                0x081090d2       0xc6 ./Core/Src/mongoose.o
 .text.mg_dns_parse_name
                0x08109198       0x14 ./Core/Src/mongoose.o
 .text.packed_read
                0x081091ac       0x28 ./Core/Src/mongoose.o
 .text.mg_l2_eth_header
                0x081091d4       0x50 ./Core/Src/mongoose.o
                0x081091d4                mg_l2_eth_header
 .text.mg_l2_pppoe_header
                0x08109224       0x38 ./Core/Src/mongoose.o
                0x08109224                mg_l2_pppoe_header
 .text.mg_calloc
                0x0810925c       0x26 ./Core/Src/mongoose.o
 .text.packed_open
                0x08109282       0x2e ./Core/Src/mongoose.o
 .text.more_comps
                0x081092b0       0x5c ./Core/Src/mongoose.o
 .text.mg_pfn_stdout
                0x0810930c        0x4 ./Core/Src/mongoose.o
                0x0810930c                mg_pfn_stdout
 .text.alloc    0x08109310       0x4e ./Core/Src/mongoose.o
 .text.bi_import
                0x0810935e       0x58 ./Core/Src/mongoose.o
 .text.bi_clone
                0x081093b6       0x20 ./Core/Src/mongoose.o
 *fill*         0x081093d6        0x2 
 .text.bi_initialize
                0x081093d8       0x34 ./Core/Src/mongoose.o
 .text.addexp   0x0810940c       0x5a ./Core/Src/mongoose.o
 .text.mg_ncasecmp.part.0
                0x08109466       0x36 ./Core/Src/mongoose.o
 .text.mg_uecc_vli_modSub
                0x0810949c       0x24 ./Core/Src/mongoose.o
 .text.vli_modInv_update
                0x081094c0       0x38 ./Core/Src/mongoose.o
 .text.mg_uecc_vli_modInv
                0x081094f8      0x10a ./Core/Src/mongoose.o
 .text.is_dir_prefix
                0x08109602       0x3e ./Core/Src/mongoose.o
 .text.packed_stat
                0x08109640       0x4c ./Core/Src/mongoose.o
 .text.mg_queue_read_len
                0x0810968c       0x38 ./Core/Src/mongoose.o
 .text.bi_free  0x081096c4       0x34 ./Core/Src/mongoose.o
 .text.bi_int_multiply
                0x081096f8       0x7a ./Core/Src/mongoose.o
 .text.bi_subtract
                0x08109772       0x64 ./Core/Src/mongoose.o
 .text.bi_add   0x081097d6       0x72 ./Core/Src/mongoose.o
 .text.bi_export
                0x08109848       0x68 ./Core/Src/mongoose.o
 .text.chacha20_xor_stream.constprop.0
                0x081098b0      0x120 ./Core/Src/mongoose.o
 .text.mg_print_esc
                0x081099d0       0x84 ./Core/Src/mongoose.o
                0x081099d0                mg_print_esc
 .text.mg_der_find_oid.constprop.0
                0x08109a54       0x68 ./Core/Src/mongoose.o
 .text.bi_multiply
                0x08109abc       0x9e ./Core/Src/mongoose.o
 .text.mg_pfn_iobuf_noresize
                0x08109b5a       0x2a ./Core/Src/mongoose.o
                0x08109b5a                mg_pfn_iobuf_noresize
 .text.p_mkdir  0x08109b84        0x4 ./Core/Src/mongoose.o
 .text.p_read   0x08109b88        0x4 ./Core/Src/mongoose.o
 .text.exp_bit_is_one.isra.0
                0x08109b8c       0x38 ./Core/Src/mongoose.o
 .text.gcm_finish.isra.0
                0x08109bc4       0xbc ./Core/Src/mongoose.o
 .text.gcm_update.isra.0
                0x08109c80       0xc6 ./Core/Src/mongoose.o
 .text.gcm_start.isra.0
                0x08109d46      0x136 ./Core/Src/mongoose.o
 .text.gcm_setkey.isra.0
                0x08109e7c      0x300 ./Core/Src/mongoose.o
 .text.getpeer.isra.0
                0x0810a17c       0x72 ./Core/Src/mongoose.o
 .text.p_write  0x0810a1ee        0x4 ./Core/Src/mongoose.o
 .text.p_rename
                0x0810a1f2        0x4 ./Core/Src/mongoose.o
 .text.packed_mkdir
                0x0810a1f6        0x4 ./Core/Src/mongoose.o
 .text.p_remove
                0x0810a1fa        0x4 ./Core/Src/mongoose.o
 .text.p_close  0x0810a1fe        0x2 ./Core/Src/mongoose.o
 .text.mg_uecc_vli_mult
                0x0810a200       0xd8 ./Core/Src/mongoose.o
 .text.mg_uecc_vli_modMult
                0x0810a2d8      0x148 ./Core/Src/mongoose.o
 .text.mg_uecc_vli_modMult_fast
                0x0810a420       0x20 ./Core/Src/mongoose.o
 .text.mg_uecc_vli_modSquare_fast
                0x0810a440        0x8 ./Core/Src/mongoose.o
 .text.double_jacobian_default
                0x0810a448      0x152 ./Core/Src/mongoose.o
 .text.x_side_default
                0x0810a59a       0x5e ./Core/Src/mongoose.o
 .text.mod_sqrt_default
                0x0810a5f8       0x74 ./Core/Src/mongoose.o
 .text.apply_z  0x0810a66c       0x3e ./Core/Src/mongoose.o
 .text.XYcZ_add
                0x0810a6aa       0xd8 ./Core/Src/mongoose.o
 .text.XYcZ_addC
                0x0810a782      0x126 ./Core/Src/mongoose.o
 .text.EccPoint_mult
                0x0810a8a8      0x190 ./Core/Src/mongoose.o
 .text.mg_uecc_sign_with_k_internal
                0x0810aa38      0x194 ./Core/Src/mongoose.o
 .text.get_props_size
                0x0810abcc       0x1a ./Core/Src/mongoose.o
 .text.mg_l2_ppp_header
                0x0810abe6       0x22 ./Core/Src/mongoose.o
                0x0810abe6                mg_l2_ppp_header
 .text.mg_pass_string
                0x0810ac08       0x54 ./Core/Src/mongoose.o
 .text.bi_terminate
                0x0810ac5c       0x4c ./Core/Src/mongoose.o
 .text.bi_free_mod
                0x0810aca8       0x38 ./Core/Src/mongoose.o
 .text.bi_set_mod
                0x0810ace0       0x54 ./Core/Src/mongoose.o
 .text.bi_divide.constprop.0
                0x0810ad34      0x280 ./Core/Src/mongoose.o
 .text.bi_mod_power
                0x0810afb4      0x178 ./Core/Src/mongoose.o
 .text.poly1305_finish
                0x0810b12c      0x184 ./Core/Src/mongoose.o
 .text.poly1305_calculate_mac
                0x0810b2b0      0x170 ./Core/Src/mongoose.o
 .text.pcsum    0x0810b420       0x48 ./Core/Src/mongoose.o
 .text.ppp_tx_frame_header
                0x0810b468       0x4c ./Core/Src/mongoose.o
 .text.mg_base64_decode
                0x0810b4b4       0xac ./Core/Src/mongoose.o
                0x0810b4b4                mg_base64_decode
 .text.mg_resolve_cancel
                0x0810b560       0x64 ./Core/Src/mongoose.o
                0x0810b560                mg_resolve_cancel
 .text.mg_dns_parse_rr
                0x0810b5c4       0x86 ./Core/Src/mongoose.o
                0x0810b5c4                mg_dns_parse_rr
 .text.mg_call  0x0810b64a       0x24 ./Core/Src/mongoose.o
                0x0810b64a                mg_call
 .text.mg_fs_open
                0x0810b66e       0x2e ./Core/Src/mongoose.o
                0x0810b66e                mg_fs_open
 .text.mg_fs_close
                0x0810b69c       0x1a ./Core/Src/mongoose.o
                0x0810b69c                mg_fs_close
 *fill*         0x0810b6b6        0x2 
 .text.mg_to_size_t
                0x0810b6b8       0x80 ./Core/Src/mongoose.o
                0x0810b6b8                mg_to_size_t
 .text.mg_http_get_request_len
                0x0810b738       0x4c ./Core/Src/mongoose.o
                0x0810b738                mg_http_get_request_len
 .text.mg_http_get_header
                0x0810b784       0x40 ./Core/Src/mongoose.o
                0x0810b784                mg_http_get_header
 .text.mg_http_get_header_var
                0x0810b7c4       0xc4 ./Core/Src/mongoose.o
                0x0810b7c4                mg_http_get_header_var
 .text.mg_http_status
                0x0810b888        0x6 ./Core/Src/mongoose.o
                0x0810b888                mg_http_status
 *fill*         0x0810b88e        0x2 
 .text.mg_json_get
                0x0810b890      0x344 ./Core/Src/mongoose.o
                0x0810b890                mg_json_get
 .text.mg_json_next
                0x0810bbd4      0x124 ./Core/Src/mongoose.o
                0x0810bbd4                mg_json_next
 .text.mg_json_get_tok
                0x0810bcf8       0x34 ./Core/Src/mongoose.o
                0x0810bcf8                mg_json_get_tok
 .text.mg_json_get_num
                0x0810bd2c       0x40 ./Core/Src/mongoose.o
                0x0810bd2c                mg_json_get_num
 .text.mg_json_get_bool
                0x0810bd6c       0x3a ./Core/Src/mongoose.o
                0x0810bd6c                mg_json_get_bool
 .text.mg_json_get_long
                0x0810bda6       0x2a ./Core/Src/mongoose.o
                0x0810bda6                mg_json_get_long
 .text.mg_l2_init
                0x0810bdd0       0x10 ./Core/Src/mongoose.o
                0x0810bdd0                mg_l2_init
 .text.mg_l2_poll
                0x0810bde0       0x10 ./Core/Src/mongoose.o
                0x0810bde0                mg_l2_poll
 .text.mg_l2_header
                0x0810bdf0       0x18 ./Core/Src/mongoose.o
                0x0810bdf0                mg_l2_header
 .text.tx_ip    0x0810be08       0x4e ./Core/Src/mongoose.o
 *fill*         0x0810be56        0x2 
 .text.mg_l2_trailer
                0x0810be58       0x18 ./Core/Src/mongoose.o
                0x0810be58                mg_l2_trailer
 .text.mg_l2_rx
                0x0810be70       0x18 ./Core/Src/mongoose.o
                0x0810be70                mg_l2_rx
 .text.mg_l2_getaddr
                0x0810be88       0x10 ./Core/Src/mongoose.o
                0x0810be88                mg_l2_getaddr
 .text.mg_l2_mapip
                0x0810be98       0x18 ./Core/Src/mongoose.o
                0x0810be98                mg_l2_mapip
 .text.tcpip_mapip
                0x0810beb0       0x3c ./Core/Src/mongoose.o
 .text.mg_l2_driver_output
                0x0810beec       0x20 ./Core/Src/mongoose.o
                0x0810beec                mg_l2_driver_output
 .text.tx_udp   0x0810bf0c       0x7e ./Core/Src/mongoose.o
 .text.udp_send
                0x0810bf8a       0x3a ./Core/Src/mongoose.o
 .text.tx_dhcp.constprop.0
                0x0810bfc4       0x98 ./Core/Src/mongoose.o
 .text.pppoe_tx_frame.constprop.0.isra.0
                0x0810c05c       0x52 ./Core/Src/mongoose.o
 .text.ppp_tx_frame_trailer.isra.0
                0x0810c0ae       0x22 ./Core/Src/mongoose.o
 .text.ppp_tx_frame.isra.0
                0x0810c0d0       0x24 ./Core/Src/mongoose.o
 .text.mg_hexdump
                0x0810c0f4      0x118 ./Core/Src/mongoose.o
                0x0810c0f4                mg_hexdump
 .text.mg_mqtt_parse
                0x0810c20c      0x102 ./Core/Src/mongoose.o
                0x0810c20c                mg_mqtt_parse
 .text.mg_alloc_conn
                0x0810c30e       0x26 ./Core/Src/mongoose.o
                0x0810c30e                mg_alloc_conn
 .text.mg_timer_add
                0x0810c334       0x36 ./Core/Src/mongoose.o
                0x0810c334                mg_timer_add
 .text.mg_tcpip_arp_request
                0x0810c36a       0x86 ./Core/Src/mongoose.o
                0x0810c36a                mg_tcpip_arp_request
 .text.mg_tcpip_mapip
                0x0810c3f0       0x1c ./Core/Src/mongoose.o
                0x0810c3f0                mg_tcpip_mapip
 .text.mg_multicast_restore
                0x0810c40c       0x20 ./Core/Src/mongoose.o
                0x0810c40c                mg_multicast_restore
 .text.mg_snprintf
                0x0810c42c       0x1c ./Core/Src/mongoose.o
                0x0810c42c                mg_snprintf
 .text.packed_list
                0x0810c448       0x9c ./Core/Src/mongoose.o
 .text.mg_http_etag
                0x0810c4e4       0x24 ./Core/Src/mongoose.o
                0x0810c4e4                mg_http_etag
 .text.mg_log_prefix
                0x0810c508       0x6c ./Core/Src/mongoose.o
                0x0810c508                mg_log_prefix
 *fill*         0x0810c574        0x4 
 .text.mg_dtoa.constprop.0
                0x0810c578      0x2bc ./Core/Src/mongoose.o
 .text.mg_vxprintf
                0x0810c834      0x3f0 ./Core/Src/mongoose.o
                0x0810c834                mg_vxprintf
 .text.mg_xprintf
                0x0810cc24       0x1c ./Core/Src/mongoose.o
                0x0810cc24                mg_xprintf
 .text.mg_print_ip4
                0x0810cc40       0x28 ./Core/Src/mongoose.o
                0x0810cc40                mg_print_ip4
 .text.mg_print_mac
                0x0810cc68       0x30 ./Core/Src/mongoose.o
                0x0810cc68                mg_print_mac
 .text.print_ip6
                0x0810cc98       0x50 ./Core/Src/mongoose.o
 .text.mg_print_ip_port
                0x0810cce8       0x28 ./Core/Src/mongoose.o
                0x0810cce8                mg_print_ip_port
 .text.mg_print_ip
                0x0810cd10       0x34 ./Core/Src/mongoose.o
                0x0810cd10                mg_print_ip
 .text.mg_log   0x0810cd44       0x38 ./Core/Src/mongoose.o
                0x0810cd44                mg_log
 .text.mg_ota_flash_begin
                0x0810cd7c       0xc4 ./Core/Src/mongoose.o
                0x0810cd7c                mg_ota_flash_begin
 .text.mg_ota_begin
                0x0810ce40       0x4c ./Core/Src/mongoose.o
                0x0810ce40                mg_ota_begin
 .text.mg_l2_eth_init
                0x0810ce8c       0x70 ./Core/Src/mongoose.o
                0x0810ce8c                mg_l2_eth_init
 .text.mg_l2_pppoe_init
                0x0810cefc       0x14 ./Core/Src/mongoose.o
                0x0810cefc                mg_l2_pppoe_init
 .text.trim_len
                0x0810cf10       0xc8 ./Core/Src/mongoose.o
 .text.settmout
                0x0810cfd8       0x80 ./Core/Src/mongoose.o
 .text.mg_tcpip_init
                0x0810d058       0xfc ./Core/Src/mongoose.o
                0x0810d058                mg_tcpip_init
 .text.get_return_l2addr
                0x0810d154       0x88 ./Core/Src/mongoose.o
 .text.handle_opt
                0x0810d1dc       0xa0 ./Core/Src/mongoose.o
 .text.mg_tls_hexdump
                0x0810d27c       0x44 ./Core/Src/mongoose.o
 .text.mg_rsa_parse_der_int
                0x0810d2c0      0x178 ./Core/Src/mongoose.o
 .text.mg_rsa_parse_key
                0x0810d438      0x50c ./Core/Src/mongoose.o
 .text.mg_tcpip_driver_stm32f_tx
                0x0810d944       0xcc ./Core/Src/mongoose.o
 .text.mg_der_debug_cert_name
                0x0810da10       0xc4 ./Core/Src/mongoose.o
 .text.mg_dns_parse
                0x0810dad4      0x168 ./Core/Src/mongoose.o
                0x0810dad4                mg_dns_parse
 .text.mg_l2_pppoe_poll
                0x0810dc3c       0x88 ./Core/Src/mongoose.o
                0x0810dc3c                mg_l2_pppoe_poll
 .text.onstatechange
                0x0810dcc4      0x10c ./Core/Src/mongoose.o
 .text.tx_tcp   0x0810ddd0      0x124 ./Core/Src/mongoose.o
 .text.mg_mgr_init
                0x0810def4       0xbc ./Core/Src/mongoose.o
                0x0810def4                mg_mgr_init
 .text.ppp_rx.constprop.0
                0x0810dfb0      0x424 ./Core/Src/mongoose.o
 .text.mg_l2_ppp_rx
                0x0810e3d4       0x2e ./Core/Src/mongoose.o
                0x0810e3d4                mg_l2_ppp_rx
 *fill*         0x0810e402        0x2 
 .text.mg_vsnprintf
                0x0810e404       0x28 ./Core/Src/mongoose.o
                0x0810e404                mg_vsnprintf
 .text.mg_error
                0x0810e42c       0x6c ./Core/Src/mongoose.o
                0x0810e42c                mg_error
 .text.mg_vprintf
                0x0810e498       0x34 ./Core/Src/mongoose.o
                0x0810e498                mg_vprintf
 .text.mg_printf
                0x0810e4cc       0x1c ./Core/Src/mongoose.o
                0x0810e4cc                mg_printf
 .text.mg_http_reply
                0x0810e4e8       0x90 ./Core/Src/mongoose.o
                0x0810e4e8                mg_http_reply
 .text.mg_vmprintf
                0x0810e578       0x28 ./Core/Src/mongoose.o
                0x0810e578                mg_vmprintf
 .text.mg_mprintf
                0x0810e5a0       0x1c ./Core/Src/mongoose.o
                0x0810e5a0                mg_mprintf
 .text.mg_queue_book
                0x0810e5bc       0x5e ./Core/Src/mongoose.o
                0x0810e5bc                mg_queue_book
 *fill*         0x0810e61a        0x2 
 .text.mg_queue_next
                0x0810e61c       0x5c ./Core/Src/mongoose.o
                0x0810e61c                mg_queue_next
 .text.mg_queue_add
                0x0810e678       0x4c ./Core/Src/mongoose.o
                0x0810e678                mg_queue_add
 .text.mg_tcpip_qwrite
                0x0810e6c4       0x4c ./Core/Src/mongoose.o
                0x0810e6c4                mg_tcpip_qwrite
 .text.mg_queue_del
                0x0810e710       0x30 ./Core/Src/mongoose.o
                0x0810e710                mg_queue_del
 .text.init_SHA256
                0x0810e740        0x6 ./Core/Src/mongoose.o
 .text.update_SHA256
                0x0810e746        0x6 ./Core/Src/mongoose.o
 .text.finish_SHA256
                0x0810e74c        0xc ./Core/Src/mongoose.o
 .text.mg_tls_calc_cert_verify_hash.isra.0
                0x0810e758       0x98 ./Core/Src/mongoose.o
 .text.mg_sha384_init
                0x0810e7f0       0xa8 ./Core/Src/mongoose.o
                0x0810e7f0                mg_sha384_init
 .text.mg_sha384_update
                0x0810e898       0x64 ./Core/Src/mongoose.o
                0x0810e898                mg_sha384_update
 .text.mg_sha384_final
                0x0810e8fc      0x106 ./Core/Src/mongoose.o
                0x0810e8fc                mg_sha384_final
 .text.mg_sha384
                0x0810ea02       0x20 ./Core/Src/mongoose.o
                0x0810ea02                mg_sha384
 *fill*         0x0810ea22        0x2 
 .text.mg_tls_parse_cert_der
                0x0810ea24      0x564 ./Core/Src/mongoose.o
 .text.mg_now   0x0810ef88       0x18 ./Core/Src/mongoose.o
                0x0810ef88                mg_now
 .text.mg_http_serve_ssi
                0x0810efa0       0x10 ./Core/Src/mongoose.o
                0x0810efa0                mg_http_serve_ssi
 .text.mg_str_s
                0x0810efb0       0x16 ./Core/Src/mongoose.o
                0x0810efb0                mg_str_s
 .text.mg_str_n
                0x0810efc6        0x6 ./Core/Src/mongoose.o
                0x0810efc6                mg_str_n
 .text.mg_strdup
                0x0810efcc       0x3a ./Core/Src/mongoose.o
                0x0810efcc                mg_strdup
 .text.mg_strcmp
                0x0810f006       0x48 ./Core/Src/mongoose.o
                0x0810f006                mg_strcmp
 .text.mg_strcasecmp
                0x0810f04e       0x66 ./Core/Src/mongoose.o
                0x0810f04e                mg_strcasecmp
 .text.mg_http_parse
                0x0810f0b4      0x380 ./Core/Src/mongoose.o
                0x0810f0b4                mg_http_parse
 .text.mg_match
                0x0810f434      0x100 ./Core/Src/mongoose.o
                0x0810f434                mg_match
 .text.mg_parse_pem
                0x0810f534       0xc0 ./Core/Src/mongoose.o
 .text.mg_span  0x0810f5f4       0x4a ./Core/Src/mongoose.o
                0x0810f5f4                mg_span
 .text.mg_http_var
                0x0810f63e       0x68 ./Core/Src/mongoose.o
                0x0810f63e                mg_http_var
 *fill*         0x0810f6a6        0x2 
 .text.guess_content_type
                0x0810f6a8       0xf4 ./Core/Src/mongoose.o
 .text.mg_http_serve_file
                0x0810f79c      0x31c ./Core/Src/mongoose.o
                0x0810f79c                mg_http_serve_file
 .text.mg_str_to_num
                0x0810fab8      0x1e8 ./Core/Src/mongoose.o
                0x0810fab8                mg_str_to_num
 .text.mg_url_decode
                0x0810fca0       0x9c ./Core/Src/mongoose.o
                0x0810fca0                mg_url_decode
 .text.mg_http_get_var
                0x0810fd3c       0x62 ./Core/Src/mongoose.o
                0x0810fd3c                mg_http_get_var
 *fill*         0x0810fd9e        0x2 
 .text.mg_http_creds
                0x0810fda0      0x104 ./Core/Src/mongoose.o
                0x0810fda0                mg_http_creds
 .text.skip_chunk
                0x0810fea4       0x96 ./Core/Src/mongoose.o
 *fill*         0x0810ff3a        0x2 
 .text.mg_json_unescape
                0x0810ff3c       0xdc ./Core/Src/mongoose.o
                0x0810ff3c                mg_json_unescape
 .text.mg_json_get_str
                0x08110018       0x56 ./Core/Src/mongoose.o
                0x08110018                mg_json_get_str
 *fill*         0x0811006e        0x2 
 .text.mg_aton  0x08110070      0x1c8 ./Core/Src/mongoose.o
                0x08110070                mg_aton
 .text.mg_timer_free
                0x08110238       0x14 ./Core/Src/mongoose.o
                0x08110238                mg_timer_free
 .text.mg_timer_expired
                0x0811024c       0x4e ./Core/Src/mongoose.o
                0x0811024c                mg_timer_expired
 .text.mg_timer_poll
                0x0811029a       0x74 ./Core/Src/mongoose.o
                0x0811029a                mg_timer_poll
 .text.mg_tls_pending
                0x0811030e        0xa ./Core/Src/mongoose.o
                0x0811030e                mg_tls_pending
 .text.mg_uecc_sign_deterministic
                0x08110318      0x198 ./Core/Src/mongoose.o
                0x08110318                mg_uecc_sign_deterministic
 .text.mg_uecc_verify
                0x081104b0      0x2d2 ./Core/Src/mongoose.o
                0x081104b0                mg_uecc_verify
 *fill*         0x08110782        0x2 
 .text.mg_tls_verify_cert_signature
                0x08110784      0x19c ./Core/Src/mongoose.o
 .text.mg_url_is_ssl
                0x08110920       0x6c ./Core/Src/mongoose.o
                0x08110920                mg_url_is_ssl
 .text.mg_url_host
                0x0811098c       0x30 ./Core/Src/mongoose.o
                0x0811098c                mg_url_host
 .text.mg_url_port
                0x081109bc       0xac ./Core/Src/mongoose.o
                0x081109bc                mg_url_port
 .text.mg_open_listener
                0x08110a68       0x60 ./Core/Src/mongoose.o
                0x08110a68                mg_open_listener
 .text.mg_listen
                0x08110ac8       0xfc ./Core/Src/mongoose.o
                0x08110ac8                mg_listen
 .text.mg_http_listen
                0x08110bc4       0x14 ./Core/Src/mongoose.o
                0x08110bc4                mg_http_listen
 .text.mg_mqtt_listen
                0x08110bd8       0x18 ./Core/Src/mongoose.o
                0x08110bd8                mg_mqtt_listen
 .text.mg_bzero
                0x08110bf0       0x12 ./Core/Src/mongoose.o
                0x08110bf0                mg_bzero
 *fill*         0x08110c02        0x2 
 .text.mg_iobuf_resize
                0x08110c04       0xa4 ./Core/Src/mongoose.o
                0x08110c04                mg_iobuf_resize
 .text.static_cb
                0x08110ca8       0xa0 ./Core/Src/mongoose.o
 .text.mg_iobuf_add
                0x08110d48       0x6a ./Core/Src/mongoose.o
                0x08110d48                mg_iobuf_add
 *fill*         0x08110db2        0x2 
 .text.mg_send  0x08110db4       0x9c ./Core/Src/mongoose.o
                0x08110db4                mg_send
 .text.mg_http_printf_chunk
                0x08110e50       0x98 ./Core/Src/mongoose.o
                0x08110e50                mg_http_printf_chunk
 .text.mg_http_write_chunk
                0x08110ee8       0x50 ./Core/Src/mongoose.o
                0x08110ee8                mg_http_write_chunk
 .text.mqtt_send_header
                0x08110f38       0x3e ./Core/Src/mongoose.o
 *fill*         0x08110f76        0x2 
 .text.mg_mqtt_send_header
                0x08110f78       0x1c ./Core/Src/mongoose.o
                0x08110f78                mg_mqtt_send_header
 .text.mg_mqtt_ping
                0x08110f94        0xa ./Core/Src/mongoose.o
                0x08110f94                mg_mqtt_ping
 .text.mg_mqtt_pong
                0x08110f9e        0xa ./Core/Src/mongoose.o
                0x08110f9e                mg_mqtt_pong
 .text.mg_send_u16
                0x08110fa8       0x16 ./Core/Src/mongoose.o
 *fill*         0x08110fbe        0x2 
 .text.mg_dns_send
                0x08110fc0       0x98 ./Core/Src/mongoose.o
 .text.mg_iobuf_free
                0x08111058        0x6 ./Core/Src/mongoose.o
                0x08111058                mg_iobuf_free
 .text.mg_tls_free
                0x0811105e       0x56 ./Core/Src/mongoose.o
                0x0811105e                mg_tls_free
 .text.mg_tls_encrypt
                0x081110b4      0x17c ./Core/Src/mongoose.o
 .text.mg_tls_client_send_finish
                0x08111230       0x60 ./Core/Src/mongoose.o
 .text.mg_pfn_iobuf
                0x08111290       0x3e ./Core/Src/mongoose.o
                0x08111290                mg_pfn_iobuf
 .text.mg_iobuf_del
                0x081112ce       0x44 ./Core/Src/mongoose.o
                0x081112ce                mg_iobuf_del
 *fill*         0x08111312        0x2 
 .text.http_cb.part.0
                0x08111314      0x328 ./Core/Src/mongoose.o
 .text.http_cb  0x0811163c       0x2c ./Core/Src/mongoose.o
 .text.mg_tls_drop_record
                0x08111668       0x14 ./Core/Src/mongoose.o
 .text.mg_tls_recv_record
                0x0811167c      0x1dc ./Core/Src/mongoose.o
 .text.mg_tls_drop_message
                0x08111858       0x5c ./Core/Src/mongoose.o
 .text.mg_tls_recv_cert
                0x081118b4      0x458 ./Core/Src/mongoose.o
 .text.mg_tls_recv_cert_verify
                0x08111d0c      0x26c ./Core/Src/mongoose.o
 .text.mg_tls_recv
                0x08111f78       0x6a ./Core/Src/mongoose.o
                0x08111f78                mg_tls_recv
 *fill*         0x08111fe2        0x2 
 .text.handle_tls_recv
                0x08111fe4       0x78 ./Core/Src/mongoose.o
 .text.mqtt_cb  0x0811205c      0x21c ./Core/Src/mongoose.o
 .text.mg_close_conn
                0x08112278       0x9c ./Core/Src/mongoose.o
                0x08112278                mg_close_conn
 .text.mg_random_str
                0x08112314       0x4a ./Core/Src/mongoose.o
                0x08112314                mg_random_str
 *fill*         0x0811235e        0x2 
 .text.mg_crc32
                0x08112360       0x3c ./Core/Src/mongoose.o
                0x08112360                mg_crc32
 .text.mg_ota_flash_write
                0x0811239c      0x224 ./Core/Src/mongoose.o
                0x0811239c                mg_ota_flash_write
 .text.mg_ota_write
                0x081125c0        0xc ./Core/Src/mongoose.o
                0x081125c0                mg_ota_write
 .text.mg_ota_flash_end
                0x081125cc      0x1c0 ./Core/Src/mongoose.o
                0x081125cc                mg_ota_flash_end
 .text.mg_ota_end
                0x0811278c       0x40 ./Core/Src/mongoose.o
                0x0811278c                mg_ota_end
 .text.mg_l2_eth_rx
                0x081127cc      0x110 ./Core/Src/mongoose.o
                0x081127cc                mg_l2_eth_rx
 .text.mg_l2_pppoe_rx
                0x081128dc      0x1bc ./Core/Src/mongoose.o
                0x081128dc                mg_l2_pppoe_rx
 .text.mg_path_is_sane
                0x08112a98       0x4a ./Core/Src/mongoose.o
                0x08112a98                mg_path_is_sane
 *fill*         0x08112ae2        0x2 
 .text.mg_http_serve_dir
                0x08112ae4      0x2dc ./Core/Src/mongoose.o
                0x08112ae4                mg_http_serve_dir
 .text.mg_ntohs
                0x08112dc0        0x6 ./Core/Src/mongoose.o
                0x08112dc0                mg_ntohs
 .text.mg_ntohl
                0x08112dc6        0x4 ./Core/Src/mongoose.o
                0x08112dc6                mg_ntohl
 .text.mg_send_mqtt_properties
                0x08112dca      0x106 ./Core/Src/mongoose.o
 .text.mg_mqtt_login
                0x08112ed0      0x214 ./Core/Src/mongoose.o
                0x08112ed0                mg_mqtt_login
 .text.mg_mqtt_pub
                0x081130e4      0x130 ./Core/Src/mongoose.o
                0x081130e4                mg_mqtt_pub
 .text.mg_mqtt_sub_unsub
                0x08113214       0xb8 ./Core/Src/mongoose.o
 .text.mg_mqtt_sub
                0x081132cc        0x6 ./Core/Src/mongoose.o
                0x081132cc                mg_mqtt_sub
 .text.mg_io_send
                0x081132d2       0x98 ./Core/Src/mongoose.o
                0x081132d2                mg_io_send
 *fill*         0x0811336a        0x2 
 .text.mg_tls_send
                0x0811336c       0xd8 ./Core/Src/mongoose.o
                0x0811336c                mg_tls_send
 .text.mg_tls_flush
                0x08113444       0x26 ./Core/Src/mongoose.o
                0x08113444                mg_tls_flush
 .text.l2addr_resolved
                0x0811346a       0x62 ./Core/Src/mongoose.o
 .text.mg_connect_resolved
                0x081134cc      0x148 ./Core/Src/mongoose.o
                0x081134cc                mg_connect_resolved
 .text.dns_cb   0x08113614      0x1a0 ./Core/Src/mongoose.o
 .text.mg_resolve
                0x081137b4      0x1f0 ./Core/Src/mongoose.o
                0x081137b4                mg_resolve
 .text.mg_connect_svc
                0x081139a4      0x138 ./Core/Src/mongoose.o
                0x081139a4                mg_connect_svc
 .text.mg_mqtt_connect
                0x08113adc       0x40 ./Core/Src/mongoose.o
                0x08113adc                mg_mqtt_connect
 .text.mg_connect
                0x08113b1c       0x10 ./Core/Src/mongoose.o
                0x08113b1c                mg_connect
 .text.mg_dnsc_init
                0x08113b2c       0x3c ./Core/Src/mongoose.o
                0x08113b2c                mg_dnsc_init
 .text.mg_sntp_connect
                0x08113b68       0x24 ./Core/Src/mongoose.o
                0x08113b68                mg_sntp_connect
 .text.tx_tcp_ctrlresp
                0x08113b8c       0xd6 ./Core/Src/mongoose.o
 .text.tx_tcp_rst.isra.0
                0x08113c62       0x12 ./Core/Src/mongoose.o
 *fill*         0x08113c74        0x4 
 .text.gettimestamp
                0x08113c78       0x60 ./Core/Src/mongoose.o
 .text.mg_sntp_parse
                0x08113cd8      0x124 ./Core/Src/mongoose.o
                0x08113cd8                mg_sntp_parse
 *fill*         0x08113dfc        0x4 
 .text.mg_sntp_request
                0x08113e00       0xc4 ./Core/Src/mongoose.o
                0x08113e00                mg_sntp_request
 .text.sntp_cb  0x08113ec4       0xbc ./Core/Src/mongoose.o
 .text.mg_tcpip_rx
                0x08113f80     0x1184 ./Core/Src/mongoose.o
 .text.mg_mgr_poll
                0x08115104      0x630 ./Core/Src/mongoose.o
                0x08115104                mg_mgr_poll
 .text.mg_phy_init
                0x08115734      0x1a0 ./Core/Src/mongoose.o
                0x08115734                mg_phy_init
 .text.mg_tcpip_driver_stm32f_init
                0x081158d4      0x254 ./Core/Src/mongoose.o
 .text.mg_phy_up
                0x08115b28      0x14c ./Core/Src/mongoose.o
                0x08115b28                mg_phy_up
 .text.mg_tcpip_driver_stm32f_poll
                0x08115c74      0x1c8 ./Core/Src/mongoose.o
 .text.ETH_IRQHandler
                0x08115e3c       0x90 ./Core/Src/mongoose.o
                0x08115e3c                ETH_IRQHandler
 .text.srv_client
                0x08115ecc       0x2c ./Core/Src/mqtt_server.o
 .text.srv_send_connack
                0x08115ef8       0x24 ./Core/Src/mqtt_server.o
 .text.srv_varint_end.constprop.0
                0x08115f1c       0x1e ./Core/Src/mqtt_server.o
 *fill*         0x08115f3a        0x2 
 .text.mqtt_srv_cb
                0x08115f3c      0x778 ./Core/Src/mqtt_server.o
 .text.mqtt_server_init
                0x081166b4      0x168 ./Core/Src/mqtt_server.o
                0x081166b4                mqtt_server_init
 .text.mqtt_server_poll
                0x0811681c      0x128 ./Core/Src/mqtt_server.o
                0x0811681c                mqtt_server_poll
 .text.mqtt_server_publish
                0x08116944      0x108 ./Core/Src/mqtt_server.o
                0x08116944                mqtt_server_publish
 .text.mqtt_server_client_count
                0x08116a4c        0xc ./Core/Src/mqtt_server.o
                0x08116a4c                mqtt_server_client_count
 .text.button_init
                0x08116a58       0x3c ./Core/Src/multi_button.o
                0x08116a58                button_init
 .text.button_attach
                0x08116a94        0x8 ./Core/Src/multi_button.o
                0x08116a94                button_attach
 .text.get_button_event
                0x08116a9c        0x6 ./Core/Src/multi_button.o
                0x08116a9c                get_button_event
 *fill*         0x08116aa2        0x2 
 .text.button_start
                0x08116aa4       0x24 ./Core/Src/multi_button.o
                0x08116aa4                button_start
 .text.button_ticks
                0x08116ac8      0x1b8 ./Core/Src/multi_button.o
                0x08116ac8                button_ticks
 .text.ota_session_clear
                0x08116c80       0x1c ./Core/Src/net.o
 .text.print_int_arr
                0x08116c9c       0x60 ./Core/Src/net.o
 .text.require_post_json
                0x08116cfc       0x84 ./Core/Src/net.o
 .text.mg_free  0x08116d80        0x8 ./Core/Src/net.o
 .text.ota_health_check_fn
                0x08116d88       0x48 ./Core/Src/net.o
                0x08116d88                ota_health_check_fn
 .text.ota_log_direct
                0x08116dd0       0x58 ./Core/Src/net.o
 .text.print_status
                0x08116e28       0xcc ./Core/Src/net.o
 .text.check_etag_304
                0x08116ef4       0x70 ./Core/Src/net.o
 .text.timer_fn_mqtt
                0x08116f64      0x414 ./Core/Src/net.o
                0x08116f64                timer_fn_mqtt
 .text.fn_mqtt  0x08117378      0x790 ./Core/Src/net.o
 .text.timer_sntp_fn
                0x08117b08       0x54 ./Core/Src/net.o
 .text.sfn      0x08117b5c       0x5c ./Core/Src/net.o
 .text.session_is_active
                0x08117bb8       0x28 ./Core/Src/net.o
 .text.ota_watchdog_fn
                0x08117be0       0x70 ./Core/Src/net.o
                0x08117be0                ota_watchdog_fn
 .text.handle_firmware_commit.part.0
                0x08117c50       0x14 ./Core/Src/net.o
 *fill*         0x08117c64        0x4 
 .text.fmt_float.constprop.0
                0x08117c68      0x164 ./Core/Src/net.o
 .text.mg_calloc.constprop.0
                0x08117dcc       0x18 ./Core/Src/net.o
 .text.tls_hs_track_finish.constprop.0.isra.0
                0x08117de4       0x24 ./Core/Src/net.o
 .text.ui_event_next
                0x08117e08       0xa4 ./Core/Src/net.o
                0x08117e08                ui_event_next
 .text.print_events
                0x08117eac       0xb0 ./Core/Src/net.o
 .text.authenticate
                0x08117f5c       0xc0 ./Core/Src/net.o
                0x08117f5c                authenticate
 .text.handle_login
                0x0811801c      0x1b8 ./Core/Src/net.o
                0x0811801c                handle_login
 .text.handle_logout
                0x081181d4       0x8c ./Core/Src/net.o
                0x081181d4                handle_logout
 .text.handle_debug
                0x08118260       0x44 ./Core/Src/net.o
                0x08118260                handle_debug
 .text.handle_stats_get
                0x081182a4       0x7c ./Core/Src/net.o
                0x081182a4                handle_stats_get
 .text.handle_events_get
                0x08118320       0x60 ./Core/Src/net.o
                0x08118320                handle_events_get
 .text.handle_logs_get
                0x08118380       0x9c ./Core/Src/net.o
                0x08118380                handle_logs_get
 .text.handle_settings_set
                0x0811841c       0xec ./Core/Src/net.o
                0x0811841c                handle_settings_set
 .text.handle_settings_get
                0x08118508       0x80 ./Core/Src/net.o
                0x08118508                handle_settings_get
 .text.handle_firmware_upload
                0x08118588      0x310 ./Core/Src/net.o
                0x08118588                handle_firmware_upload
 .text.handle_firmware_commit
                0x08118898       0x54 ./Core/Src/net.o
                0x08118898                handle_firmware_commit
 .text.handle_firmware_rollback
                0x081188ec       0x54 ./Core/Src/net.o
                0x081188ec                handle_firmware_rollback
 .text.handle_firmware_switch_bank
                0x08118940       0x54 ./Core/Src/net.o
                0x08118940                handle_firmware_switch_bank
 .text.handle_firmware_status
                0x08118994       0xe8 ./Core/Src/net.o
                0x08118994                handle_firmware_status
 .text.handle_device_reset
                0x08118a7c       0x40 ./Core/Src/net.o
                0x08118a7c                handle_device_reset
 .text.handle_device_eraselast
                0x08118abc       0x44 ./Core/Src/net.o
                0x08118abc                handle_device_eraselast
 .text.net_dtcm_init
                0x08118b00       0x24 ./Core/Src/net.o
                0x08118b00                net_dtcm_init
 .text.json_escape_str
                0x08118b24       0x84 ./Core/Src/net.o
                0x08118b24                json_escape_str
 .text.handle_get_pins
                0x08118ba8      0x550 ./Core/Src/net.o
 .text.handle_pid
                0x081190f8      0x1f0 ./Core/Src/net.o
 .text.build_pinact_json.part.0.constprop.0.isra.0
                0x081192e8       0xe8 ./Core/Src/net.o
 .text.handle_buttons
                0x081193d0      0x370 ./Core/Src/net.o
                0x081193d0                handle_buttons
 .text.handle_switches
                0x08119740      0x2f8 ./Core/Src/net.o
                0x08119740                handle_switches
 .text.handle_encoders
                0x08119a38      0x350 ./Core/Src/net.o
                0x08119a38                handle_encoders
 .text.fn       0x08119d88     0x2af0 ./Core/Src/net.o
                0x08119d88                fn
 .text.web_init
                0x0811c878      0x324 ./Core/Src/net.o
                0x0811c878                web_init
 .text.ONEWIRE_DELAY
                0x0811cb9c       0x2c ./Core/Src/onewire.o
                0x0811cb9c                ONEWIRE_DELAY
 .text.ONEWIRE_LOW
                0x0811cbc8        0xa ./Core/Src/onewire.o
                0x0811cbc8                ONEWIRE_LOW
 .text.ONEWIRE_INPUT
                0x0811cbd2       0x1e ./Core/Src/onewire.o
                0x0811cbd2                ONEWIRE_INPUT
 .text.ONEWIRE_OUTPUT
                0x0811cbf0       0x20 ./Core/Src/onewire.o
                0x0811cbf0                ONEWIRE_OUTPUT
 .text.OneWire_Init
                0x0811cc10       0x4c ./Core/Src/onewire.o
                0x0811cc10                OneWire_Init
 .text.OneWire_Reset
                0x0811cc5c       0x44 ./Core/Src/onewire.o
                0x0811cc5c                OneWire_Reset
 .text.OneWire_WriteBit
                0x0811cca0       0x4e ./Core/Src/onewire.o
                0x0811cca0                OneWire_WriteBit
 .text.OneWire_ReadBit
                0x0811ccee       0x40 ./Core/Src/onewire.o
                0x0811ccee                OneWire_ReadBit
 .text.OneWire_WriteByte
                0x0811cd2e       0x1e ./Core/Src/onewire.o
                0x0811cd2e                OneWire_WriteByte
 .text.OneWire_ReadByte
                0x0811cd4c       0x20 ./Core/Src/onewire.o
                0x0811cd4c                OneWire_ReadByte
 .text.OneWire_Search
                0x0811cd6c       0xb8 ./Core/Src/onewire.o
                0x0811cd6c                OneWire_Search
 .text.OneWire_First
                0x0811ce24        0xc ./Core/Src/onewire.o
                0x0811ce24                OneWire_First
 .text.OneWire_Next
                0x0811ce30        0x6 ./Core/Src/onewire.o
                0x0811ce30                OneWire_Next
 .text.OneWire_Select
                0x0811ce36       0x20 ./Core/Src/onewire.o
                0x0811ce36                OneWire_Select
 .text.OneWire_SelectWithPointer
                0x0811ce56        0x4 ./Core/Src/onewire.o
                0x0811ce56                OneWire_SelectWithPointer
 *fill*         0x0811ce5a        0x2 
 .text.OneWire_GetFullROM
                0x0811ce5c       0x5c ./Core/Src/onewire.o
                0x0811ce5c                OneWire_GetFullROM
 .text.OneWire_CRC8
                0x0811ceb8       0x32 ./Core/Src/onewire.o
                0x0811ceb8                OneWire_CRC8
 .text.zbee_sanitize_str
                0x0811ceea       0x20 ./Core/Src/setings.o
 *fill*         0x0811cf0a        0x2 
 .text.is_action_set
                0x0811cf0c       0x1c ./Core/Src/setings.o
 .text.mg_free  0x0811cf28        0x8 ./Core/Src/setings.o
 .text.writeField.constprop.0
                0x0811cf30       0x74 ./Core/Src/setings.o
 .text.SetSettingsConfig
                0x0811cfa4      0x644 ./Core/Src/setings.o
                0x0811cfa4                SetSettingsConfig
 .text.StartSettingsConfig
                0x0811d5e8      0x390 ./Core/Src/setings.o
                0x0811d5e8                StartSettingsConfig
 .text.GetSettingsConfig
                0x0811d978      0x9b4 ./Core/Src/setings.o
                0x0811d978                GetSettingsConfig
 .text.GetCronConfig
                0x0811e32c      0x274 ./Core/Src/setings.o
                0x0811e32c                GetCronConfig
 .text.SetCronConfig
                0x0811e5a0      0x120 ./Core/Src/setings.o
                0x0811e5a0                SetCronConfig
 .text.GetPinConfig
                0x0811e6c0      0xa80 ./Core/Src/setings.o
                0x0811e6c0                GetPinConfig
 .text.SetPinConfig
                0x0811f140      0x718 ./Core/Src/setings.o
                0x0811f140                SetPinConfig
 .text.GetPinToPin
                0x0811f858      0x1d0 ./Core/Src/setings.o
                0x0811f858                GetPinToPin
 .text.SetPinToPin
                0x0811fa28      0x17c ./Core/Src/setings.o
                0x0811fa28                SetPinToPin
 .text.InitPin  0x0811fba4      0x508 ./Core/Src/setings.o
                0x0811fba4                InitPin
 .text.InitMultibutton
                0x081200ac       0xc4 ./Core/Src/setings.o
                0x081200ac                InitMultibutton
 .text.ProcessKeyValuePair
                0x08120170      0x628 ./Core/Src/setings.o
                0x08120170                ProcessKeyValuePair
 .text.GetOneWireConfig
                0x08120798      0x1c8 ./Core/Src/setings.o
                0x08120798                GetOneWireConfig
 .text.SetOneWireConfig
                0x08120960      0x35c ./Core/Src/setings.o
                0x08120960                SetOneWireConfig
 .text.GetPidConfig
                0x08120cbc      0x3f0 ./Core/Src/setings.o
                0x08120cbc                GetPidConfig
 .text.SetPidConfig
                0x081210ac      0x1ac ./Core/Src/setings.o
                0x081210ac                SetPidConfig
 .text.zbee_is_valid_ieee
                0x08121258       0x32 ./Core/Src/setings.o
                0x08121258                zbee_is_valid_ieee
 .text.zbee_validate_ieee
                0x0812128a       0x3c ./Core/Src/setings.o
                0x0812128a                zbee_validate_ieee
 *fill*         0x081212c6        0x2 
 .text.GetZigbeeConfig
                0x081212c8      0x550 ./Core/Src/setings.o
                0x081212c8                GetZigbeeConfig
 .text.SetZigbeeConfig
                0x08121818      0x1ec ./Core/Src/setings.o
                0x08121818                SetZigbeeConfig
 .text.HAL_MspInit
                0x08121a04       0x3c ./Core/Src/stm32f7xx_hal_msp.o
                0x08121a04                HAL_MspInit
 .text.HAL_CRC_MspInit
                0x08121a40       0x2c ./Core/Src/stm32f7xx_hal_msp.o
                0x08121a40                HAL_CRC_MspInit
 .text.HAL_ETH_MspInit
                0x08121a6c      0x11c ./Core/Src/stm32f7xx_hal_msp.o
                0x08121a6c                HAL_ETH_MspInit
 .text.HAL_RNG_MspInit
                0x08121b88       0x4c ./Core/Src/stm32f7xx_hal_msp.o
                0x08121b88                HAL_RNG_MspInit
 .text.HAL_TIM_Base_MspInit
                0x08121bd4       0x28 ./Core/Src/stm32f7xx_hal_msp.o
                0x08121bd4                HAL_TIM_Base_MspInit
 .text.HAL_UART_MspInit
                0x08121bfc      0x124 ./Core/Src/stm32f7xx_hal_msp.o
                0x08121bfc                HAL_UART_MspInit
 .text.HAL_UART_MspDeInit
                0x08121d20       0x64 ./Core/Src/stm32f7xx_hal_msp.o
                0x08121d20                HAL_UART_MspDeInit
 .text.HAL_InitTick
                0x08121d84       0x9c ./Core/Src/stm32f7xx_hal_timebase_tim.o
                0x08121d84                HAL_InitTick
 .text.fault_putchar
                0x08121e20       0x2c ./Core/Src/stm32f7xx_it.o
 .text.fault_puts
                0x08121e4c       0x1e ./Core/Src/stm32f7xx_it.o
 *fill*         0x08121e6a        0x2 
 .text.fault_print_hex
                0x08121e6c       0x54 ./Core/Src/stm32f7xx_it.o
 .text.fault_print_reg
                0x08121ec0       0x34 ./Core/Src/stm32f7xx_it.o
 .text.fault_print_dec
                0x08121ef4       0x40 ./Core/Src/stm32f7xx_it.o
 .text.fault_addr_region
                0x08121f34       0x50 ./Core/Src/stm32f7xx_it.o
 .text.fault_report
                0x08121f84      0x590 ./Core/Src/stm32f7xx_it.o
 .text.fault_handler_c
                0x08122514       0x14 ./Core/Src/stm32f7xx_it.o
 .text.memmanage_handler_c
                0x08122528       0x14 ./Core/Src/stm32f7xx_it.o
 .text.fault_handler_asm
                0x0812253c       0x1a ./Core/Src/stm32f7xx_it.o
 .text.memmanage_handler_asm
                0x08122556       0x1a ./Core/Src/stm32f7xx_it.o
 .text.NMI_Handler
                0x08122570       0x44 ./Core/Src/stm32f7xx_it.o
                0x08122570                NMI_Handler
 .text.HardFault_Handler
                0x081225b4        0x4 ./Core/Src/stm32f7xx_it.o
                0x081225b4                HardFault_Handler
 .text.MemManage_Handler
                0x081225b8        0x4 ./Core/Src/stm32f7xx_it.o
                0x081225b8                MemManage_Handler
 .text.BusFault_Handler
                0x081225bc       0x20 ./Core/Src/stm32f7xx_it.o
                0x081225bc                BusFault_Handler
 .text.UsageFault_Handler
                0x081225dc       0x20 ./Core/Src/stm32f7xx_it.o
                0x081225dc                UsageFault_Handler
 .text.DebugMon_Handler
                0x081225fc        0x2 ./Core/Src/stm32f7xx_it.o
                0x081225fc                DebugMon_Handler
 *fill*         0x081225fe        0x2 
 .text.USART2_IRQHandler
                0x08122600       0x54 ./Core/Src/stm32f7xx_it.o
                0x08122600                USART2_IRQHandler
 .text.TIM6_DAC_IRQHandler
                0x08122654        0xc ./Core/Src/stm32f7xx_it.o
                0x08122654                TIM6_DAC_IRQHandler
 .text.OTG_FS_IRQHandler
                0x08122660        0xc ./Core/Src/stm32f7xx_it.o
                0x08122660                OTG_FS_IRQHandler
 .text._sbrk    0x0812266c       0x60 ./Core/Src/syscalls.o
                0x0812266c                _sbrk
 .text.__smakebuf_r
                0x081226cc       0x16 ./Core/Src/syscalls.o
                0x081226cc                __smakebuf_r
 .text._getpid  0x081226e2        0x4 ./Core/Src/syscalls.o
                0x081226e2                _getpid
 .text._kill    0x081226e6       0x10 ./Core/Src/syscalls.o
                0x081226e6                _kill
 .text._exit    0x081226f6        0xc ./Core/Src/syscalls.o
                0x081226f6                _exit
 .text._read    0x08122702       0x1c ./Core/Src/syscalls.o
                0x08122702                _read
 .text._write   0x0812271e       0x1c ./Core/Src/syscalls.o
                0x0812271e                _write
 .text._close   0x0812273a        0x6 ./Core/Src/syscalls.o
                0x0812273a                _close
 .text._lseek   0x08122740        0x4 ./Core/Src/syscalls.o
                0x08122740                _lseek
 .text.SystemInit
                0x08122744       0x9c ./Core/Src/system_stm32f7xx.o
                0x08122744                SystemInit
 .text.usart_ring_dtcm_init
                0x081227e0       0x1c ./Core/Src/usart_ring.o
                0x081227e0                usart_ring_dtcm_init
 .text.gsm_available
                0x081227fc       0x18 ./Core/Src/usart_ring.o
                0x081227fc                gsm_available
 .text.gsm_read
                0x08122814       0x48 ./Core/Src/usart_ring.o
                0x08122814                gsm_read
 .text.alloc_zbee_slot
                0x0812285c       0x20 ./Core/Src/zagotovka.o
 .text.zbee_probe_active_for
                0x0812287c       0x38 ./Core/Src/zagotovka.o
 .text.find_zbee_slot_by_attr
                0x081228b4       0x40 ./Core/Src/zagotovka.o
 .text.mg_free  0x081228f4        0x8 ./Core/Src/zagotovka.o
 .text.tune_calc_sigma
                0x081228fc       0x50 ./Core/Src/zagotovka.o
 .text.apply_pid_preset.part.0
                0x0812294c       0x44 ./Core/Src/zagotovka.o
 .text.strip_id_from_action.part.0
                0x08122990      0x134 ./Core/Src/zagotovka.o
 .text.strip_id_from_action
                0x08122ac4        0xe ./Core/Src/zagotovka.o
 *fill*         0x08122ad2        0x2 
 .text.strip_id_from_sunrise_sunset.part.0
                0x08122ad4       0x78 ./Core/Src/zagotovka.o
 .text.log_headers.part.0
                0x08122b4c       0x78 ./Core/Src/zagotovka.o
 .text.emit_escaped_blob.constprop.0
                0x08122bc4       0xd0 ./Core/Src/zagotovka.o
 *fill*         0x08122c94        0x4 
 .text.fmt_float.constprop.0
                0x08122c98      0x17c ./Core/Src/zagotovka.o
 .text.json_get_str_allow_empty
                0x08122e14       0x76 ./Core/Src/zagotovka.o
 .text.clusters_json_to_flags
                0x08122e8a       0x90 ./Core/Src/zagotovka.o
                0x08122e8a                clusters_json_to_flags
 *fill*         0x08122f1a        0x2 
 .text.clusters_flags_to_json
                0x08122f1c       0xd8 ./Core/Src/zagotovka.o
                0x08122f1c                clusters_flags_to_json
 .text.log_headers
                0x08122ff4       0x40 ./Core/Src/zagotovka.o
                0x08122ff4                log_headers
 .text.mark_slice_dirty
                0x08123034       0x16 ./Core/Src/zagotovka.o
                0x08123034                mark_slice_dirty
 *fill*         0x0812304a        0x2 
 .text.cascade_delete_pin_id
                0x0812304c      0x398 ./Core/Src/zagotovka.o
 .text.json_decode_string
                0x081233e4      0x168 ./Core/Src/zagotovka.o
                0x081233e4                json_decode_string
 .text.get_mqtt_url
                0x0812354c        0x8 ./Core/Src/zagotovka.o
                0x0812354c                get_mqtt_url
 .text.get_mqtt_topic
                0x08123554        0x8 ./Core/Src/zagotovka.o
                0x08123554                get_mqtt_topic
 .text.set_mqtt_url
                0x0812355c       0x1c ./Core/Src/zagotovka.o
                0x0812355c                set_mqtt_url
 .text.set_mqtt_topic
                0x08123578       0x1c ./Core/Src/zagotovka.o
                0x08123578                set_mqtt_topic
 .text.handle_select_get
                0x08123594      0x174 ./Core/Src/zagotovka.o
                0x08123594                handle_select_get
 .text.handle_pintopin_get
                0x08123708       0xe0 ./Core/Src/zagotovka.o
                0x08123708                handle_pintopin_get
 .text.handle_switch_get
                0x081237e8        0x4 ./Core/Src/zagotovka.o
                0x081237e8                handle_switch_get
 .text.parse_switch_json
                0x081237ec      0x484 ./Core/Src/zagotovka.o
                0x081237ec                parse_switch_json
 .text.handle_switch_set
                0x08123c70       0x6c ./Core/Src/zagotovka.o
                0x08123c70                handle_switch_set
 .text.handle_button_get
                0x08123cdc        0x4 ./Core/Src/zagotovka.o
                0x08123cdc                handle_button_get
 .text.parse_button_json
                0x08123ce0      0x338 ./Core/Src/zagotovka.o
                0x08123ce0                parse_button_json
 .text.handle_button_set
                0x08124018      0x248 ./Core/Src/zagotovka.o
                0x08124018                handle_button_set
 .text.handle_encoder_get
                0x08124260        0x4 ./Core/Src/zagotovka.o
                0x08124260                handle_encoder_get
 .text.handle_timers_get
                0x08124264       0xc8 ./Core/Src/zagotovka.o
                0x08124264                handle_timers_get
 .text.parse_numline_json
                0x0812432c       0x9c ./Core/Src/zagotovka.o
                0x0812432c                parse_numline_json
 .text.handle_numline_set
                0x081243c8       0xbc ./Core/Src/zagotovka.o
                0x081243c8                handle_numline_set
 .text.parse_timers_json
                0x08124484      0x220 ./Core/Src/zagotovka.o
                0x08124484                parse_timers_json
 .text.handle_timers_set
                0x081246a4       0xbc ./Core/Src/zagotovka.o
                0x081246a4                handle_timers_set
 .text.zagotovka_dtcm_init
                0x08124760       0xe4 ./Core/Src/zagotovka.o
                0x08124760                zagotovka_dtcm_init
 .text.handle_mysett_get
                0x08124844      0x550 ./Core/Src/zagotovka.o
                0x08124844                handle_mysett_get
 .text.mqtt_publish_logfilter_status
                0x08124d94       0xd0 ./Core/Src/zagotovka.o
                0x08124d94                mqtt_publish_logfilter_status
 .text.handle_logfilter
                0x08124e64      0x1a8 ./Core/Src/zagotovka.o
                0x08124e64                handle_logfilter
 .text.calculate_crc
                0x0812500c       0x38 ./Core/Src/zagotovka.o
                0x0812500c                calculate_crc
 .text.get_valid_settings
                0x08125044       0x60 ./Core/Src/zagotovka.o
                0x08125044                get_valid_settings
 .text.write_settings_to_flash
                0x081250a4      0x100 ./Core/Src/zagotovka.o
 .text.update_and_write_settings
                0x081251a4       0x2c ./Core/Src/zagotovka.o
                0x081251a4                update_and_write_settings
 .text.is_template_value
                0x081251d0       0x38 ./Core/Src/zagotovka.o
                0x081251d0                is_template_value
 .text.is_c_like_format
                0x08125208       0x20 ./Core/Src/zagotovka.o
                0x08125208                is_c_like_format
 .text.handle_connection_del
                0x08125228      0x200 ./Core/Src/zagotovka.o
                0x08125228                handle_connection_del
 .text.gen_onewire_json
                0x08125428      0x420 ./Core/Src/zagotovka.o
                0x08125428                gen_onewire_json
 .text.handle_onewire_get
                0x08125848       0x4c ./Core/Src/zagotovka.o
                0x08125848                handle_onewire_get
 .text.parse_onewire_json
                0x08125894      0x278 ./Core/Src/zagotovka.o
                0x08125894                parse_onewire_json
 .text.parse_sensor_json
                0x08125b0c      0x468 ./Core/Src/zagotovka.o
                0x08125b0c                parse_sensor_json
 .text.handle_onewire_set
                0x08125f74       0xbc ./Core/Src/zagotovka.o
                0x08125f74                handle_onewire_set
 .text.handle_sensor_set
                0x08126030       0xb4 ./Core/Src/zagotovka.o
                0x08126030                handle_sensor_set
 .text.parse_stm32time
                0x081260e4       0x74 ./Core/Src/zagotovka.o
                0x081260e4                parse_stm32time
 .text.handle_stm32time_get
                0x08126158       0x68 ./Core/Src/zagotovka.o
                0x08126158                handle_stm32time_get
 .text.handle_security_get
                0x081261c0      0x154 ./Core/Src/zagotovka.o
                0x081261c0                handle_security_get
 .text.parse_sim800l_json
                0x08126314      0x12c ./Core/Src/zagotovka.o
                0x08126314                parse_sim800l_json
 .text.get_rxzbtop
                0x08126440       0x1c ./Core/Src/zagotovka.o
                0x08126440                get_rxzbtop
 .text.zbee_probe_send_one
                0x0812645c       0xec ./Core/Src/zagotovka.o
 .text.zbee_probe_send_current_stage
                0x08126548       0x3c ./Core/Src/zagotovka.o
 .text.zbee_learn_start
                0x08126584      0x100 ./Core/Src/zagotovka.o
 .text.zbee_probe_check_timeout
                0x08126684      0x244 ./Core/Src/zagotovka.o
                0x08126684                zbee_probe_check_timeout
 .text.SendZigbeeReadProbe
                0x081268c8      0x1ec ./Core/Src/zagotovka.o
                0x081268c8                SendZigbeeReadProbe
 .text.parse_select_json
                0x08126ab4      0x308 ./Core/Src/zagotovka.o
                0x08126ab4                parse_select_json
 .text.handle_select_set
                0x08126dbc      0x100 ./Core/Src/zagotovka.o
                0x08126dbc                handle_select_set
 .text.SendZigbeeReadProbeAllEndpoints
                0x08126ebc       0x18 ./Core/Src/zagotovka.o
                0x08126ebc                SendZigbeeReadProbeAllEndpoints
 .text.SendZigbeeReadProbeInteractive
                0x08126ed4       0x34 ./Core/Src/zagotovka.o
                0x08126ed4                SendZigbeeReadProbeInteractive
 .text.zbee_learn_check_timeout
                0x08126f08       0x44 ./Core/Src/zagotovka.o
                0x08126f08                zbee_learn_check_timeout
 .text.handle_zigbee_learn_status
                0x08126f4c       0x74 ./Core/Src/zagotovka.o
                0x08126f4c                handle_zigbee_learn_status
 .text.handle_zigbee_learn_get
                0x08126fc0      0x264 ./Core/Src/zagotovka.o
                0x08126fc0                handle_zigbee_learn_get
 .text.handle_zigbee_learn_label
                0x08127224     0x14d8 ./Core/Src/zagotovka.o
                0x08127224                handle_zigbee_learn_label
 .text.handle_zigbee_learn_start
                0x081286fc       0x80 ./Core/Src/zagotovka.o
                0x081286fc                handle_zigbee_learn_start
 .text.SendZigbeeCommand
                0x0812877c      0x164 ./Core/Src/zagotovka.o
                0x0812877c                SendZigbeeCommand
 .text.SendZigbeeEPCommand
                0x081288e0       0xa0 ./Core/Src/zagotovka.o
                0x081288e0                SendZigbeeEPCommand
 .text.safe_split
                0x08128980       0x5e ./Core/Src/zagotovka.o
                0x08128980                safe_split
 *fill*         0x081289de        0x2 
 .text.parse_time
                0x081289e0       0x38 ./Core/Src/zagotovka.o
                0x081289e0                parse_time
 .text.processPins
                0x08128a18       0xb4 ./Core/Src/zagotovka.o
                0x08128a18                processPins
 .text.parse_monitoring_json
                0x08128acc      0x130 ./Core/Src/zagotovka.o
                0x08128acc                parse_monitoring_json
 .text.handle_security_set
                0x08128bfc       0xec ./Core/Src/zagotovka.o
                0x08128bfc                handle_security_set
 .text.init_ds18b20
                0x08128ce8       0xd4 ./Core/Src/zagotovka.o
                0x08128ce8                init_ds18b20
 .text.DWT_Init
                0x08128dbc       0x30 ./Core/Src/zagotovka.o
                0x08128dbc                DWT_Init
 .text.delay_us
                0x08128dec       0x28 ./Core/Src/zagotovka.o
                0x08128dec                delay_us
 .text.DHT22_Init
                0x08128e14       0x68 ./Core/Src/zagotovka.o
                0x08128e14                DHT22_Init
 .text.DHT22_Start
                0x08128e7c      0x130 ./Core/Src/zagotovka.o
                0x08128e7c                DHT22_Start
 .text.DHT22_Read
                0x08128fac       0xc4 ./Core/Src/zagotovka.o
                0x08128fac                DHT22_Read
 .text.pars_temp_sensors
                0x08129070      0x190 ./Core/Src/zagotovka.o
                0x08129070                pars_temp_sensors
 .text.handle_temp_get
                0x08129200       0x4c ./Core/Src/zagotovka.o
                0x08129200                handle_temp_get
 *fill*         0x0812924c        0x4 
 .text.calculateJulianDate
                0x08129250       0xf8 ./Core/Src/zagotovka.o
                0x08129250                calculateJulianDate
 .text.calculateNextFullMoon
                0x08129348      0x3a0 ./Core/Src/zagotovka.o
                0x08129348                calculateNextFullMoon
 .text.calculateMoonPhase
                0x081296e8      0x1f8 ./Core/Src/zagotovka.o
                0x081296e8                calculateMoonPhase
 .text.checkPortClockStatus
                0x081298e0      0x17c ./Core/Src/zagotovka.o
                0x081298e0                checkPortClockStatus
 .text.send_sms
                0x08129a5c      0x1f0 ./Core/Src/zagotovka.o
                0x08129a5c                send_sms
 .text.check_dht22_changes
                0x08129c4c       0x60 ./Core/Src/zagotovka.o
                0x08129c4c                check_dht22_changes
 .text.process_dht22
                0x08129cac      0x148 ./Core/Src/zagotovka.o
                0x08129cac                process_dht22
 .text.check_ds18b20_changes