Archive member included to satisfy reference by file (symbol)

/opt/st/stm32cubeide_1.15.1/plugins/com.st.stm32cube.ide.mcu.externaltools.gnu-tools-for-stm32.12.3.rel1.linux64_1.0.100.202403111256/tools/bin/../lib/gcc/arm-none-eabi/12.3.1/../../../../arm-none-eabi/lib/thumb/v7e-m+dp/hard/libc_nano.a(libc_a-abort.o)
                              ./Core/Src/mongoose.o (abort)
/opt/st/stm32cubeide_1.15.1/plugins/com.st.stm32cube.ide.mcu.externaltools.gnu-tools-for-stm32.12.3.rel1.linux64_1.0.100.202403111256/tools/bin/../lib/gcc/arm-none-eabi/12.3.1/../../../../arm-none-eabi/lib/thumb/v7e-m+dp/hard/libc_nano.a(libc_a-assert.o)
                              ./Core/Src/mongoose.o (__assert_func)
/opt/st/stm32cubeide_1.15.1/plugins/com.st.stm32cube.ide.mcu.externaltools.gnu-tools-for-stm32.12.3.rel1.linux64_1.0.100.202403111256/tools/bin/../lib/gcc/arm-none-eabi/12.3.1/../../../../arm-none-eabi/lib/thumb/v7e-m+dp/hard/libc_nano.a(libc_a-atof.o)
                              ./Core/Src/setings.o (atof)
/opt/st/stm32cubeide_1.15.1/plugins/com.st.stm32cube.ide.mcu.externaltools.gnu-tools-for-stm32.12.3.rel1.linux64_1.0.100.202403111256/tools/bin/../lib/gcc/arm-none-eabi/12.3.1/../../../../arm-none-eabi/lib/thumb/v7e-m+dp/hard/libc_nano.a(libc_a-atoi.o)
                              ./Core/Src/gsm.o (atoi)
/opt/st/stm32cubeide_1.15.1/plugins/com.st.stm32cube.ide.mcu.externaltools.gnu-tools-for-stm32.12.3.rel1.linux64_1.0.100.202403111256/tools/bin/../lib/gcc/arm-none-eabi/12.3.1/../../../../arm-none-eabi/lib/thumb/v7e-m+dp/hard/libc_nano.a(libc_a-atol.o)
                              ./Core/Src/zagotovka.o (atol)
/opt/st/stm32cubeide_1.15.1/plugins/com.st.stm32cube.ide.mcu.externaltools.gnu-tools-for-stm32.12.3.rel1.linux64_1.0.100.202403111256/tools/bin/../lib/gcc/arm-none-eabi/12.3.1/../../../../arm-none-eabi/lib/thumb/v7e-m+dp/hard/libc_nano.a(libc_a-exit.o)
                              /opt/st/stm32cubeide_1.15.1/plugins/com.st.stm32cube.ide.mcu.externaltools.gnu-tools-for-stm32.12.3.rel1.linux64_1.0.100.202403111256/tools/bin/../lib/gcc/arm-none-eabi/12.3.1/../../../../arm-none-eabi/lib/thumb/v7e-m+dp/hard/crt0.o (exit)
/opt/st/stm32cubeide_1.15.1/plugins/com.st.stm32cube.ide.mcu.externaltools.gnu-tools-for-stm32.12.3.rel1.linux64_1.0.100.202403111256/tools/bin/../lib/gcc/arm-none-eabi/12.3.1/../../../../arm-none-eabi/lib/thumb/v7e-m+dp/hard/libc_nano.a(libc_a-malloc.o)
                              ./Middlewares/ST/STM32_USB_Host_Library/Class/MSC/Src/usbh_msc.o (malloc)
/opt/st/stm32cubeide_1.15.1/plugins/com.st.stm32cube.ide.mcu.externaltools.gnu-tools-for-stm32.12.3.rel1.linux64_1.0.100.202403111256/tools/bin/../lib/gcc/arm-none-eabi/12.3.1/../../../../arm-none-eabi/lib/thumb/v7e-m+dp/hard/libc_nano.a(libc_a-mallocr.o)
                              /opt/st/stm32cubeide_1.15.1/plugins/com.st.stm32cube.ide.mcu.externaltools.gnu-tools-for-stm32.12.3.rel1.linux64_1.0.100.202403111256/tools/bin/../lib/gcc/arm-none-eabi/12.3.1/../../../../arm-none-eabi/lib/thumb/v7e-m+dp/hard/libc_nano.a(libc_a-malloc.o) (_malloc_r)
/opt/st/stm32cubeide_1.15.1/plugins/com.st.stm32cube.ide.mcu.externaltools.gnu-tools-for-stm32.12.3.rel1.linux64_1.0.100.202403111256/tools/bin/../lib/gcc/arm-none-eabi/12.3.1/../../../../arm-none-eabi/lib/thumb/v7e-m+dp/hard/libc_nano.a(libc_a-mlock.o)
                              /opt/st/stm32cubeide_1.15.1/plugins/com.st.stm32cube.ide.mcu.externaltools.gnu-tools-for-stm32.12.3.rel1.linux64_1.0.100.202403111256/tools/bin/../lib/gcc/arm-none-eabi/12.3.1/../../../../arm-none-eabi/lib/thumb/v7e-m+dp/hard/libc_nano.a(libc_a-mallocr.o) (__malloc_lock)
/opt/st/stm32cubeide_1.15.1/plugins/com.st.stm32cube.ide.mcu.externaltools.gnu-tools-for-stm32.12.3.rel1.linux64_1.0.100.202403111256/tools/bin/../lib/gcc/arm-none-eabi/12.3.1/../../../../arm-none-eabi/lib/thumb/v7e-m+dp/hard/libc_nano.a(libc_a-rand.o)
                              ./Core/Src/mongoose.o (srand)
/opt/st/stm32cubeide_1.15.1/plugins/com.st.stm32cube.ide.mcu.externaltools.gnu-tools-for-stm32.12.3.rel1.linux64_1.0.100.202403111256/tools/bin/../lib/gcc/arm-none-eabi/12.3.1/../../../../arm-none-eabi/lib/thumb/v7e-m+dp/hard/libc_nano.a(libc_a-strtod.o)
                              /opt/st/stm32cubeide_1.15.1/plugins/com.st.stm32cube.ide.mcu.externaltools.gnu-tools-for-stm32.12.3.rel1.linux64_1.0.100.202403111256/tools/bin/../lib/gcc/arm-none-eabi/12.3.1/../../../../arm-none-eabi/lib/thumb/v7e-m+dp/hard/libc_nano.a(libc_a-atof.o) (strtod)
/opt/st/stm32cubeide_1.15.1/plugins/com.st.stm32cube.ide.mcu.externaltools.gnu-tools-for-stm32.12.3.rel1.linux64_1.0.100.202403111256/tools/bin/../lib/gcc/arm-none-eabi/12.3.1/../../../../arm-none-eabi/lib/thumb/v7e-m+dp/hard/libc_nano.a(libc_a-strtol.o)
[...]
Memory Configuration

Name             Origin             Length             Attributes
ITCM             0x00000000         0x00004000         xr
RAM              0x20000000         0x00080000         rw
FLASH            0x08100000         0x000c0000         xr
ZERG_FLASH       0x081c0000         0x00040000         xr
*default*        0x00000000         0xffffffff

Linker script and memory map

LOAD /opt/st/stm32cubeide_1.15.1/plugins/com.st.stm32cube.ide.mcu.externaltools.gnu-tools-for-stm32.12.3.rel1.linux64_1.0.100.202403111256/tools/bin/../lib/gcc/arm-none-eabi/12.3.1/thumb/v7e-m+dp/hard/crti.o
LOAD /opt/st/stm32cubeide_1.15.1/plugins/com.st.stm32cube.ide.mcu.externaltools.gnu-tools-for-stm32.12.3.rel1.linux64_1.0.100.202403111256/tools/bin/../lib/gcc/arm-none-eabi/12.3.1/thumb/v7e-m+dp/hard/crtbegin.o
LOAD /opt/st/stm32cubeide_1.15.1/plugins/com.st.stm32cube.ide.mcu.externaltools.gnu-tools-for-stm32.12.3.rel1.linux64_1.0.100.202403111256/tools/bin/../lib/gcc/arm-none-eabi/12.3.1/../../../../arm-none-eabi/lib/thumb/v7e-m+dp/hard/crt0.o
LOAD ./Core/Src/compat_ota.o
LOAD ./Core/Src/db.o
LOAD ./Core/Src/ds18b20.o
LOAD ./Core/Src/dtcm_alloc.o
LOAD ./Core/Src/freertos.o
LOAD ./Core/Src/fw_meta.o
LOAD ./Core/Src/gsm.o
LOAD ./Core/Src/logger.o
LOAD ./Core/Src/lwdtc.o
LOAD ./Core/Src/main.o
LOAD ./Core/Src/mongoose.o
LOAD ./Core/Src/mqtt_server.o
LOAD ./Core/Src/multi_button.o
LOAD ./Core/Src/net.o
LOAD ./Core/Src/onewire.o
LOAD ./Core/Src/packed_fs.o
LOAD ./Core/Src/setings.o
LOAD ./Core/Src/slzb_watchdog.o
LOAD ./Core/Src/stm32f7xx_hal_msp.o
LOAD ./Core/Src/stm32f7xx_hal_timebase_tim.o
LOAD ./Core/Src/stm32f7xx_it.o
LOAD ./Core/Src/syscalls.o
LOAD ./Core/Src/sysmem.o
LOAD ./Core/Src/system_stm32f7xx.o
LOAD ./Core/Src/usart_ring.o
LOAD ./Core/Src/zagotovka.o
LOAD ./Core/Src/zbee_vbtn.o
LOAD ./Core/Startup/startup_stm32f767zitx.o
LOAD ./Drivers/STM32F7xx_HAL_Driver/Src/stm32f7xx_hal.o
LOAD ./Drivers/STM32F7xx_HAL_Driver/Src/stm32f7xx_hal_cortex.o
LOAD ./Drivers/STM32F7xx_HAL_Driver/Src/stm32f7xx_hal_crc.o
LOAD ./Drivers/STM32F7xx_HAL_Driver/Src/stm32f7xx_hal_crc_ex.o
LOAD ./Drivers/STM32F7xx_HAL_Driver/Src/stm32f7xx_hal_dma.o
LOAD ./Drivers/STM32F7xx_HAL_Driver/Src/stm32f7xx_hal_dma_ex.o
LOAD ./Drivers/STM32F7xx_HAL_Driver/Src/stm32f7xx_hal_eth.o
LOAD ./Drivers/STM32F7xx_HAL_Driver/Src/stm32f7xx_hal_exti.o
LOAD ./Drivers/STM32F7xx_HAL_Driver/Src/stm32f7xx_hal_flash.o
LOAD ./Drivers/STM32F7xx_HAL_Driver/Src/stm32f7xx_hal_flash_ex.o
LOAD ./Drivers/STM32F7xx_HAL_Driver/Src/stm32f7xx_hal_gpio.o
LOAD ./Drivers/STM32F7xx_HAL_Driver/Src/stm32f7xx_hal_hcd.o
LOAD ./Drivers/STM32F7xx_HAL_Driver/Src/stm32f7xx_hal_i2c.o
LOAD ./Drivers/STM32F7xx_HAL_Driver/Src/stm32f7xx_hal_i2c_ex.o
LOAD ./Drivers/STM32F7xx_HAL_Driver/Src/stm32f7xx_hal_pwr.o
LOAD ./Drivers/STM32F7xx_HAL_Driver/Src/stm32f7xx_hal_pwr_ex.o
LOAD ./Drivers/STM32F7xx_HAL_Driver/Src/stm32f7xx_hal_rcc.o
LOAD ./Drivers/STM32F7xx_HAL_Driver/Src/stm32f7xx_hal_rcc_ex.o
LOAD ./Drivers/STM32F7xx_HAL_Driver/Src/stm32f7xx_hal_rng.o
LOAD ./Drivers/STM32F7xx_HAL_Driver/Src/stm32f7xx_hal_tim.o
LOAD ./Drivers/STM32F7xx_HAL_Driver/Src/stm32f7xx_hal_tim_ex.o
LOAD ./Drivers/STM32F7xx_HAL_Driver/Src/stm32f7xx_hal_uart.o
LOAD ./Drivers/STM32F7xx_HAL_Driver/Src/stm32f7xx_hal_uart_ex.o
LOAD ./Drivers/STM32F7xx_HAL_Driver/Src/stm32f7xx_ll_usb.o
LOAD ./FATFS/App/fatfs.o
LOAD ./FATFS/Target/usbh_diskio.o
LOAD ./Middlewares/ST/STM32_USB_Host_Library/Class/MSC/Src/usbh_msc.o
LOAD ./Middlewares/ST/STM32_USB_Host_Library/Class/MSC/Src/usbh_msc_bot.o
LOAD ./Middlewares/ST/STM32_USB_Host_Library/Class/MSC/Src/usbh_msc_scsi.o
LOAD ./Middlewares/ST/STM32_USB_Host_Library/Core/Src/usbh_core.o
LOAD ./Middlewares/ST/STM32_USB_Host_Library/Core/Src/usbh_ctlreq.o
LOAD ./Middlewares/ST/STM32_USB_Host_Library/Core/Src/usbh_ioreq.o
LOAD ./Middlewares/ST/STM32_USB_Host_Library/Core/Src/usbh_pipes.o
LOAD ./Middlewares/Third_Party/FatFs/src/diskio.o
LOAD ./Middlewares/Third_Party/FatFs/src/ff.o
LOAD ./Middlewares/Third_Party/FatFs/src/ff_gen_drv.o
LOAD ./Middlewares/Third_Party/FatFs/src/option/syscall.o
LOAD ./Middlewares/Third_Party/FreeRTOS/Source/CMSIS_RTOS_V2/cmsis_os2.o
LOAD ./Middlewares/Third_Party/FreeRTOS/Source/croutine.o
LOAD ./Middlewares/Third_Party/FreeRTOS/Source/event_groups.o
LOAD ./Middlewares/Third_Party/FreeRTOS/Source/list.o
LOAD ./Middlewares/Third_Party/FreeRTOS/Source/queue.o
LOAD ./Middlewares/Third_Party/FreeRTOS/Source/stream_buffer.o
LOAD ./Middlewares/Third_Party/FreeRTOS/Source/tasks.o
LOAD ./Middlewares/Third_Party/FreeRTOS/Source/timers.o
LOAD ./Middlewares/Third_Party/FreeRTOS/Source/portable/GCC/ARM_CM7/r0p1/port.o
LOAD ./Middlewares/Third_Party/FreeRTOS/Source/portable/MemMang/heap_4.o
LOAD ./USB_HOST/App/usb_host.o
LOAD ./USB_HOST/Target/usbh_conf.o
LOAD ./USB_HOST/Target/usbh_platform.o
START GROUP
LOAD /opt/st/stm32cubeide_1.15.1/plugins/com.st.stm32cube.ide.mcu.externaltools.gnu-tools-for-stm32.12.3.rel1.linux64_1.0.100.202403111256/tools/bin/../lib/gcc/arm-none-eabi/12.3.1/../../../../arm-none-eabi/lib/thumb/v7e-m+dp/hard/libc_nano.a
LOAD /opt/st/stm32cubeide_1.15.1/plugins/com.st.stm32cube.ide.mcu.externaltools.gnu-tools-for-stm32.12.3.rel1.linux64_1.0.100.202403111256/tools/bin/../lib/gcc/arm-none-eabi/12.3.1/../../../../arm-none-eabi/lib/thumb/v7e-m+dp/hard/libm.a
END GROUP
START GROUP
LOAD /opt/st/stm32cubeide_1.15.1/plugins/com.st.stm32cube.ide.mcu.externaltools.gnu-tools-for-stm32.12.3.rel1.linux64_1.0.100.202403111256/tools/bin/../lib/gcc/arm-none-eabi/12.3.1/thumb/v7e-m+dp/hard/libgcc.a
LOAD /opt/st/stm32cubeide_1.15.1/plugins/com.st.stm32cube.ide.mcu.externaltools.gnu-tools-for-stm32.12.3.rel1.linux64_1.0.100.202403111256/tools/bin/../lib/gcc/arm-none-eabi/12.3.1/../../../../arm-none-eabi/lib/thumb/v7e-m+dp/hard/libc_nano.a
END GROUP
START GROUP
LOAD /opt/st/stm32cubeide_1.15.1/plugins/com.st.stm32cube.ide.mcu.externaltools.gnu-tools-for-stm32.12.3.rel1.linux64_1.0.100.202403111256/tools/bin/../lib/gcc/arm-none-eabi/12.3.1/thumb/v7e-m+dp/hard/libgcc.a
LOAD /opt/st/stm32cubeide_1.15.1/plugins/com.st.stm32cube.ide.mcu.externaltools.gnu-tools-for-stm32.12.3.rel1.linux64_1.0.100.202403111256/tools/bin/../lib/gcc/arm-none-eabi/12.3.1/../../../../arm-none-eabi/lib/thumb/v7e-m+dp/hard/libc_nano.a
LOAD /opt/st/stm32cubeide_1.15.1/plugins/com.st.stm32cube.ide.mcu.externaltools.gnu-tools-for-stm32.12.3.rel1.linux64_1.0.100.202403111256/tools/bin/../lib/gcc/arm-none-eabi/12.3.1/../../../../arm-none-eabi/lib/thumb/v7e-m+dp/hard/libnosys.a
END GROUP
START GROUP
LOAD /opt/st/stm32cubeide_1.15.1/plugins/com.st.stm32cube.ide.mcu.externaltools.gnu-tools-for-stm32.12.3.rel1.linux64_1.0.100.202403111256/tools/bin/../lib/gcc/arm-none-eabi/12.3.1/thumb/v7e-m+dp/hard/libgcc.a
LOAD /opt/st/stm32cubeide_1.15.1/plugins/com.st.stm32cube.ide.mcu.externaltools.gnu-tools-for-stm32.12.3.rel1.linux64_1.0.100.202403111256/tools/bin/../lib/gcc/arm-none-eabi/12.3.1/../../../../arm-none-eabi/lib/thumb/v7e-m+dp/hard/libc_nano.a
LOAD /opt/st/stm32cubeide_1.15.1/plugins/com.st.stm32cube.ide.mcu.externaltools.gnu-tools-for-stm32.12.3.rel1.linux64_1.0.100.202403111256/tools/bin/../lib/gcc/arm-none-eabi/12.3.1/../../../../arm-none-eabi/lib/thumb/v7e-m+dp/hard/libnosys.a
END GROUP
LOAD /opt/st/stm32cubeide_1.15.1/plugins/com.st.stm32cube.ide.mcu.externaltools.gnu-tools-for-stm32.12.3.rel1.linux64_1.0.100.202403111256/tools/bin/../lib/gcc/arm-none-eabi/12.3.1/thumb/v7e-m+dp/hard/crtend.o
LOAD /opt/st/stm32cubeide_1.15.1/plugins/com.st.stm32cube.ide.mcu.externaltools.gnu-tools-for-stm32.12.3.rel1.linux64_1.0.100.202403111256/tools/bin/../lib/gcc/arm-none-eabi/12.3.1/thumb/v7e-m+dp/hard/crtn.o
                0x20080000                        _estack = 0x20080000
                0x00008000                        _Min_Heap_Size = 0x8000
                0x00000800                        _Min_Stack_Size = 0x800

.isr_vector     0x08100000      0x1f8
                0x08100000                        . = ALIGN (0x4)
 *(.isr_vector)
 .isr_vector    0x08100000      0x1f8 ./Core/Startup/startup_stm32f767zitx.o
                0x08100000                g_pfnVectors
                0x081001f8                        . = ALIGN (0x4)

.fw_meta        0x08100300        0xc
 *(.fw_meta)
 .fw_meta       0x08100300        0xc ./Core/Src/fw_meta.o
                0x08100300                g_fw_meta

.text           0x08100310    0x42d58
                0x08100310                        . = ALIGN (0x4)
 *(.text)
 .text          0x08100310       0x40 /opt/st/stm32cubeide_1.15.1/plugins/com.st.stm32cube.ide.mcu.externaltools.gnu-tools-for-stm32.12.3.rel1.linux64_1.0.100.202403111256/tools/bin/../lib/gcc/arm-none-eabi/12.3.1/thumb/v7e-m+dp/hard/crtbegin.o
 .text          0x08100350       0x14 /opt/st/stm32cubeide_1.15.1/plugins/com.st.stm32cube.ide.mcu.externaltools.gnu-tools-for-stm32.12.3.rel1.linux64_1.0.100.202403111256/tools/bin/../lib/gcc/arm-none-eabi/12.3.1/../../../../arm-none-eabi/lib/thumb/v7e-m+dp/hard/libc_nano.a(libc_a-strcmp.o)
                0x08100350                strcmp
 *fill*         0x08100364        0xc 
 .text          0x08100370       0xa0 /opt/st/stm32cubeide_1.15.1/plugins/com.st.stm32cube.ide.mcu.externaltools.gnu-tools-for-stm32.12.3.rel1.linux64_1.0.100.202403111256/tools/bin/../lib/gcc/arm-none-eabi/12.3.1/../../../../arm-none-eabi/lib/thumb/v7e-m+dp/hard/libc_nano.a(libc_a-memchr.o)
                0x08100370                memchr
 .text          0x08100410       0x10 /opt/st/stm32cubeide_1.15.1/plugins/com.st.stm32cube.ide.mcu.externaltools.gnu-tools-for-stm32.12.3.rel1.linux64_1.0.100.202403111256/tools/bin/../lib/gcc/arm-none-eabi/12.3.1/../../../../arm-none-eabi/lib/thumb/v7e-m+dp/hard/libc_nano.a(libc_a-strlen.o)
                0x08100410                strlen
 .text          0x08100420      0x378 /opt/st/stm32cubeide_1.15.1/plugins/com.st.stm32cube.ide.mcu.externaltools.gnu-tools-for-stm32.12.3.rel1.linux64_1.0.100.202403111256/tools/bin/../lib/gcc/arm-none-eabi/12.3.1/thumb/v7e-m+dp/hard/libgcc.a(_arm_addsubdf3.o)
                0x08100420                __aeabi_drsub
                0x08100428                __aeabi_dsub
                0x08100428                __subdf3
                0x0810042c                __adddf3
                0x0810042c                __aeabi_dadd
                0x081006a4                __aeabi_ui2d
                0x081006a4                __floatunsidf
                0x081006c4                __floatsidf
                0x081006c4                __aeabi_i2d
                0x081006e8                __extendsfdf2
                0x081006e8                __aeabi_f2d
                0x0810072c                __aeabi_ul2d
                0x0810072c                __floatundidf
                0x0810073c                __floatdidf
                0x0810073c                __aeabi_l2d
 .text          0x08100798       0xa0 /opt/st/stm32cubeide_1.15.1/plugins/com.st.stm32cube.ide.mcu.externaltools.gnu-tools-for-stm32.12.3.rel1.linux64_1.0.100.202403111256/tools/bin/../lib/gcc/arm-none-eabi/12.3.1/thumb/v7e-m+dp/hard/libgcc.a(_aeabi_ldivmod.o)
                0x08100798                __aeabi_ldivmod
 .text          0x08100838       0x30 /opt/st/stm32cubeide_1.15.1/plugins/com.st.stm32cube.ide.mcu.externaltools.gnu-tools-for-stm32.12.3.rel1.linux64_1.0.100.202403111256/tools/bin/../lib/gcc/arm-none-eabi/12.3.1/thumb/v7e-m+dp/hard/libgcc.a(_aeabi_uldivmod.o)
                0x08100838                __aeabi_uldivmod
 .text          0x08100868       0x28 /opt/st/stm32cubeide_1.15.1/plugins/com.st.stm32cube.ide.mcu.externaltools.gnu-tools-for-stm32.12.3.rel1.linux64_1.0.100.202403111256/tools/bin/../lib/gcc/arm-none-eabi/12.3.1/thumb/v7e-m+dp/hard/libgcc.a(_fixsfdi.o)
                0x08100868                __aeabi_f2lz
                0x08100868                __fixsfdi
 .text          0x08100890       0x30 /opt/st/stm32cubeide_1.15.1/plugins/com.st.stm32cube.ide.mcu.externaltools.gnu-tools-for-stm32.12.3.rel1.linux64_1.0.100.202403111256/tools/bin/../lib/gcc/arm-none-eabi/12.3.1/thumb/v7e-m+dp/hard/libgcc.a(_fixdfdi.o)
                0x08100890                __aeabi_d2lz
                0x08100890                __fixdfdi
 .text          0x081008c0       0x40 /opt/st/stm32cubeide_1.15.1/plugins/com.st.stm32cube.ide.mcu.externaltools.gnu-tools-for-stm32.12.3.rel1.linux64_1.0.100.202403111256/tools/bin/../lib/gcc/arm-none-eabi/12.3.1/thumb/v7e-m+dp/hard/libgcc.a(_fixunssfdi.o)
                0x081008c0                __aeabi_f2ulz
                0x081008c0                __fixunssfdi
 .text          0x08100900       0x40 /opt/st/stm32cubeide_1.15.1/plugins/com.st.stm32cube.ide.mcu.externaltools.gnu-tools-for-stm32.12.3.rel1.linux64_1.0.100.202403111256/tools/bin/../lib/gcc/arm-none-eabi/12.3.1/thumb/v7e-m+dp/hard/libgcc.a(_fixunsdfdi.o)
                0x08100900                __aeabi_d2ulz
                0x08100900                __fixunsdfdi
 .text          0x08100940      0x2bc /opt/st/stm32cubeide_1.15.1/plugins/com.st.stm32cube.ide.mcu.externaltools.gnu-tools-for-stm32.12.3.rel1.linux64_1.0.100.202403111256/tools/bin/../lib/gcc/arm-none-eabi/12.3.1/thumb/v7e-m+dp/hard/libgcc.a(_udivmoddi4.o)
                0x08100940                __udivmoddi4
 .text          0x08100bfc        0x4 /opt/st/stm32cubeide_1.15.1/plugins/com.st.stm32cube.ide.mcu.externaltools.gnu-tools-for-stm32.12.3.rel1.linux64_1.0.100.202403111256/tools/bin/../lib/gcc/arm-none-eabi/12.3.1/thumb/v7e-m+dp/hard/libgcc.a(_dvmd_tls.o)
                0x08100bfc                __aeabi_ldiv0
                0x08100bfc                __aeabi_idiv0
 *(.text*)
 .text.__NVIC_SystemReset
                0x08100c00       0x24 ./Core/Src/compat_ota.o
 .text.ota_flag_write
                0x08100c24       0x8c ./Core/Src/compat_ota.o
 .text.mg_device_reset
                0x08100cb0        0x6 ./Core/Src/compat_ota.o
                0x08100cb0                mg_device_reset
 .text.mg_ota_set_pending_bank
                0x08100cb6       0x46 ./Core/Src/compat_ota.o
                0x08100cb6                mg_ota_set_pending_bank
 .text.mg_ota_get_active_bank
                0x08100cfc       0x12 ./Core/Src/compat_ota.o
                0x08100cfc                mg_ota_get_active_bank
 .text.mg_ota_mark_pending
                0x08100d0e       0x2e ./Core/Src/compat_ota.o
                0x08100d0e                mg_ota_mark_pending
 .text.mg_ota_cancel_pending
                0x08100d3c        0x4 ./Core/Src/compat_ota.o
                0x08100d3c                mg_ota_cancel_pending
 .text.mg_ota_reset_status
                0x08100d40        0x6 ./Core/Src/compat_ota.o
                0x08100d40                mg_ota_reset_status
 .text.mg_ota_status
                0x08100d46       0x46 ./Core/Src/compat_ota.o
                0x08100d46                mg_ota_status
 .text.mg_ota_crc32
                0x08100d8c        0x4 ./Core/Src/compat_ota.o
                0x08100d8c                mg_ota_crc32
 .text.mg_ota_timestamp
                0x08100d90        0x4 ./Core/Src/compat_ota.o
                0x08100d90                mg_ota_timestamp
 .text.mg_ota_size
                0x08100d94        0x4 ./Core/Src/compat_ota.o
                0x08100d94                mg_ota_size
 .text.mg_ota_commit
                0x08100d98       0x60 ./Core/Src/compat_ota.o
                0x08100d98                mg_ota_commit
 .text.mg_ota_bank_image_valid
                0x08100df8       0x20 ./Core/Src/compat_ota.o
                0x08100df8                mg_ota_bank_image_valid
 .text.mg_ota_switch_bank
                0x08100e18       0x7c ./Core/Src/compat_ota.o
                0x08100e18                mg_ota_switch_bank
 .text.mg_ota_rollback
                0x08100e94       0x3e ./Core/Src/compat_ota.o
                0x08100e94                mg_ota_rollback
 *fill*         0x08100ed2        0x2 
 .text.mg_flash_start
                0x08100ed4        0x8 ./Core/Src/compat_ota.o
                0x08100ed4                mg_flash_start
 .text.mg_flash_size
                0x08100edc        0x6 ./Core/Src/compat_ota.o
                0x08100edc                mg_flash_size
 .text.mg_flash_sector_size
                0x08100ee2        0x6 ./Core/Src/compat_ota.o
                0x08100ee2                mg_flash_sector_size
 .text.mg_flash_bank
                0x08100ee8        0x4 ./Core/Src/compat_ota.o
                0x08100ee8                mg_flash_bank
 .text.mg_flash_erase
                0x08100eec        0x4 ./Core/Src/compat_ota.o
                0x08100eec                mg_flash_erase
 .text.zbee_action_sclick
                0x08100ef0       0x30 ./Core/Src/db.o
                0x08100ef0                zbee_action_sclick
 .text.zbee_action_dclick
                0x08100f20       0x30 ./Core/Src/db.o
                0x08100f20                zbee_action_dclick
 .text.zbee_action_lpress
                0x08100f50       0x30 ./Core/Src/db.o
                0x08100f50                zbee_action_lpress
 .text.zbee_action_alloc
                0x08100f80       0x48 ./Core/Src/db.o
                0x08100f80                zbee_action_alloc
 .text.zbee_action_free
                0x08100fc8       0x20 ./Core/Src/db.o
                0x08100fc8                zbee_action_free
 .text.DS18B20_StartAll
                0x08100fe8       0x1c ./Core/Src/ds18b20.o
                0x08100fe8                DS18B20_StartAll
 .text.DS18B20_Read
                0x08101004       0xf4 ./Core/Src/ds18b20.o
                0x08101004                DS18B20_Read
 .text.DS18B20_SetResolution
                0x081010f8       0xce ./Core/Src/ds18b20.o
                0x081010f8                DS18B20_SetResolution
 .text.DS18B20_DisableAlarmTemperature
                0x081011c6       0x8c ./Core/Src/ds18b20.o
                0x081011c6                DS18B20_DisableAlarmTemperature
 .text.DS18B20_AllDone
                0x08101252        0x4 ./Core/Src/ds18b20.o
                0x08101252                DS18B20_AllDone
 *fill*         0x08101256        0x2 
 .text.sof_putchar
                0x08101258       0x2c ./Core/Src/freertos.o
 .text.sof_puts
                0x08101284       0x1e ./Core/Src/freertos.o
 *fill*         0x081012a2        0x2 
 .text.vApplicationStackOverflowHook
                0x081012a4       0xd8 ./Core/Src/freertos.o
                0x081012a4                vApplicationStackOverflowHook
 .text.__NVIC_SystemReset
                0x0810137c       0x24 ./Core/Src/gsm.o
 .text.replac_string.part.0
                0x081013a0       0x18 ./Core/Src/gsm.o
 .text.gsm_dtcm_init
                0x081013b8       0x94 ./Core/Src/gsm.o
                0x081013b8                gsm_dtcm_init
 .text.check_speed
                0x0810144c      0x130 ./Core/Src/gsm.o
                0x0810144c                check_speed
 .text.set_comand
                0x0810157c      0x1ec ./Core/Src/gsm.o
                0x0810157c                set_comand
 .text.disable_connection
                0x08101768       0x30 ./Core/Src/gsm.o
                0x08101768                disable_connection
 .text.incoming_call
                0x08101798       0x30 ./Core/Src/gsm.o
                0x08101798                incoming_call
 .text.init_sim800l_module
                0x081017c8       0xe8 ./Core/Src/gsm.o
                0x081017c8                init_sim800l_module
 .text.sanitize_cmd_str
                0x081018b0       0x5c ./Core/Src/gsm.o
                0x081018b0                sanitize_cmd_str
 .text.execute_commands.part.0
                0x0810190c      0x3d0 ./Core/Src/gsm.o
 .text.execute_commands
                0x08101cdc        0xc ./Core/Src/gsm.o
                0x08101cdc                execute_commands
 .text.send_command_result_sms
                0x08101ce8      0x434 ./Core/Src/gsm.o
                0x08101ce8                send_command_result_sms
 .text.process_sim800l_data
                0x0810211c      0x600 ./Core/Src/gsm.o
                0x0810211c                process_sim800l_data
 .text.logger_init
                0x0810271c       0x4c ./Core/Src/logger.o
                0x0810271c                logger_init
 .text.logger_set_mask
                0x08102768       0x14 ./Core/Src/logger.o
                0x08102768                logger_set_mask
 .text.logger_get_mask
                0x0810277c        0xc ./Core/Src/logger.o
                0x0810277c                logger_get_mask
 .text.logger_send
                0x08102788       0xac ./Core/Src/logger.o
                0x08102788                logger_send
 .text.__io_putchar
                0x08102834      0x2cc ./Core/Src/logger.o
                0x08102834                __io_putchar
 .text.logger_ring_push
                0x08102b00       0x80 ./Core/Src/logger.o
                0x08102b00                logger_ring_push
 .text.logger_ring_read
                0x08102b80       0xd0 ./Core/Src/logger.o
                0x08102b80                logger_ring_read
 .text.prv_parse_num
                0x08102c50       0x38 ./Core/Src/lwdtc.o
 .text.prv_get_and_parse_next_token
                0x08102c88      0x190 ./Core/Src/lwdtc.o
 .text.lwdtc_cron_parse_with_len
                0x08102e18       0xa4 ./Core/Src/lwdtc.o
                0x08102e18                lwdtc_cron_parse_with_len
 .text.lwdtc_cron_parse_multi
                0x08102ebc       0x4e ./Core/Src/lwdtc.o
                0x08102ebc                lwdtc_cron_parse_multi
 .text.lwdtc_cron_is_valid_for_time
                0x08102f0a       0xa8 ./Core/Src/lwdtc.o
                0x08102f0a                lwdtc_cron_is_valid_for_time
 *fill*         0x08102fb2        0x2 
 .text.is_action_set
                0x08102fb4       0x1c ./Core/Src/main.o
 .text.StartSecurityTask
                0x08102fd0       0xfc ./Core/Src/main.o
                0x08102fd0                StartSecurityTask
 .text.StartConfigTask
                0x081030cc      0x2b4 ./Core/Src/main.o
                0x081030cc                StartConfigTask
 .text.StartOutputTask
                0x08103380      0x1c8 ./Core/Src/main.o
                0x08103380                StartOutputTask
 .text.StartInputTask
                0x08103548      0x124 ./Core/Src/main.o
                0x08103548                StartInputTask
 .text.StartEncoderTask
                0x0810366c      0x1f4 ./Core/Src/main.o
                0x0810366c                StartEncoderTask
 .text.StartDs18b20Task
                0x08103860      0x25c ./Core/Src/main.o
                0x08103860                StartDs18b20Task
 .text.StartDht22Task
                0x08103abc       0xd8 ./Core/Src/main.o
                0x08103abc                StartDht22Task
 *fill*         0x08103b94        0x4 
 .text.svc_calculateSunriseOrSunset
                0x08103b98      0x2f0 ./Core/Src/main.o
 .text.StartServiceTask
                0x08103e88      0x540 ./Core/Src/main.o
                0x08103e88                StartServiceTask
 .text.StartSIM800LTask
                0x081043c8       0x34 ./Core/Src/main.o
                0x081043c8                StartSIM800LTask
 .text.StartPIDTask
                0x081043fc      0x2f0 ./Core/Src/main.o
                0x081043fc                StartPIDTask
 .text.StartLoggerTask
                0x081046ec       0xbc ./Core/Src/main.o
                0x081046ec                StartLoggerTask
 .text.StartDgnTask
                0x081047a8      0x688 ./Core/Src/main.o
                0x081047a8                StartDgnTask
 .text.mg_random
                0x08104e30       0x40 ./Core/Src/main.o
                0x08104e30                mg_random
 .text.mg_millis
                0x08104e70       0x34 ./Core/Src/main.o
                0x08104e70                mg_millis
 .text.send_mqtt_message
                0x08104ea4      0x120 ./Core/Src/main.o
                0x08104ea4                send_mqtt_message
 .text.button_event_handler
                0x08104fc4      0x134 ./Core/Src/main.o
                0x08104fc4                button_event_handler
 .text.read_button_level
                0x081050f8       0x14 ./Core/Src/main.o
                0x081050f8                read_button_level
 .text.early_uart_print
                0x0810510c       0x34 ./Core/Src/main.o
                0x0810510c                early_uart_print
 .text.vApplicationMallocFailedHook
                0x08105140       0x18 ./Core/Src/main.o
                0x08105140                vApplicationMallocFailedHook
 .text.start_pwm_fade
                0x08105158      0x1a0 ./Core/Src/main.o
                0x08105158                start_pwm_fade
 .text.parse_string
                0x081052f8      0x150 ./Core/Src/main.o
                0x081052f8                parse_string
 .text.StartCronTask
                0x08105448      0x378 ./Core/Src/main.o
                0x08105448                StartCronTask
 .text.HAL_TIM_PeriodElapsedCallback
                0x081057c0       0x14 ./Core/Src/main.o
                0x081057c0                HAL_TIM_PeriodElapsedCallback
 .text.Error_Handler
                0x081057d4      0x15c ./Core/Src/main.o
                0x081057d4                Error_Handler
 .text.SystemClock_Config
                0x08105930       0xa8 ./Core/Src/main.o
                0x08105930                SystemClock_Config
 .text.startup.main
                0x081059d8      0xc60 ./Core/Src/main.o
                0x081059d8                main
 .text.StartWebServerTask
                0x08106638      0xb5c ./Core/Src/main.o
                0x08106638                StartWebServerTask
 .text.SCB_CleanInvalidateDCache
                0x08107194       0x48 ./Core/Src/mongoose.o
 .text.mg_base64_decode_single
                0x081071dc       0x46 ./Core/Src/mongoose.o
 *fill*         0x08107222        0x2 
 .text.mg_lld   0x08107224       0xb0 ./Core/Src/mongoose.o
 .text.scpy     0x081072d4       0x24 ./Core/Src/mongoose.o
 .text.mg_unpack
                0x081072f8       0x48 ./Core/Src/mongoose.o
 .text.packed_write
                0x08107340        0x4 ./Core/Src/mongoose.o
 .text.packed_seek
                0x08107344       0x10 ./Core/Src/mongoose.o
 .text.packed_rename
                0x08107354        0x4 ./Core/Src/mongoose.o
 .text.packed_remove
                0x08107358        0x4 ./Core/Src/mongoose.o
 .text.p_stat   0x0810735c        0x4 ./Core/Src/mongoose.o
 .text.p_list   0x08107360        0x2 ./Core/Src/mongoose.o
 .text.p_open   0x08107362        0x4 ./Core/Src/mongoose.o
 .text.p_seek   0x08107366        0x6 ./Core/Src/mongoose.o
 .text.isx      0x0810736c       0x1c ./Core/Src/mongoose.o
 .text.clen     0x08107388       0x8a ./Core/Src/mongoose.o
 .text.skiptorn
                0x08107412       0x3e ./Core/Src/mongoose.o
 .text.mg_atod  0x08107450      0x148 ./Core/Src/mongoose.o
 .text.mg_l2_eth_poll
                0x08107598        0x4 ./Core/Src/mongoose.o
                0x08107598                mg_l2_eth_poll
 .text.mg_l2_eth_trailer
                0x0810759c       0x18 ./Core/Src/mongoose.o
                0x0810759c                mg_l2_eth_trailer
 .text.mg_l2_eth_getaddr
                0x081075b4        0x4 ./Core/Src/mongoose.o
                0x081075b4                mg_l2_eth_getaddr
 .text.mg_l2_ppp_init
                0x081075b8       0x12 ./Core/Src/mongoose.o
                0x081075b8                mg_l2_ppp_init
 *fill*         0x081075ca        0x2 
 .text.mg_l2_ppp_poll
                0x081075cc       0x14 ./Core/Src/mongoose.o
                0x081075cc                mg_l2_ppp_poll
 .text.mg_l2_ppp_trailer
                0x081075e0       0x44 ./Core/Src/mongoose.o
                0x081075e0                mg_l2_ppp_trailer
 .text.mg_l2_pppoe_trailer
                0x08107624       0x1a ./Core/Src/mongoose.o
                0x08107624                mg_l2_pppoe_trailer
 *fill*         0x0810763e        0x2 
 .text.mg_l2_ppp_getaddr
                0x08107640        0x8 ./Core/Src/mongoose.o
                0x08107640                mg_l2_ppp_getaddr
 .text.logc     0x08107648       0x14 ./Core/Src/mongoose.o
 .text.logs     0x0810765c       0x16 ./Core/Src/mongoose.o
 .text.decode_varint
                0x08107672       0x30 ./Core/Src/mongoose.o
 *fill*         0x081076a2        0x2 
 .text.mqtt_prop_type_by_id
                0x081076a4       0x28 ./Core/Src/mongoose.o
 .text.get_properties_length
                0x081076cc       0x68 ./Core/Src/mongoose.o
 .text.mg_aton4
                0x08107734       0x80 ./Core/Src/mongoose.o
 .text.mg_tcpip_call
                0x081077b4       0x20 ./Core/Src/mongoose.o
 .text.csumup   0x081077d4       0x1c ./Core/Src/mongoose.o
 .text.ipcsum   0x081077f0       0x1e ./Core/Src/mongoose.o
 *fill*         0x0810780e        0x2 
 .text.mg_print_hex
                0x08107810       0x44 ./Core/Src/mongoose.o
                0x08107810                mg_print_hex
 .text.mg_sha384_transform
                0x08107854      0x368 ./Core/Src/mongoose.o
 .text.aes_init_keygen_tables
                0x08107bbc      0x238 ./Core/Src/mongoose.o
 .text.aes_cipher
                0x08107df4      0x508 ./Core/Src/mongoose.o
 .text.gcm_mult
                0x081082fc       0xf4 ./Core/Src/mongoose.o
 .text.mg_der_parse
                0x081083f0       0x4e ./Core/Src/mongoose.o
 .text.mg_der_next
                0x0810843e       0x2e ./Core/Src/mongoose.o
 .text.mg_der_to_tlv
                0x0810846c       0x52 ./Core/Src/mongoose.o
 .text.core_block
                0x081084be      0x22c ./Core/Src/mongoose.o
 .text.U8TO32   0x081086ea        0x4 ./Core/Src/mongoose.o
 .text.poly1305_blocks
                0x081086ee      0x1b2 ./Core/Src/mongoose.o
 .text.poly1305_update
                0x081088a0       0x7a ./Core/Src/mongoose.o
 .text.write_64bit_int
                0x0810891a       0x16 ./Core/Src/mongoose.o
 .text.trim     0x08108930       0x20 ./Core/Src/mongoose.o
 .text.mg_uecc_vli_clear
                0x08108950        0xc ./Core/Src/mongoose.o
 .text.mg_uecc_vli_isZero
                0x0810895c       0x1e ./Core/Src/mongoose.o
 .text.mg_uecc_vli_testBit
                0x0810897a       0x12 ./Core/Src/mongoose.o
 .text.mg_uecc_vli_numBits
                0x0810898c       0x40 ./Core/Src/mongoose.o
 .text.mg_uecc_vli_set
                0x081089cc       0x18 ./Core/Src/mongoose.o
 .text.mg_uecc_vli_cmp_unsafe
                0x081089e4       0x2a ./Core/Src/mongoose.o
 .text.mg_uecc_vli_rshift1
                0x08108a0e       0x1a ./Core/Src/mongoose.o
 .text.mg_uecc_vli_add
                0x08108a28       0x2e ./Core/Src/mongoose.o
 .text.mg_uecc_vli_sub
                0x08108a56       0x30 ./Core/Src/mongoose.o
 .text.mg_uecc_vli_cmp
                0x08108a86       0x32 ./Core/Src/mongoose.o
 .text.mg_uecc_vli_modAdd
                0x08108ab8       0x32 ./Core/Src/mongoose.o
 *fill*         0x08108aea        0x2 
 .text.vli_mmod_fast_secp256r1
                0x08108aec      0x184 ./Core/Src/mongoose.o
 .text.regularize_k
                0x08108c70       0x58 ./Core/Src/mongoose.o
 .text.mg_uecc_generate_random_int
                0x08108cc8       0x74 ./Core/Src/mongoose.o
 .text.mg_uecc_vli_nativeToBytes
                0x08108d3c       0x24 ./Core/Src/mongoose.o
 .text.mg_uecc_vli_bytesToNative
                0x08108d60       0x3a ./Core/Src/mongoose.o
 .text.bits2int
                0x08108d9a       0x8a ./Core/Src/mongoose.o
 .text.HMAC_init
                0x08108e24       0x42 ./Core/Src/mongoose.o
 .text.HMAC_update
                0x08108e66        0x4 ./Core/Src/mongoose.o
 .text.HMAC_finish
                0x08108e6a       0x5e ./Core/Src/mongoose.o
 .text.update_V
                0x08108ec8       0x24 ./Core/Src/mongoose.o
 .text.propagate
                0x08108eec       0x2e ./Core/Src/mongoose.o
 .text.add      0x08108f1a       0x30 ./Core/Src/mongoose.o
 .text.sub      0x08108f4a       0x38 ./Core/Src/mongoose.o
 .text.mul      0x08108f82       0x9a ./Core/Src/mongoose.o
 .text.mul1     0x0810901c        0x8 ./Core/Src/mongoose.o
 .text.condswap
                0x08109024       0x2c ./Core/Src/mongoose.o
 .text.eth_read_phy
                0x08109050       0x30 ./Core/Src/mongoose.o
 .text.eth_write_phy
                0x08109080       0x30 ./Core/Src/mongoose.o
 .text.mg_free  0x081090b0        0x8 ./Core/Src/mongoose.o
 .text.packed_close
                0x081090b8        0x8 ./Core/Src/mongoose.o
 .text.mg_l2_eth_mapip
                0x081090c0       0x54 ./Core/Src/mongoose.o
                0x081090c0                mg_l2_eth_mapip
 .text.mg_l2_ppp_mapip
                0x08109114        0x4 ./Core/Src/mongoose.o
                0x08109114                mg_l2_ppp_mapip
 .text.urlparse
                0x08109118       0xe2 ./Core/Src/mongoose.o
 .text.mg_dns_parse_name_depth
                0x081091fa       0xc6 ./Core/Src/mongoose.o
 .text.mg_dns_parse_name
                0x081092c0       0x14 ./Core/Src/mongoose.o
 .text.packed_read
                0x081092d4       0x28 ./Core/Src/mongoose.o
 .text.mg_l2_eth_header
                0x081092fc       0x50 ./Core/Src/mongoose.o
                0x081092fc                mg_l2_eth_header
 .text.mg_l2_pppoe_header
                0x0810934c       0x38 ./Core/Src/mongoose.o
                0x0810934c                mg_l2_pppoe_header
 .text.mg_calloc
                0x08109384       0x26 ./Core/Src/mongoose.o
 .text.packed_open
                0x081093aa       0x2e ./Core/Src/mongoose.o
 .text.more_comps
                0x081093d8       0x5c ./Core/Src/mongoose.o
 .text.mg_pfn_stdout
                0x08109434        0x4 ./Core/Src/mongoose.o
                0x08109434                mg_pfn_stdout
 .text.alloc    0x08109438       0x4e ./Core/Src/mongoose.o
 .text.bi_import
                0x08109486       0x58 ./Core/Src/mongoose.o
 .text.bi_clone
                0x081094de       0x20 ./Core/Src/mongoose.o
 *fill*         0x081094fe        0x2 
 .text.bi_initialize
                0x08109500       0x34 ./Core/Src/mongoose.o
 .text.addexp   0x08109534       0x5a ./Core/Src/mongoose.o
 .text.mg_ncasecmp.part.0
                0x0810958e       0x36 ./Core/Src/mongoose.o
 .text.mg_uecc_vli_modSub
                0x081095c4       0x24 ./Core/Src/mongoose.o
 .text.vli_modInv_update
                0x081095e8       0x38 ./Core/Src/mongoose.o
 .text.mg_uecc_vli_modInv
                0x08109620      0x10a ./Core/Src/mongoose.o
 .text.is_dir_prefix
                0x0810972a       0x3e ./Core/Src/mongoose.o
 .text.packed_stat
                0x08109768       0x4c ./Core/Src/mongoose.o
 .text.mg_queue_read_len
                0x081097b4       0x38 ./Core/Src/mongoose.o
 .text.bi_free  0x081097ec       0x34 ./Core/Src/mongoose.o
 .text.bi_int_multiply
                0x08109820       0x7a ./Core/Src/mongoose.o
 .text.bi_subtract
                0x0810989a       0x64 ./Core/Src/mongoose.o
 .text.bi_add   0x081098fe       0x72 ./Core/Src/mongoose.o
 .text.bi_export
                0x08109970       0x68 ./Core/Src/mongoose.o
 .text.chacha20_xor_stream.constprop.0
                0x081099d8      0x120 ./Core/Src/mongoose.o
 .text.mg_print_esc
                0x08109af8       0x84 ./Core/Src/mongoose.o
                0x08109af8                mg_print_esc
 .text.mg_der_find_oid.constprop.0
                0x08109b7c       0x68 ./Core/Src/mongoose.o
 .text.bi_multiply
                0x08109be4       0x9e ./Core/Src/mongoose.o
 .text.mg_pfn_iobuf_noresize
                0x08109c82       0x2a ./Core/Src/mongoose.o
                0x08109c82                mg_pfn_iobuf_noresize
 .text.p_mkdir  0x08109cac        0x4 ./Core/Src/mongoose.o
 .text.p_read   0x08109cb0        0x4 ./Core/Src/mongoose.o
 .text.exp_bit_is_one.isra.0
                0x08109cb4       0x38 ./Core/Src/mongoose.o
 .text.gcm_finish.isra.0
                0x08109cec       0xbc ./Core/Src/mongoose.o
 .text.gcm_update.isra.0
                0x08109da8       0xc6 ./Core/Src/mongoose.o
 .text.gcm_start.isra.0
                0x08109e6e      0x136 ./Core/Src/mongoose.o
 .text.gcm_setkey.isra.0
                0x08109fa4      0x300 ./Core/Src/mongoose.o
 .text.getpeer.isra.0
                0x0810a2a4       0x72 ./Core/Src/mongoose.o
 .text.p_write  0x0810a316        0x4 ./Core/Src/mongoose.o
 .text.p_rename
                0x0810a31a        0x4 ./Core/Src/mongoose.o
 .text.packed_mkdir
                0x0810a31e        0x4 ./Core/Src/mongoose.o
 .text.p_remove
                0x0810a322        0x4 ./Core/Src/mongoose.o
 .text.p_close  0x0810a326        0x2 ./Core/Src/mongoose.o
 .text.mg_uecc_vli_mult
                0x0810a328       0xd8 ./Core/Src/mongoose.o
 .text.mg_uecc_vli_modMult
                0x0810a400      0x148 ./Core/Src/mongoose.o
 .text.mg_uecc_vli_modMult_fast
                0x0810a548       0x20 ./Core/Src/mongoose.o
 .text.mg_uecc_vli_modSquare_fast
                0x0810a568        0x8 ./Core/Src/mongoose.o
 .text.double_jacobian_default
                0x0810a570      0x152 ./Core/Src/mongoose.o
 .text.x_side_default
                0x0810a6c2       0x5e ./Core/Src/mongoose.o
 .text.mod_sqrt_default
                0x0810a720       0x74 ./Core/Src/mongoose.o
 .text.apply_z  0x0810a794       0x3e ./Core/Src/mongoose.o
 .text.XYcZ_add
                0x0810a7d2       0xd8 ./Core/Src/mongoose.o
 .text.XYcZ_addC
                0x0810a8aa      0x126 ./Core/Src/mongoose.o
 .text.EccPoint_mult
                0x0810a9d0      0x190 ./Core/Src/mongoose.o
 .text.mg_uecc_sign_with_k_internal
                0x0810ab60      0x194 ./Core/Src/mongoose.o
 .text.get_props_size
                0x0810acf4       0x1a ./Core/Src/mongoose.o
 .text.mg_l2_ppp_header
                0x0810ad0e       0x22 ./Core/Src/mongoose.o
                0x0810ad0e                mg_l2_ppp_header
 .text.mg_pass_string
                0x0810ad30       0x54 ./Core/Src/mongoose.o
 .text.bi_terminate
                0x0810ad84       0x4c ./Core/Src/mongoose.o
 .text.bi_free_mod
                0x0810add0       0x38 ./Core/Src/mongoose.o
 .text.bi_set_mod
                0x0810ae08       0x54 ./Core/Src/mongoose.o
 .text.bi_divide.constprop.0
                0x0810ae5c      0x280 ./Core/Src/mongoose.o
 .text.bi_mod_power
                0x0810b0dc      0x178 ./Core/Src/mongoose.o
 .text.poly1305_finish
                0x0810b254      0x184 ./Core/Src/mongoose.o
 .text.poly1305_calculate_mac
                0x0810b3d8      0x170 ./Core/Src/mongoose.o
 .text.pcsum    0x0810b548       0x48 ./Core/Src/mongoose.o
 .text.ppp_tx_frame_header
                0x0810b590       0x4c ./Core/Src/mongoose.o
 .text.mg_base64_decode
                0x0810b5dc       0xac ./Core/Src/mongoose.o
                0x0810b5dc                mg_base64_decode
 .text.mg_resolve_cancel
                0x0810b688       0x64 ./Core/Src/mongoose.o
                0x0810b688                mg_resolve_cancel
 .text.mg_dns_parse_rr
                0x0810b6ec       0x86 ./Core/Src/mongoose.o
                0x0810b6ec                mg_dns_parse_rr
 .text.mg_call  0x0810b772       0x24 ./Core/Src/mongoose.o
                0x0810b772                mg_call
 .text.mg_fs_open
                0x0810b796       0x2e ./Core/Src/mongoose.o
                0x0810b796                mg_fs_open
 .text.mg_fs_close
                0x0810b7c4       0x1a ./Core/Src/mongoose.o
                0x0810b7c4                mg_fs_close
 *fill*         0x0810b7de        0x2 
 .text.mg_to_size_t
                0x0810b7e0       0x80 ./Core/Src/mongoose.o
                0x0810b7e0                mg_to_size_t
 .text.mg_http_get_request_len
                0x0810b860       0x4c ./Core/Src/mongoose.o
                0x0810b860                mg_http_get_request_len
 .text.mg_http_get_header
                0x0810b8ac       0x40 ./Core/Src/mongoose.o
                0x0810b8ac                mg_http_get_header
 .text.mg_http_get_header_var
                0x0810b8ec       0xc4 ./Core/Src/mongoose.o
                0x0810b8ec                mg_http_get_header_var
 .text.mg_http_status
                0x0810b9b0        0x6 ./Core/Src/mongoose.o
                0x0810b9b0                mg_http_status
 *fill*         0x0810b9b6        0x2 
 .text.mg_json_get
                0x0810b9b8      0x344 ./Core/Src/mongoose.o
                0x0810b9b8                mg_json_get
 .text.mg_json_next
                0x0810bcfc      0x124 ./Core/Src/mongoose.o
                0x0810bcfc                mg_json_next
 .text.mg_json_get_tok
                0x0810be20       0x34 ./Core/Src/mongoose.o
                0x0810be20                mg_json_get_tok
 .text.mg_json_get_num
                0x0810be54       0x40 ./Core/Src/mongoose.o
                0x0810be54                mg_json_get_num
 .text.mg_json_get_bool
                0x0810be94       0x3a ./Core/Src/mongoose.o
                0x0810be94                mg_json_get_bool
 .text.mg_json_get_long
                0x0810bece       0x2a ./Core/Src/mongoose.o
                0x0810bece                mg_json_get_long
 .text.mg_l2_init
                0x0810bef8       0x10 ./Core/Src/mongoose.o
                0x0810bef8                mg_l2_init
 .text.mg_l2_poll
                0x0810bf08       0x10 ./Core/Src/mongoose.o
                0x0810bf08                mg_l2_poll
 .text.mg_l2_header
                0x0810bf18       0x18 ./Core/Src/mongoose.o
                0x0810bf18                mg_l2_header
 .text.tx_ip    0x0810bf30       0x4e ./Core/Src/mongoose.o
 *fill*         0x0810bf7e        0x2 
 .text.mg_l2_trailer
                0x0810bf80       0x18 ./Core/Src/mongoose.o
                0x0810bf80                mg_l2_trailer
 .text.mg_l2_rx
                0x0810bf98       0x18 ./Core/Src/mongoose.o
                0x0810bf98                mg_l2_rx
 .text.mg_l2_getaddr
                0x0810bfb0       0x10 ./Core/Src/mongoose.o
                0x0810bfb0                mg_l2_getaddr
 .text.mg_l2_mapip
                0x0810bfc0       0x18 ./Core/Src/mongoose.o
                0x0810bfc0                mg_l2_mapip
 .text.tcpip_mapip
                0x0810bfd8       0x3c ./Core/Src/mongoose.o
 .text.mg_l2_driver_output
                0x0810c014       0x20 ./Core/Src/mongoose.o
                0x0810c014                mg_l2_driver_output
 .text.tx_udp   0x0810c034       0x7e ./Core/Src/mongoose.o
 .text.udp_send
                0x0810c0b2       0x3a ./Core/Src/mongoose.o
 .text.tx_dhcp.constprop.0
                0x0810c0ec       0x98 ./Core/Src/mongoose.o
 .text.pppoe_tx_frame.constprop.0.isra.0
                0x0810c184       0x52 ./Core/Src/mongoose.o
 .text.ppp_tx_frame_trailer.isra.0
                0x0810c1d6       0x22 ./Core/Src/mongoose.o
 .text.ppp_tx_frame.isra.0
                0x0810c1f8       0x24 ./Core/Src/mongoose.o
 .text.mg_hexdump
                0x0810c21c      0x118 ./Core/Src/mongoose.o
                0x0810c21c                mg_hexdump
 .text.mg_mqtt_parse
                0x0810c334      0x102 ./Core/Src/mongoose.o
                0x0810c334                mg_mqtt_parse
 .text.mg_alloc_conn
                0x0810c436       0x26 ./Core/Src/mongoose.o
                0x0810c436                mg_alloc_conn
 .text.mg_timer_add
                0x0810c45c       0x36 ./Core/Src/mongoose.o
                0x0810c45c                mg_timer_add
 .text.mg_tcpip_arp_request
                0x0810c492       0x86 ./Core/Src/mongoose.o
                0x0810c492                mg_tcpip_arp_request
 .text.mg_tcpip_mapip
                0x0810c518       0x1c ./Core/Src/mongoose.o
                0x0810c518                mg_tcpip_mapip
 .text.mg_multicast_restore
                0x0810c534       0x20 ./Core/Src/mongoose.o
                0x0810c534                mg_multicast_restore
 .text.mg_snprintf
                0x0810c554       0x1c ./Core/Src/mongoose.o
                0x0810c554                mg_snprintf
 .text.packed_list
                0x0810c570       0x9c ./Core/Src/mongoose.o
 .text.mg_http_etag
                0x0810c60c       0x24 ./Core/Src/mongoose.o
                0x0810c60c                mg_http_etag
 .text.mg_log_prefix
                0x0810c630       0x6c ./Core/Src/mongoose.o
                0x0810c630                mg_log_prefix
 *fill*         0x0810c69c        0x4 
 .text.mg_dtoa.constprop.0
                0x0810c6a0      0x2bc ./Core/Src/mongoose.o
 .text.mg_vxprintf
                0x0810c95c      0x3f0 ./Core/Src/mongoose.o
                0x0810c95c                mg_vxprintf
 .text.mg_xprintf
                0x0810cd4c       0x1c ./Core/Src/mongoose.o
                0x0810cd4c                mg_xprintf
 .text.mg_print_ip4
                0x0810cd68       0x28 ./Core/Src/mongoose.o
                0x0810cd68                mg_print_ip4
 .text.mg_print_mac
                0x0810cd90       0x30 ./Core/Src/mongoose.o
                0x0810cd90                mg_print_mac
 .text.print_ip6
                0x0810cdc0       0x50 ./Core/Src/mongoose.o
 .text.mg_print_ip_port
                0x0810ce10       0x28 ./Core/Src/mongoose.o
                0x0810ce10                mg_print_ip_port
 .text.mg_print_ip
                0x0810ce38       0x34 ./Core/Src/mongoose.o
                0x0810ce38                mg_print_ip
 .text.mg_log   0x0810ce6c       0x38 ./Core/Src/mongoose.o
                0x0810ce6c                mg_log
 .text.mg_ota_flash_begin
                0x0810cea4       0xc4 ./Core/Src/mongoose.o
                0x0810cea4                mg_ota_flash_begin
 .text.mg_ota_begin
                0x0810cf68       0x4c ./Core/Src/mongoose.o
                0x0810cf68                mg_ota_begin
 .text.mg_l2_eth_init
                0x0810cfb4       0x70 ./Core/Src/mongoose.o
                0x0810cfb4                mg_l2_eth_init
 .text.mg_l2_pppoe_init
                0x0810d024       0x14 ./Core/Src/mongoose.o
                0x0810d024                mg_l2_pppoe_init
 .text.trim_len
                0x0810d038       0xc8 ./Core/Src/mongoose.o
 .text.settmout
                0x0810d100       0x80 ./Core/Src/mongoose.o
 .text.mg_tcpip_init
                0x0810d180       0xfc ./Core/Src/mongoose.o
                0x0810d180                mg_tcpip_init
 .text.get_return_l2addr
                0x0810d27c       0x88 ./Core/Src/mongoose.o
 .text.handle_opt
                0x0810d304       0xa0 ./Core/Src/mongoose.o
 .text.mg_tls_hexdump
                0x0810d3a4       0x44 ./Core/Src/mongoose.o
 .text.mg_rsa_parse_der_int
                0x0810d3e8      0x178 ./Core/Src/mongoose.o
 .text.mg_rsa_parse_key
                0x0810d560      0x50c ./Core/Src/mongoose.o
 .text.mg_tcpip_driver_stm32f_tx
                0x0810da6c       0xcc ./Core/Src/mongoose.o
 .text.mg_der_debug_cert_name
                0x0810db38       0xc4 ./Core/Src/mongoose.o
 .text.mg_dns_parse
                0x0810dbfc      0x168 ./Core/Src/mongoose.o
                0x0810dbfc                mg_dns_parse
 .text.mg_l2_pppoe_poll
                0x0810dd64       0x88 ./Core/Src/mongoose.o
                0x0810dd64                mg_l2_pppoe_poll
 .text.onstatechange
                0x0810ddec      0x10c ./Core/Src/mongoose.o
 .text.tx_tcp   0x0810def8      0x124 ./Core/Src/mongoose.o
 .text.mg_mgr_init
                0x0810e01c       0xbc ./Core/Src/mongoose.o
                0x0810e01c                mg_mgr_init
 .text.ppp_rx.constprop.0
                0x0810e0d8      0x424 ./Core/Src/mongoose.o
 .text.mg_l2_ppp_rx
                0x0810e4fc       0x2e ./Core/Src/mongoose.o
                0x0810e4fc                mg_l2_ppp_rx
 *fill*         0x0810e52a        0x2 
 .text.mg_vsnprintf
                0x0810e52c       0x28 ./Core/Src/mongoose.o
                0x0810e52c                mg_vsnprintf
 .text.mg_error
                0x0810e554       0x6c ./Core/Src/mongoose.o
                0x0810e554                mg_error
 .text.mg_vprintf
                0x0810e5c0       0x34 ./Core/Src/mongoose.o
                0x0810e5c0                mg_vprintf
 .text.mg_printf
                0x0810e5f4       0x1c ./Core/Src/mongoose.o
                0x0810e5f4                mg_printf
 .text.mg_http_reply
                0x0810e610       0x90 ./Core/Src/mongoose.o
                0x0810e610                mg_http_reply
 .text.mg_vmprintf
                0x0810e6a0       0x28 ./Core/Src/mongoose.o
                0x0810e6a0                mg_vmprintf
 .text.mg_mprintf
                0x0810e6c8       0x1c ./Core/Src/mongoose.o
                0x0810e6c8                mg_mprintf
 .text.mg_queue_book
                0x0810e6e4       0x5e ./Core/Src/mongoose.o
                0x0810e6e4                mg_queue_book
 *fill*         0x0810e742        0x2 
 .text.mg_queue_next
                0x0810e744       0x5c ./Core/Src/mongoose.o
                0x0810e744                mg_queue_next
 .text.mg_queue_add
                0x0810e7a0       0x4c ./Core/Src/mongoose.o
                0x0810e7a0                mg_queue_add
 .text.mg_tcpip_qwrite
                0x0810e7ec       0x4c ./Core/Src/mongoose.o
                0x0810e7ec                mg_tcpip_qwrite
 .text.mg_queue_del
                0x0810e838       0x30 ./Core/Src/mongoose.o
                0x0810e838                mg_queue_del
 .text.init_SHA256
                0x0810e868        0x6 ./Core/Src/mongoose.o
 .text.update_SHA256
                0x0810e86e        0x6 ./Core/Src/mongoose.o
 .text.finish_SHA256
                0x0810e874        0xc ./Core/Src/mongoose.o
 .text.mg_tls_calc_cert_verify_hash.isra.0
                0x0810e880       0x98 ./Core/Src/mongoose.o
 .text.mg_sha384_init
                0x0810e918       0xa8 ./Core/Src/mongoose.o
                0x0810e918                mg_sha384_init
 .text.mg_sha384_update
                0x0810e9c0       0x64 ./Core/Src/mongoose.o
                0x0810e9c0                mg_sha384_update
 .text.mg_sha384_final
                0x0810ea24      0x106 ./Core/Src/mongoose.o
                0x0810ea24                mg_sha384_final
 .text.mg_sha384
                0x0810eb2a       0x20 ./Core/Src/mongoose.o
                0x0810eb2a                mg_sha384
 *fill*         0x0810eb4a        0x2 
 .text.mg_tls_parse_cert_der
                0x0810eb4c      0x564 ./Core/Src/mongoose.o
 .text.mg_now   0x0810f0b0       0x18 ./Core/Src/mongoose.o
                0x0810f0b0                mg_now
 .text.mg_http_serve_ssi
                0x0810f0c8       0x10 ./Core/Src/mongoose.o
                0x0810f0c8                mg_http_serve_ssi
 .text.mg_str_s
                0x0810f0d8       0x16 ./Core/Src/mongoose.o
                0x0810f0d8                mg_str_s
 .text.mg_str_n
                0x0810f0ee        0x6 ./Core/Src/mongoose.o
                0x0810f0ee                mg_str_n
 .text.mg_strdup
                0x0810f0f4       0x3a ./Core/Src/mongoose.o
                0x0810f0f4                mg_strdup
 .text.mg_strcmp
                0x0810f12e       0x48 ./Core/Src/mongoose.o
                0x0810f12e                mg_strcmp
 .text.mg_strcasecmp
                0x0810f176       0x66 ./Core/Src/mongoose.o
                0x0810f176                mg_strcasecmp
 .text.mg_http_parse
                0x0810f1dc      0x380 ./Core/Src/mongoose.o
                0x0810f1dc                mg_http_parse
 .text.mg_match
                0x0810f55c      0x100 ./Core/Src/mongoose.o
                0x0810f55c                mg_match
 .text.mg_parse_pem
                0x0810f65c       0xc0 ./Core/Src/mongoose.o
 .text.mg_span  0x0810f71c       0x4a ./Core/Src/mongoose.o
                0x0810f71c                mg_span
 .text.mg_http_var
                0x0810f766       0x68 ./Core/Src/mongoose.o
                0x0810f766                mg_http_var
 *fill*         0x0810f7ce        0x2 
 .text.guess_content_type
                0x0810f7d0       0xf4 ./Core/Src/mongoose.o
 .text.mg_http_serve_file
                0x0810f8c4      0x31c ./Core/Src/mongoose.o
                0x0810f8c4                mg_http_serve_file
 .text.mg_str_to_num
                0x0810fbe0      0x1e8 ./Core/Src/mongoose.o
                0x0810fbe0                mg_str_to_num
 .text.mg_url_decode
                0x0810fdc8       0x9c ./Core/Src/mongoose.o
                0x0810fdc8                mg_url_decode
 .text.mg_http_get_var
                0x0810fe64       0x62 ./Core/Src/mongoose.o
                0x0810fe64                mg_http_get_var
 *fill*         0x0810fec6        0x2 
 .text.mg_http_creds
                0x0810fec8      0x104 ./Core/Src/mongoose.o
                0x0810fec8                mg_http_creds
 .text.skip_chunk
                0x0810ffcc       0x96 ./Core/Src/mongoose.o
 *fill*         0x08110062        0x2 
 .text.mg_json_unescape
                0x08110064       0xdc ./Core/Src/mongoose.o
                0x08110064                mg_json_unescape
 .text.mg_json_get_str
                0x08110140       0x56 ./Core/Src/mongoose.o
                0x08110140                mg_json_get_str
 *fill*         0x08110196        0x2 
 .text.mg_aton  0x08110198      0x1c8 ./Core/Src/mongoose.o
                0x08110198                mg_aton
 .text.mg_timer_free
                0x08110360       0x14 ./Core/Src/mongoose.o
                0x08110360                mg_timer_free
 .text.mg_timer_expired
                0x08110374       0x4e ./Core/Src/mongoose.o
                0x08110374                mg_timer_expired
 .text.mg_timer_poll
                0x081103c2       0x74 ./Core/Src/mongoose.o
                0x081103c2                mg_timer_poll
 .text.mg_tls_pending
                0x08110436        0xa ./Core/Src/mongoose.o
                0x08110436                mg_tls_pending
 .text.mg_uecc_sign_deterministic
                0x08110440      0x198 ./Core/Src/mongoose.o
                0x08110440                mg_uecc_sign_deterministic
 .text.mg_uecc_verify
                0x081105d8      0x2d2 ./Core/Src/mongoose.o
                0x081105d8                mg_uecc_verify
 *fill*         0x081108aa        0x2 
 .text.mg_tls_verify_cert_signature
                0x081108ac      0x19c ./Core/Src/mongoose.o
 .text.mg_url_is_ssl
                0x08110a48       0x6c ./Core/Src/mongoose.o
                0x08110a48                mg_url_is_ssl
 .text.mg_url_host
                0x08110ab4       0x30 ./Core/Src/mongoose.o
                0x08110ab4                mg_url_host
 .text.mg_url_port
                0x08110ae4       0xac ./Core/Src/mongoose.o
                0x08110ae4                mg_url_port
 .text.mg_open_listener
                0x08110b90       0x60 ./Core/Src/mongoose.o
                0x08110b90                mg_open_listener
 .text.mg_listen
                0x08110bf0       0xfc ./Core/Src/mongoose.o
                0x08110bf0                mg_listen
 .text.mg_http_listen
                0x08110cec       0x14 ./Core/Src/mongoose.o
                0x08110cec                mg_http_listen
 .text.mg_mqtt_listen
                0x08110d00       0x18 ./Core/Src/mongoose.o
                0x08110d00                mg_mqtt_listen
 .text.mg_bzero
                0x08110d18       0x12 ./Core/Src/mongoose.o
                0x08110d18                mg_bzero
 *fill*         0x08110d2a        0x2 
 .text.mg_iobuf_resize
                0x08110d2c       0xa4 ./Core/Src/mongoose.o
                0x08110d2c                mg_iobuf_resize
 .text.static_cb
                0x08110dd0       0xa0 ./Core/Src/mongoose.o
 .text.mg_iobuf_add
                0x08110e70       0x6a ./Core/Src/mongoose.o
                0x08110e70                mg_iobuf_add
 *fill*         0x08110eda        0x2 
 .text.mg_send  0x08110edc       0x9c ./Core/Src/mongoose.o
                0x08110edc                mg_send
 .text.mg_http_printf_chunk
                0x08110f78       0x98 ./Core/Src/mongoose.o
                0x08110f78                mg_http_printf_chunk
 .text.mg_http_write_chunk
                0x08111010       0x50 ./Core/Src/mongoose.o
                0x08111010                mg_http_write_chunk
 .text.mqtt_send_header
                0x08111060       0x3e ./Core/Src/mongoose.o
 *fill*         0x0811109e        0x2 
 .text.mg_mqtt_send_header
                0x081110a0       0x1c ./Core/Src/mongoose.o
                0x081110a0                mg_mqtt_send_header
 .text.mg_mqtt_ping
                0x081110bc        0xa ./Core/Src/mongoose.o
                0x081110bc                mg_mqtt_ping
 .text.mg_mqtt_pong
                0x081110c6        0xa ./Core/Src/mongoose.o
                0x081110c6                mg_mqtt_pong
 .text.mg_send_u16
                0x081110d0       0x16 ./Core/Src/mongoose.o
 *fill*         0x081110e6        0x2 
 .text.mg_dns_send
                0x081110e8       0x98 ./Core/Src/mongoose.o
 .text.mg_iobuf_free
                0x08111180        0x6 ./Core/Src/mongoose.o
                0x08111180                mg_iobuf_free
 .text.mg_tls_free
                0x08111186       0x56 ./Core/Src/mongoose.o
                0x08111186                mg_tls_free
 .text.mg_tls_encrypt
                0x081111dc      0x17c ./Core/Src/mongoose.o
 .text.mg_tls_client_send_finish
                0x08111358       0x60 ./Core/Src/mongoose.o
 .text.mg_pfn_iobuf
                0x081113b8       0x3e ./Core/Src/mongoose.o
                0x081113b8                mg_pfn_iobuf
 .text.mg_iobuf_del
                0x081113f6       0x44 ./Core/Src/mongoose.o
                0x081113f6                mg_iobuf_del
 *fill*         0x0811143a        0x2 
 .text.http_cb.part.0
                0x0811143c      0x328 ./Core/Src/mongoose.o
 .text.http_cb  0x08111764       0x2c ./Core/Src/mongoose.o
 .text.mg_tls_drop_record
                0x08111790       0x14 ./Core/Src/mongoose.o
 .text.mg_tls_recv_record
                0x081117a4      0x1dc ./Core/Src/mongoose.o
 .text.mg_tls_drop_message
                0x08111980       0x5c ./Core/Src/mongoose.o
 .text.mg_tls_recv_cert
                0x081119dc      0x458 ./Core/Src/mongoose.o
 .text.mg_tls_recv_cert_verify
                0x08111e34      0x26c ./Core/Src/mongoose.o
 .text.mg_tls_recv
                0x081120a0       0x6a ./Core/Src/mongoose.o
                0x081120a0                mg_tls_recv
 *fill*         0x0811210a        0x2 
 .text.handle_tls_recv
                0x0811210c       0x78 ./Core/Src/mongoose.o
 .text.mqtt_cb  0x08112184      0x21c ./Core/Src/mongoose.o
 .text.mg_close_conn
                0x081123a0       0x9c ./Core/Src/mongoose.o
                0x081123a0                mg_close_conn
 .text.mg_random_str
                0x0811243c       0x4a ./Core/Src/mongoose.o
                0x0811243c                mg_random_str
 *fill*         0x08112486        0x2 
 .text.mg_crc32
                0x08112488       0x3c ./Core/Src/mongoose.o
                0x08112488                mg_crc32
 .text.mg_ota_flash_write
                0x081124c4      0x224 ./Core/Src/mongoose.o
                0x081124c4                mg_ota_flash_write
 .text.mg_ota_write
                0x081126e8        0xc ./Core/Src/mongoose.o
                0x081126e8                mg_ota_write
 .text.mg_ota_flash_end
                0x081126f4      0x1c0 ./Core/Src/mongoose.o
                0x081126f4                mg_ota_flash_end
 .text.mg_ota_end
                0x081128b4       0x40 ./Core/Src/mongoose.o
                0x081128b4                mg_ota_end
 .text.mg_l2_eth_rx
                0x081128f4      0x110 ./Core/Src/mongoose.o
                0x081128f4                mg_l2_eth_rx
 .text.mg_l2_pppoe_rx
                0x08112a04      0x1bc ./Core/Src/mongoose.o
                0x08112a04                mg_l2_pppoe_rx
 .text.mg_path_is_sane
                0x08112bc0       0x4a ./Core/Src/mongoose.o
                0x08112bc0                mg_path_is_sane
 *fill*         0x08112c0a        0x2 
 .text.mg_http_serve_dir
                0x08112c0c      0x2dc ./Core/Src/mongoose.o
                0x08112c0c                mg_http_serve_dir
 .text.mg_ntohs
                0x08112ee8        0x6 ./Core/Src/mongoose.o
                0x08112ee8                mg_ntohs
 .text.mg_ntohl
                0x08112eee        0x4 ./Core/Src/mongoose.o
                0x08112eee                mg_ntohl
 .text.mg_send_mqtt_properties
                0x08112ef2      0x106 ./Core/Src/mongoose.o
 .text.mg_mqtt_login
                0x08112ff8      0x214 ./Core/Src/mongoose.o
                0x08112ff8                mg_mqtt_login
 .text.mg_mqtt_pub
                0x0811320c      0x130 ./Core/Src/mongoose.o
                0x0811320c                mg_mqtt_pub
 .text.mg_mqtt_sub_unsub
                0x0811333c       0xb8 ./Core/Src/mongoose.o
 .text.mg_mqtt_sub
                0x081133f4        0x6 ./Core/Src/mongoose.o
                0x081133f4                mg_mqtt_sub
 .text.mg_io_send
                0x081133fa       0x98 ./Core/Src/mongoose.o
                0x081133fa                mg_io_send
 *fill*         0x08113492        0x2 
 .text.mg_tls_send
                0x08113494       0xd8 ./Core/Src/mongoose.o
                0x08113494                mg_tls_send
 .text.mg_tls_flush
                0x0811356c       0x26 ./Core/Src/mongoose.o
                0x0811356c                mg_tls_flush
 .text.l2addr_resolved
                0x08113592       0x62 ./Core/Src/mongoose.o
 .text.mg_connect_resolved
                0x081135f4      0x148 ./Core/Src/mongoose.o
                0x081135f4                mg_connect_resolved
 .text.dns_cb   0x0811373c      0x1a0 ./Core/Src/mongoose.o
 .text.mg_resolve
                0x081138dc      0x1f0 ./Core/Src/mongoose.o
                0x081138dc                mg_resolve
 .text.mg_connect_svc
                0x08113acc      0x138 ./Core/Src/mongoose.o
                0x08113acc                mg_connect_svc
 .text.mg_http_connect
                0x08113c04       0x18 ./Core/Src/mongoose.o
                0x08113c04                mg_http_connect
 .text.mg_mqtt_connect
                0x08113c1c       0x40 ./Core/Src/mongoose.o
                0x08113c1c                mg_mqtt_connect
 .text.mg_connect
                0x08113c5c       0x10 ./Core/Src/mongoose.o
                0x08113c5c                mg_connect
 .text.mg_dnsc_init
                0x08113c6c       0x3c ./Core/Src/mongoose.o
                0x08113c6c                mg_dnsc_init
 .text.mg_sntp_connect
                0x08113ca8       0x24 ./Core/Src/mongoose.o
                0x08113ca8                mg_sntp_connect
 .text.tx_tcp_ctrlresp
                0x08113ccc       0xd6 ./Core/Src/mongoose.o
 .text.tx_tcp_rst.isra.0
                0x08113da2       0x12 ./Core/Src/mongoose.o
 *fill*         0x08113db4        0x4 
 .text.gettimestamp
                0x08113db8       0x60 ./Core/Src/mongoose.o
 .text.mg_sntp_parse
                0x08113e18      0x124 ./Core/Src/mongoose.o
                0x08113e18                mg_sntp_parse
 *fill*         0x08113f3c        0x4 
 .text.mg_sntp_request
                0x08113f40       0xc4 ./Core/Src/mongoose.o
                0x08113f40                mg_sntp_request
 .text.sntp_cb  0x08114004       0xbc ./Core/Src/mongoose.o
 .text.mg_tcpip_rx
                0x081140c0     0x1184 ./Core/Src/mongoose.o
 .text.mg_mgr_poll
                0x08115244      0x630 ./Core/Src/mongoose.o
                0x08115244                mg_mgr_poll
 .text.mg_phy_init
                0x08115874      0x1a0 ./Core/Src/mongoose.o
                0x08115874                mg_phy_init
 .text.mg_tcpip_driver_stm32f_init
                0x08115a14      0x254 ./Core/Src/mongoose.o
 .text.mg_phy_up
                0x08115c68      0x14c ./Core/Src/mongoose.o
                0x08115c68                mg_phy_up
 .text.mg_tcpip_driver_stm32f_poll
                0x08115db4      0x1c8 ./Core/Src/mongoose.o
 .text.ETH_IRQHandler
                0x08115f7c       0x90 ./Core/Src/mongoose.o
                0x08115f7c                ETH_IRQHandler
 .text.srv_client
                0x0811600c       0x2c ./Core/Src/mqtt_server.o
 .text.srv_send_connack
                0x08116038       0x24 ./Core/Src/mqtt_server.o
 .text.srv_varint_end.constprop.0
                0x0811605c       0x1e ./Core/Src/mqtt_server.o
 *fill*         0x0811607a        0x2 
 .text.mqtt_srv_cb
                0x0811607c      0x804 ./Core/Src/mqtt_server.o
 .text.mqtt_server_init
                0x08116880      0x168 ./Core/Src/mqtt_server.o
                0x08116880                mqtt_server_init
 .text.mqtt_server_poll
                0x081169e8      0x120 ./Core/Src/mqtt_server.o
                0x081169e8                mqtt_server_poll
 .text.mqtt_server_publish
                0x08116b08      0x108 ./Core/Src/mqtt_server.o
                0x08116b08                mqtt_server_publish
 .text.mqtt_server_client_count
                0x08116c10        0xc ./Core/Src/mqtt_server.o
                0x08116c10                mqtt_server_client_count
 .text.mqtt_server_slzb_connected
                0x08116c1c       0x38 ./Core/Src/mqtt_server.o
                0x08116c1c                mqtt_server_slzb_connected
 .text.button_init
                0x08116c54       0x3c ./Core/Src/multi_button.o
                0x08116c54                button_init
 .text.button_attach
                0x08116c90        0x8 ./Core/Src/multi_button.o
                0x08116c90                button_attach
 .text.get_button_event
                0x08116c98        0x6 ./Core/Src/multi_button.o
                0x08116c98                get_button_event
 *fill*         0x08116c9e        0x2 
 .text.button_start
                0x08116ca0       0x24 ./Core/Src/multi_button.o
                0x08116ca0                button_start
 .text.button_ticks
                0x08116cc4      0x1b8 ./Core/Src/multi_button.o
                0x08116cc4                button_ticks
 .text.ota_session_clear
                0x08116e7c       0x1c ./Core/Src/net.o
 .text.print_int_arr
                0x08116e98       0x60 ./Core/Src/net.o
 .text.require_post_json
                0x08116ef8       0x84 ./Core/Src/net.o
 .text.mg_free  0x08116f7c        0x8 ./Core/Src/net.o
 .text.ota_health_check_fn
                0x08116f84       0x48 ./Core/Src/net.o
                0x08116f84                ota_health_check_fn
 .text.ota_log_direct
                0x08116fcc       0x58 ./Core/Src/net.o
 .text.print_status
                0x08117024       0xcc ./Core/Src/net.o
 .text.check_etag_304
                0x081170f0       0x70 ./Core/Src/net.o
 .text.timer_fn_mqtt
                0x08117160      0x414 ./Core/Src/net.o
                0x08117160                timer_fn_mqtt
 .text.fn_mqtt  0x08117574      0x790 ./Core/Src/net.o
 .text.timer_sntp_fn
                0x08117d04       0x54 ./Core/Src/net.o
 .text.sfn      0x08117d58       0x5c ./Core/Src/net.o
 .text.session_is_active
                0x08117db4       0x28 ./Core/Src/net.o
 .text.ota_watchdog_fn
                0x08117ddc       0x70 ./Core/Src/net.o
                0x08117ddc                ota_watchdog_fn
 .text.handle_firmware_commit.part.0
                0x08117e4c       0x14 ./Core/Src/net.o
 .text.fmt_float.constprop.0
                0x08117e60      0x164 ./Core/Src/net.o
 .text.mg_calloc.constprop.0
                0x08117fc4       0x18 ./Core/Src/net.o
 .text.tls_hs_track_finish.constprop.0.isra.0
                0x08117fdc       0x24 ./Core/Src/net.o
 .text.ui_event_next
                0x08118000       0xa4 ./Core/Src/net.o
                0x08118000                ui_event_next
 .text.print_events
                0x081180a4       0xb0 ./Core/Src/net.o
 .text.authenticate
                0x08118154       0xc0 ./Core/Src/net.o
                0x08118154                authenticate
 .text.handle_login
                0x08118214      0x1b8 ./Core/Src/net.o
                0x08118214                handle_login
 .text.handle_logout
                0x081183cc       0x8c ./Core/Src/net.o
                0x081183cc                handle_logout
 .text.handle_debug
                0x08118458       0x44 ./Core/Src/net.o
                0x08118458                handle_debug
 .text.handle_stats_get
                0x0811849c       0x7c ./Core/Src/net.o
                0x0811849c                handle_stats_get
 .text.handle_events_get
                0x08118518       0x60 ./Core/Src/net.o
                0x08118518                handle_events_get
 .text.handle_logs_get
                0x08118578       0x9c ./Core/Src/net.o
                0x08118578                handle_logs_get
 .text.handle_settings_set
                0x08118614       0xec ./Core/Src/net.o
                0x08118614                handle_settings_set
 .text.handle_settings_get
                0x08118700       0x80 ./Core/Src/net.o
                0x08118700                handle_settings_get
 .text.handle_firmware_upload
                0x08118780      0x310 ./Core/Src/net.o
                0x08118780                handle_firmware_upload
 .text.handle_firmware_commit
                0x08118a90       0x54 ./Core/Src/net.o
                0x08118a90                handle_firmware_commit
 .text.handle_firmware_rollback
                0x08118ae4       0x54 ./Core/Src/net.o
                0x08118ae4                handle_firmware_rollback
 .text.handle_firmware_switch_bank
                0x08118b38       0x54 ./Core/Src/net.o
                0x08118b38                handle_firmware_switch_bank
 .text.handle_firmware_status
                0x08118b8c       0xe8 ./Core/Src/net.o
                0x08118b8c                handle_firmware_status
 .text.handle_device_reset
                0x08118c74       0x40 ./Core/Src/net.o
                0x08118c74                handle_device_reset
 .text.handle_device_eraselast
                0x08118cb4       0x44 ./Core/Src/net.o
                0x08118cb4                handle_device_eraselast
 .text.net_dtcm_init
                0x08118cf8       0x24 ./Core/Src/net.o
                0x08118cf8                net_dtcm_init
 .text.json_escape_str
                0x08118d1c       0x84 ./Core/Src/net.o
                0x08118d1c                json_escape_str
 .text.handle_get_pins
                0x08118da0      0x550 ./Core/Src/net.o
 .text.handle_pid
                0x081192f0      0x22c ./Core/Src/net.o
 .text.build_pinact_json.part.0.constprop.0.isra.0
                0x0811951c       0xe8 ./Core/Src/net.o
 .text.handle_buttons
                0x08119604      0x370 ./Core/Src/net.o
                0x08119604                handle_buttons
 .text.handle_switches
                0x08119974      0x2f8 ./Core/Src/net.o
                0x08119974                handle_switches
 .text.handle_encoders
                0x08119c6c      0x350 ./Core/Src/net.o
                0x08119c6c                handle_encoders
 .text.fn       0x08119fbc     0x2af0 ./Core/Src/net.o
                0x08119fbc                fn
 .text.web_init
                0x0811caac      0x324 ./Core/Src/net.o
                0x0811caac                web_init
 .text.ONEWIRE_DELAY
                0x0811cdd0       0x2c ./Core/Src/onewire.o
                0x0811cdd0                ONEWIRE_DELAY
 .text.ONEWIRE_LOW
                0x0811cdfc        0xa ./Core/Src/onewire.o
                0x0811cdfc                ONEWIRE_LOW
 .text.ONEWIRE_INPUT
                0x0811ce06       0x1e ./Core/Src/onewire.o
                0x0811ce06                ONEWIRE_INPUT
 .text.ONEWIRE_OUTPUT
                0x0811ce24       0x20 ./Core/Src/onewire.o
                0x0811ce24                ONEWIRE_OUTPUT
 .text.OneWire_Init
                0x0811ce44       0x4c ./Core/Src/onewire.o
                0x0811ce44                OneWire_Init
 .text.OneWire_Reset
                0x0811ce90       0x44 ./Core/Src/onewire.o
                0x0811ce90                OneWire_Reset
 .text.OneWire_WriteBit
                0x0811ced4       0x4e ./Core/Src/onewire.o
                0x0811ced4                OneWire_WriteBit
 .text.OneWire_ReadBit
                0x0811cf22       0x40 ./Core/Src/onewire.o
                0x0811cf22                OneWire_ReadBit
 .text.OneWire_WriteByte
                0x0811cf62       0x1e ./Core/Src/onewire.o
                0x0811cf62                OneWire_WriteByte
 .text.OneWire_ReadByte
                0x0811cf80       0x20 ./Core/Src/onewire.o
                0x0811cf80                OneWire_ReadByte
 .text.OneWire_Search
                0x0811cfa0       0xb8 ./Core/Src/onewire.o
                0x0811cfa0                OneWire_Search
 .text.OneWire_First
                0x0811d058        0xc ./Core/Src/onewire.o
                0x0811d058                OneWire_First
 .text.OneWire_Next
                0x0811d064        0x6 ./Core/Src/onewire.o
                0x0811d064                OneWire_Next
 .text.OneWire_Select
                0x0811d06a       0x20 ./Core/Src/onewire.o
                0x0811d06a                OneWire_Select
 .text.OneWire_SelectWithPointer
                0x0811d08a        0x4 ./Core/Src/onewire.o
                0x0811d08a                OneWire_SelectWithPointer
 *fill*         0x0811d08e        0x2 
 .text.OneWire_GetFullROM
                0x0811d090       0x5c ./Core/Src/onewire.o
                0x0811d090                OneWire_GetFullROM
 .text.OneWire_CRC8
                0x0811d0ec       0x32 ./Core/Src/onewire.o
                0x0811d0ec                OneWire_CRC8
 .text.zbee_sanitize_str
                0x0811d11e       0x20 ./Core/Src/setings.o
 *fill*         0x0811d13e        0x2 
 .text.is_action_set
                0x0811d140       0x1c ./Core/Src/setings.o
 .text.mg_free  0x0811d15c        0x8 ./Core/Src/setings.o
 .text.writeField.constprop.0
                0x0811d164       0x74 ./Core/Src/setings.o
 .text.SetSettingsConfig
                0x0811d1d8      0x65c ./Core/Src/setings.o
                0x0811d1d8                SetSettingsConfig
 .text.StartSettingsConfig
                0x0811d834      0x3ac ./Core/Src/setings.o
                0x0811d834                StartSettingsConfig
 .text.GetSettingsConfig
                0x0811dbe0      0x9cc ./Core/Src/setings.o
                0x0811dbe0                GetSettingsConfig
 .text.GetCronConfig
                0x0811e5ac      0x274 ./Core/Src/setings.o
                0x0811e5ac                GetCronConfig
 .text.SetCronConfig
                0x0811e820      0x120 ./Core/Src/setings.o
                0x0811e820                SetCronConfig
 .text.GetPinConfig
                0x0811e940      0xa80 ./Core/Src/setings.o
                0x0811e940                GetPinConfig
 .text.SetPinConfig
                0x0811f3c0      0x718 ./Core/Src/setings.o
                0x0811f3c0                SetPinConfig
 .text.GetPinToPin
                0x0811fad8      0x1d0 ./Core/Src/setings.o
                0x0811fad8                GetPinToPin
 .text.SetPinToPin
                0x0811fca8      0x17c ./Core/Src/setings.o
                0x0811fca8                SetPinToPin
 .text.InitPin  0x0811fe24      0x508 ./Core/Src/setings.o
                0x0811fe24                InitPin
 .text.InitMultibutton
                0x0812032c       0xc4 ./Core/Src/setings.o
                0x0812032c                InitMultibutton
 .text.ProcessKeyValuePair
                0x081203f0      0x628 ./Core/Src/setings.o
                0x081203f0                ProcessKeyValuePair
 .text.GetOneWireConfig
                0x08120a18      0x1c8 ./Core/Src/setings.o
                0x08120a18                GetOneWireConfig
 .text.SetOneWireConfig
                0x08120be0      0x35c ./Core/Src/setings.o
                0x08120be0                SetOneWireConfig
 .text.GetPidConfig
                0x08120f3c      0x3f0 ./Core/Src/setings.o
                0x08120f3c                GetPidConfig
 .text.SetPidConfig
                0x0812132c      0x1ac ./Core/Src/setings.o
                0x0812132c                SetPidConfig
 .text.zbee_is_valid_ieee
                0x081214d8       0x32 ./Core/Src/setings.o
                0x081214d8                zbee_is_valid_ieee
 .text.zbee_validate_ieee
                0x0812150a       0x3c ./Core/Src/setings.o
                0x0812150a                zbee_validate_ieee
 *fill*         0x08121546        0x2 
 .text.GetZigbeeConfig
                0x08121548      0x550 ./Core/Src/setings.o
                0x08121548                GetZigbeeConfig
 .text.SetZigbeeConfig
                0x08121a98      0x1ec ./Core/Src/setings.o
                0x08121a98                SetZigbeeConfig
 .text.slzb_reboot_cb
                0x08121c84       0x9c ./Core/Src/slzb_watchdog.o
 .text.slzb_watchdog_init
                0x08121d20       0x8c ./Core/Src/slzb_watchdog.o
                0x08121d20                slzb_watchdog_init
 .text.slzb_watchdog_poll
                0x08121dac      0x134 ./Core/Src/slzb_watchdog.o
                0x08121dac                slzb_watchdog_poll
 .text.HAL_MspInit
                0x08121ee0       0x3c ./Core/Src/stm32f7xx_hal_msp.o
                0x08121ee0                HAL_MspInit
 .text.HAL_CRC_MspInit
                0x08121f1c       0x2c ./Core/Src/stm32f7xx_hal_msp.o
                0x08121f1c                HAL_CRC_MspInit
 .text.HAL_ETH_MspInit
                0x08121f48      0x11c ./Core/Src/stm32f7xx_hal_msp.o
                0x08121f48                HAL_ETH_MspInit
 .text.HAL_RNG_MspInit
                0x08122064       0x4c ./Core/Src/stm32f7xx_hal_msp.o
                0x08122064                HAL_RNG_MspInit
 .text.HAL_TIM_Base_MspInit
                0x081220b0       0x28 ./Core/Src/stm32f7xx_hal_msp.o
                0x081220b0                HAL_TIM_Base_MspInit
 .text.HAL_UART_MspInit
                0x081220d8      0x124 ./Core/Src/stm32f7xx_hal_msp.o
                0x081220d8                HAL_UART_MspInit
 .text.HAL_UART_MspDeInit
                0x081221fc       0x64 ./Core/Src/stm32f7xx_hal_msp.o
                0x081221fc                HAL_UART_MspDeInit
 .text.HAL_InitTick
                0x08122260       0x9c ./Core/Src/stm32f7xx_hal_timebase_tim.o
                0x08122260                HAL_InitTick
 .text.fault_putchar
                0x081222fc       0x2c ./Core/Src/stm32f7xx_it.o
 .text.fault_puts
                0x08122328       0x1e ./Core/Src/stm32f7xx_it.o
 *fill*         0x08122346        0x2 
 .text.fault_print_hex
                0x08122348       0x54 ./Core/Src/stm32f7xx_it.o
 .text.fault_print_reg
                0x0812239c       0x34 ./Core/Src/stm32f7xx_it.o
 .text.fault_print_dec
                0x081223d0       0x40 ./Core/Src/stm32f7xx_it.o
 .text.fault_addr_region
                0x08122410       0x50 ./Core/Src/stm32f7xx_it.o
 .text.fault_report
                0x08122460      0x590 ./Core/Src/stm32f7xx_it.o
 .text.fault_handler_c
                0x081229f0       0x14 ./Core/Src/stm32f7xx_it.o
 .text.memmanage_handler_c
                0x08122a04       0x14 ./Core/Src/stm32f7xx_it.o
 .text.fault_handler_asm
                0x08122a18       0x1a ./Core/Src/stm32f7xx_it.o
 .text.memmanage_handler_asm
                0x08122a32       0x1a ./Core/Src/stm32f7xx_it.o
 .text.NMI_Handler
                0x08122a4c       0x44 ./Core/Src/stm32f7xx_it.o
                0x08122a4c                NMI_Handler
 .text.HardFault_Handler
                0x08122a90        0x4 ./Core/Src/stm32f7xx_it.o
                0x08122a90                HardFault_Handler
 .text.MemManage_Handler
                0x08122a94        0x4 ./Core/Src/stm32f7xx_it.o
                0x08122a94                MemManage_Handler
 .text.BusFault_Handler
                0x08122a98       0x20 ./Core/Src/stm32f7xx_it.o
                0x08122a98                BusFault_Handler
 .text.UsageFault_Handler
                0x08122ab8       0x20 ./Core/Src/stm32f7xx_it.o
                0x08122ab8                UsageFault_Handler
 .text.DebugMon_Handler
                0x08122ad8        0x2 ./Core/Src/stm32f7xx_it.o
                0x08122ad8                DebugMon_Handler
 *fill*         0x08122ada        0x2 
 .text.USART2_IRQHandler
                0x08122adc       0x54 ./Core/Src/stm32f7xx_it.o
                0x08122adc                USART2_IRQHandler
 .text.TIM6_DAC_IRQHandler
                0x08122b30        0xc ./Core/Src/stm32f7xx_it.o
                0x08122b30                TIM6_DAC_IRQHandler
 .text.OTG_FS_IRQHandler
                0x08122b3c        0xc ./Core/Src/stm32f7xx_it.o
                0x08122b3c                OTG_FS_IRQHandler
 .text._sbrk    0x08122b48       0x60 ./Core/Src/syscalls.o
                0x08122b48                _sbrk
 .text.__smakebuf_r
                0x08122ba8       0x16 ./Core/Src/syscalls.o
                0x08122ba8                __smakebuf_r
 .text._getpid  0x08122bbe        0x4 ./Core/Src/syscalls.o
                0x08122bbe                _getpid
 .text._kill    0x08122bc2       0x10 ./Core/Src/syscalls.o
                0x08122bc2                _kill
 .text._exit    0x08122bd2        0xc ./Core/Src/syscalls.o
                0x08122bd2                _exit
 .text._read    0x08122bde       0x1c ./Core/Src/syscalls.o
                0x08122bde                _read
 .text._write   0x08122bfa       0x1c ./Core/Src/syscalls.o
                0x08122bfa                _write
 .text._close   0x08122c16        0x6 ./Core/Src/syscalls.o
                0x08122c16                _close
 .text._lseek   0x08122c1c        0x4 ./Core/Src/syscalls.o
                0x08122c1c                _lseek
 .text.SystemInit
                0x08122c20       0x9c ./Core/Src/system_stm32f7xx.o
                0x08122c20                SystemInit
 .text.usart_ring_dtcm_init
                0x08122cbc       0x1c ./Core/Src/usart_ring.o
                0x08122cbc                usart_ring_dtcm_init
 .text.gsm_available
                0x08122cd8       0x18 ./Core/Src/usart_ring.o
                0x08122cd8                gsm_available
 .text.gsm_read
                0x08122cf0       0x48 ./Core/Src/usart_ring.o
                0x08122cf0                gsm_read
 .text.alloc_zbee_slot
                0x08122d38       0x20 ./Core/Src/zagotovka.o
 .text.zbee_probe_active_for
                0x08122d58       0x38 ./Core/Src/zagotovka.o
 .text.find_zbee_slot_by_attr
                0x08122d90       0x40 ./Core/Src/zagotovka.o
 .text.mg_free  0x08122dd0        0x8 ./Core/Src/zagotovka.o
 .text.tune_calc_sigma
                0x08122dd8       0x50 ./Core/Src/zagotovka.o
 .text.apply_pid_preset.part.0
                0x08122e28       0x44 ./Core/Src/zagotovka.o
 .text.strip_id_from_action.part.0
                0x08122e6c      0x134 ./Core/Src/zagotovka.o
 .text.strip_id_from_action
                0x08122fa0        0xe ./Core/Src/zagotovka.o
 *fill*         0x08122fae        0x2 
 .text.strip_id_from_sunrise_sunset.part.0
                0x08122fb0       0x78 ./Core/Src/zagotovka.o
 .text.log_headers.part.0
                0x08123028       0x78 ./Core/Src/zagotovka.o
 .text.emit_escaped_blob.constprop.0
                0x081230a0       0xd0 ./Core/Src/zagotovka.o
 .text.fmt_float.constprop.0
                0x08123170      0x17c ./Core/Src/zagotovka.o
 .text.json_get_str_allow_empty
                0x081232ec       0x76 ./Core/Src/zagotovka.o
 .text.clusters_json_to_flags
                0x08123362       0x90 ./Core/Src/zagotovka.o
                0x08123362                clusters_json_to_flags
 *fill*         0x081233f2        0x2 
 .text.clusters_flags_to_json
                0x081233f4       0xd8 ./Core/Src/zagotovka.o
                0x081233f4                clusters_flags_to_json
 .text.log_headers
                0x081234cc       0x40 ./Core/Src/zagotovka.o
                0x081234cc                log_headers
 .text.mark_slice_dirty
                0x0812350c       0x16 ./Core/Src/zagotovka.o
                0x0812350c                mark_slice_dirty
 *fill*         0x08123522        0x2 
 .text.etag_version_seed
                0x08123524       0x88 ./Core/Src/zagotovka.o
                0x08123524                etag_version_seed
 .text.json_decode_string
                0x081235ac      0x168 ./Core/Src/zagotovka.o
                0x081235ac                json_decode_string
 .text.get_mqtt_url
                0x08123714        0x8 ./Core/Src/zagotovka.o
                0x08123714                get_mqtt_url
 .text.get_mqtt_topic
                0x0812371c        0x8 ./Core/Src/zagotovka.o
                0x0812371c                get_mqtt_topic
 .text.set_mqtt_url
                0x08123724       0x1c ./Core/Src/zagotovka.o
                0x08123724                set_mqtt_url
 .text.set_mqtt_topic
                0x08123740       0x1c ./Core/Src/zagotovka.o
                0x08123740                set_mqtt_topic
 .text.handle_select_get
                0x0812375c      0x174 ./Core/Src/zagotovka.o
                0x0812375c                handle_select_get
 .text.handle_pintopin_get
                0x081238d0       0xe0 ./Core/Src/zagotovka.o
                0x081238d0                handle_pintopin_get
 .text.handle_switch_get
                0x081239b0        0x4 ./Core/Src/zagotovka.o
                0x081239b0                handle_switch_get
 .text.parse_switch_json
                0x081239b4      0x484 ./Core/Src/zagotovka.o
                0x081239b4                parse_switch_json
 .text.handle_switch_set
                0x08123e38       0x6c ./Core/Src/zagotovka.o
                0x08123e38                handle_switch_set
 .text.handle_button_get
                0x08123ea4        0x4 ./Core/Src/zagotovka.o
                0x08123ea4                handle_button_get
 .text.parse_button_json
                0x08123ea8      0x338 ./Core/Src/zagotovka.o
                0x08123ea8                parse_button_json
 .text.handle_button_set
                0x081241e0      0x248 ./Core/Src/zagotovka.o
                0x081241e0                handle_button_set
 .text.handle_encoder_get
                0x08124428        0x4 ./Core/Src/zagotovka.o
                0x08124428                handle_encoder_get
 .text.handle_timers_get
                0x0812442c       0xc8 ./Core/Src/zagotovka.o
                0x0812442c                handle_timers_get
 .text.parse_numline_json
                0x081244f4       0x9c ./Core/Src/zagotovka.o
                0x081244f4                parse_numline_json
 .text.handle_numline_set
                0x08124590       0xbc ./Core/Src/zagotovka.o
                0x08124590                handle_numline_set
 .text.parse_timers_json
                0x0812464c      0x220 ./Core/Src/zagotovka.o
                0x0812464c                parse_timers_json
 .text.handle_timers_set
                0x0812486c       0xbc ./Core/Src/zagotovka.o
                0x0812486c                handle_timers_set
 .text.zagotovka_dtcm_init
                0x08124928       0xe4 ./Core/Src/zagotovka.o
                0x08124928                zagotovka_dtcm_init
 .text.handle_mysett_get
                0x08124a0c      0x560 ./Core/Src/zagotovka.o
                0x08124a0c                handle_mysett_get
 .text.mqtt_publish_logfilter_status
                0x08124f6c       0xd0 ./Core/Src/zagotovka.o
                0x08124f6c                mqtt_publish_logfilter_status
 .text.handle_logfilter
                0x0812503c      0x1a8 ./Core/Src/zagotovka.o
                0x0812503c                handle_logfilter
 .text.calculate_crc
                0x081251e4       0x38 ./Core/Src/zagotovka.o
                0x081251e4                calculate_crc
 .text.get_valid_settings
                0x0812521c       0x60 ./Core/Src/zagotovka.o
                0x0812521c                get_valid_settings
 .text.write_settings_to_flash
                0x0812527c      0x100 ./Core/Src/zagotovka.o
 .text.update_and_write_settings
                0x0812537c       0x2c ./Core/Src/zagotovka.o
                0x0812537c                update_and_write_settings
 .text.is_template_value
                0x081253a8       0x38 ./Core/Src/zagotovka.o
                0x081253a8                is_template_value
 .text.is_c_like_format
                0x081253e0       0x20 ./Core/Src/zagotovka.o
                0x081253e0                is_c_like_format
 .text.handle_connection_del
                0x08125400      0x200 ./Core/Src/zagotovka.o
                0x08125400                handle_connection_del
 .text.gen_onewire_json
                0x08125600      0x420 ./Core/Src/zagotovka.o
                0x08125600                gen_onewire_json
 .text.handle_onewire_get
                0x08125a20       0x4c ./Core/Src/zagotovka.o
                0x08125a20                handle_onewire_get
 .text.parse_onewire_json
                0x08125a6c      0x278 ./Core/Src/zagotovka.o
                0x08125a6c                parse_onewire_json
 .text.parse_sensor_json
                0x08125ce4      0x468 ./Core/Src/zagotovka.o
                0x08125ce4                parse_sensor_json
 .text.handle_onewire_set
                0x0812614c       0xbc ./Core/Src/zagotovka.o
                0x0812614c                handle_onewire_set
 .text.handle_sensor_set
                0x08126208       0xb4 ./Core/Src/zagotovka.o
                0x08126208                handle_sensor_set
 .text.parse_stm32time
                0x081262bc       0x74 ./Core/Src/zagotovka.o
                0x081262bc                parse_stm32time
 .text.handle_stm32time_get
                0x08126330       0x68 ./Core/Src/zagotovka.o
                0x08126330                handle_stm32time_get
 .text.handle_security_get
                0x08126398      0x154 ./Core/Src/zagotovka.o
                0x08126398                handle_security_get
 .text.parse_sim800l_json
                0x081264ec      0x12c ./Core/Src/zagotovka.o
                0x081264ec                parse_sim800l_json
 .text.get_rxzbtop
                0x08126618       0x1c ./Core/Src/zagotovka.o
                0x08126618                get_rxzbtop
 .text.zbee_probe_send_one
                0x08126634       0xec ./Core/Src/zagotovka.o
 .text.zbee_probe_send_current_stage
                0x08126720       0x3c ./Core/Src/zagotovka.o
 .text.zbee_learn_start
                0x0812675c      0x100 ./Core/Src/zagotovka.o
 .text.zbee_probe_check_timeout
                0x0812685c      0x244 ./Core/Src/zagotovka.o
                0x0812685c                zbee_probe_check_timeout
 .text.SendZigbeeReadProbe
                0x08126aa0      0x1ec ./Core/Src/zagotovka.o
                0x08126aa0                SendZigbeeReadProbe
 .text.SendZigbeeReadProbeAllEndpoints
                0x08126c8c       0x18 ./Core/Src/zagotovka.o
                0x08126c8c                SendZigbeeReadProbeAllEndpoints
 .text.SendZigbeeReadProbeInteractive
                0x08126ca4       0x34 ./Core/Src/zagotovka.o
                0x08126ca4                SendZigbeeReadProbeInteractive
 .text.zbee_learn_check_timeout
                0x08126cd8       0x44 ./Core/Src/zagotovka.o
                0x08126cd8                zbee_learn_check_timeout
 .text.handle_zigbee_learn_status
                0x08126d1c       0x74 ./Core/Src/zagotovka.o
                0x08126d1c                handle_zigbee_learn_status
 .text.handle_zigbee_learn_get
                0x08126d90      0x264 ./Core/Src/zagotovka.o
                0x08126d90                handle_zigbee_learn_get
 .text.handle_zigbee_learn_label
                0x08126ff4     0x14d8 ./Core/Src/zagotovka.o
                0x08126ff4                handle_zigbee_learn_label
 .text.handle_zigbee_learn_start
                0x081284cc       0x80 ./Core/Src/zagotovka.o
                0x081284cc                handle_zigbee_learn_start
 .text.SendZigbeeCommand
                0x0812854c      0x164 ./Core/Src/zagotovka.o
                0x0812854c                SendZigbeeCommand
 .text.SendZigbeeEPCommand
                0x081286b0       0xa0 ./Core/Src/zagotovka.o
                0x081286b0                SendZigbeeEPCommand
 .text.safe_split
                0x08128750       0x5e ./Core/Src/zagotovka.o
                0x08128750                safe_split
 *fill*         0x081287ae        0x2 
 .text.parse_time
                0x081287b0       0x38 ./Core/Src/zagotovka.o
                0x081287b0                parse_time
 .text.processPins
                0x081287e8       0xb4 ./Core/Src/zagotovka.o
                0x081287e8                processPins
 .text.parse_monitoring_json
                0x0812889c      0x130 ./Core/Src/zagotovka.o
                0x0812889c                parse_monitoring_json
 .text.handle_security_set
                0x081289cc       0xec ./Core/Src/zagotovka.o
                0x081289cc                handle_security_set
 .text.init_ds18b20
                0x08128ab8       0xd4 ./Core/Src/zagotovka.o
                0x08128ab8                init_ds18b20
 .text.DWT_Init
                0x08128b8c       0x30 ./Core/Src/zagotovka.o
                0x08128b8c                DWT_Init
 .text.delay_us
                0x08128bbc       0x28 ./Core/Src/zagotovka.o
                0x08128bbc                delay_us
 .text.DHT22_Init
                0x08128be4       0x68 ./Core/Src/zagotovka.o
                0x08128be4                DHT22_Init
 .text.DHT22_Start
                0x08128c4c      0x130 ./Core/Src/zagotovka.o
                0x08128c4c                DHT22_Start
 .text.DHT22_Read
                0x08128d7c       0xc4 ./Core/Src/zagotovka.o
                0x08128d7c                DHT22_Read
 .text.pars_temp_sensors
                0x08128e40      0x190 ./Core/Src/zagotovka.o
                0x08128e40                pars_temp_sensors
 .text.handle_temp_get
                0x08128fd0       0x4c ./Core/Src/zagotovka.o
                0x08128fd0                handle_temp_get
 *fill*         0x0812901c        0x4 
 .text.calculateJulianDate
                0x08129020       0xf8 ./Core/Src/zagotovka.o
                0x08129020                calculateJulianDate
 .text.calculateNextFullMoon
                0x08129118      0x3a0 ./Core/Src/zagotovka.o
                0x08129118                calculateNextFullMoon
 .text.calculateMoonPhase
                0x081294b8      0x1f8 ./Core/Src/zagotovka.o
                0x081294b8                calculateMoonPhase
 .text.checkPortClockStatus
                0x081296b0      0x17c ./Core/Src/zagotovka.o
                0x081296b0                checkPortClockStatus
 .text.send_sms
                0x0812982c      0x1f0 ./Core/Src/zagotovka.o