../Drivers/CMSIS/Include/core_cm7.h:2147:34:__NVIC_SystemReset	0	static,ignoring_inline_asm
../Core/Src/compat_ota.c:50:13:ota_flag_write	2888	static
../Core/Src/compat_ota.c:79:6:mg_device_reset	8	static
../Core/Src/compat_ota.c:87:6:mg_ota_set_pending_bank	2784	static
../Core/Src/compat_ota.c:106:9:mg_ota_get_active_bank	0	static
../Core/Src/compat_ota.c:112:10:mg_ota_mark_pending	8	static
../Core/Src/compat_ota.c:121:6:mg_ota_cancel_pending	0	static
../Core/Src/compat_ota.c:126:6:mg_ota_reset_status	0	static
../Core/Src/compat_ota.c:131:5:mg_ota_status	8	static
../Core/Src/compat_ota.c:138:10:mg_ota_crc32	0	static
../Core/Src/compat_ota.c:143:10:mg_ota_timestamp	0	static
../Core/Src/compat_ota.c:148:8:mg_ota_size	0	static
../Core/Src/compat_ota.c:153:6:mg_ota_commit	2776	static
../Core/Src/compat_ota.c:182:6:mg_ota_switch_bank	2776	static
../Core/Src/compat_ota.c:207:6:mg_ota_rollback	2776	static
../Core/Src/compat_ota.c:221:7:mg_flash_start	0	static
../Core/Src/compat_ota.c:225:8:mg_flash_size	0	static
../Core/Src/compat_ota.c:229:8:mg_flash_sector_size	0	static
../Core/Src/compat_ota.c:233:8:mg_flash_write_align	0	static
../Core/Src/compat_ota.c:237:5:mg_flash_bank	0	static
../Core/Src/compat_ota.c:241:6:mg_flash_write	0	static
../Core/Src/compat_ota.c:246:6:mg_flash_erase	0	static
../Core/Src/compat_ota.c:251:6:mg_flash_swap_bank	0	static
../Core/Src/compat_ota.c:255:6:mg_flash_load	0	static
../Core/Src/compat_ota.c:260:6:mg_flash_save	0	static
