../Drivers/CMSIS/Include/core_cm7.h:2147:34:__NVIC_SystemReset	0	static,ignoring_inline_asm
../Core/Src/compat_ota.c:51:13:ota_flag_write	2888	static
../Core/Src/compat_ota.c:80:6:mg_device_reset	8	static
../Core/Src/compat_ota.c:88:6:mg_ota_set_pending_bank	2784	static
../Core/Src/compat_ota.c:107:9:mg_ota_get_active_bank	0	static
../Core/Src/compat_ota.c:113:10:mg_ota_mark_pending	8	static
../Core/Src/compat_ota.c:122:6:mg_ota_cancel_pending	0	static
../Core/Src/compat_ota.c:127:6:mg_ota_reset_status	0	static
../Core/Src/compat_ota.c:132:5:mg_ota_status	8	static
../Core/Src/compat_ota.c:155:10:mg_ota_crc32	0	static
../Core/Src/compat_ota.c:160:10:mg_ota_timestamp	0	static
../Core/Src/compat_ota.c:165:8:mg_ota_size	0	static
../Core/Src/compat_ota.c:170:6:mg_ota_commit	2776	static
../Core/Src/compat_ota.c:199:6:mg_ota_switch_bank	2776	static
../Core/Src/compat_ota.c:224:6:mg_ota_rollback	2776	static
../Core/Src/compat_ota.c:238:7:mg_flash_start	0	static
../Core/Src/compat_ota.c:242:8:mg_flash_size	0	static
../Core/Src/compat_ota.c:246:8:mg_flash_sector_size	0	static
../Core/Src/compat_ota.c:250:8:mg_flash_write_align	0	static
../Core/Src/compat_ota.c:254:5:mg_flash_bank	0	static
../Core/Src/compat_ota.c:258:6:mg_flash_write	0	static
../Core/Src/compat_ota.c:263:6:mg_flash_erase	0	static
../Core/Src/compat_ota.c:268:6:mg_flash_swap_bank	0	static
../Core/Src/compat_ota.c:272:6:mg_flash_load	0	static
../Core/Src/compat_ota.c:277:6:mg_flash_save	0	static
