../Core/Src/ds18b20.c:58:6:Ds18b20_ManualConvert	8	static
../Core/Src/ds18b20.c:169:9:DS18B20_Start	16	static
../Core/Src/ds18b20.c:186:6:DS18B20_StartAll	8	static
../Core/Src/ds18b20.c:196:6:DS18B20_Read	40	static
../Core/Src/ds18b20.c:301:9:DS18B20_GetResolution	16	static
../Core/Src/ds18b20.c:328:9:DS18B20_SetResolution	32	static
../Core/Src/ds18b20.c:393:9:DS18B20_Is	0	static
../Core/Src/ds18b20.c:402:9:DS18B20_SetAlarmLowTemperature	24	static
../Core/Src/ds18b20.c:453:9:DS18B20_SetAlarmHighTemperature	24	static
../Core/Src/ds18b20.c:504:9:DS18B20_DisableAlarmTemperature	16	static
../Core/Src/ds18b20.c:550:9:DS18B20_AlarmSearch	0	static
../Core/Src/ds18b20.c:556:9:DS18B20_AllDone	0	static
