../Drivers/CMSIS/Include/core_cm7.h:2147:34:__NVIC_SystemReset	0	static,ignoring_inline_asm
../Core/Src/gsm.c:80:6:replac_string.part.0	0	static
../Core/Src/gsm.c:49:6:gsm_dtcm_init	0	static
../Core/Src/gsm.c:80:6:replac_string	0	static
../Core/Src/gsm.c:90:6:check_speed	112	static
../Core/Src/gsm.c:166:6:set_comand	192	static
../Core/Src/gsm.c:234:6:disable_connection	16	static
../Core/Src/gsm.c:239:6:call	40	static
../Core/Src/gsm.c:245:6:incoming_call	16	static
../Core/Src/gsm.c:250:6:get_date_time	24	static
../Core/Src/gsm.c:258:6:init_sim800l_module	8	static
../Core/Src/gsm.c:308:6:sanitize_cmd_str	16	static
../Core/Src/gsm.c:322:6:execute_commands.part.0	328	static
../Core/Src/gsm.c:322:6:execute_commands	0	static
../Core/Src/gsm.c:511:6:send_command_result_sms	1040	static
../Core/Src/gsm.c:656:6:process_sim800l_data	552	static
