../Drivers/CMSIS/Include/core_cm7.h:2147:34:__NVIC_SystemReset	0	static,ignoring_inline_asm
../Core/Src/gsm.c:86:6:replac_string.part.0	0	static
../Core/Src/gsm.c:49:6:gsm_dtcm_init	24	static
../Core/Src/gsm.c:86:6:replac_string	0	static
../Core/Src/gsm.c:96:6:check_speed	112	static
../Core/Src/gsm.c:172:6:set_comand	192	static
../Core/Src/gsm.c:240:6:disable_connection	16	static
../Core/Src/gsm.c:245:6:call	40	static
../Core/Src/gsm.c:251:6:incoming_call	16	static
../Core/Src/gsm.c:256:6:get_date_time	24	static
../Core/Src/gsm.c:264:6:init_sim800l_module	8	static
../Core/Src/gsm.c:314:6:sanitize_cmd_str	16	static
../Core/Src/gsm.c:328:6:execute_commands.part.0	328	static
../Core/Src/gsm.c:328:6:execute_commands	0	static
../Core/Src/gsm.c:517:6:send_command_result_sms	1040	static
../Core/Src/gsm.c:662:6:process_sim800l_data	552	static
