../Core/Src/main.c:491:20:is_action_set	8	static
../Core/Src/main.c:3281:6:StartSecurityTask	48	static
../Core/Src/main.c:1770:6:StartConfigTask	64	static
../Core/Src/main.c:2327:6:StartOutputTask	64	static
../Core/Src/main.c:2569:6:StartInputTask	496	static
../Core/Src/main.c:2682:6:StartEncoderTask	248	static
../Core/Src/main.c:2775:6:StartDs18b20Task	56	static
../Core/Src/main.c:2886:6:StartDht22Task	48	static
../Core/Src/main.c:2950:15:svc_calculateSunriseOrSunset	120	static
../Core/Src/main.c:3032:6:StartServiceTask	376	static
../Core/Src/main.c:3255:6:StartSIM800LTask	8	static
../Core/Src/main.c:3355:6:StartPIDTask	56	static
../Core/Src/main.c:3803:6:StartLoggerTask	496	static
../Core/Src/main.c:3639:6:StartDgnTask	264	static
../Core/Src/main.c:378:6:mg_random	32	static
../Core/Src/main.c:388:10:mg_millis	16	static
../Core/Src/main.c:423:6:send_mqtt_message	232	static
../Core/Src/main.c:495:6:button_event_handler	24	static
../Core/Src/main.c:548:6:pwm_event_handler	40	static
../Core/Src/main.c:667:9:read_button_level	0	static
../Core/Src/main.c:756:6:early_uart_print	16	static
../Core/Src/main.c:774:6:Flash_DecodeError	88	static
../Core/Src/main.c:816:19:Switch_To_DualBank	120	static
../Core/Src/main.c:855:19:Switch_To_SingleBank	120	static
../Core/Src/main.c:1616:6:vApplicationMallocFailedHook	0	static
../Core/Src/main.c:1633:6:start_pwm_fade	48	static
../Core/Src/main.c:1690:6:parse_string	80	static
../Core/Src/main.c:2430:6:StartCronTask	344	static
../Core/Src/main.c:3906:6:HAL_TIM_PeriodElapsedCallback	0	static
../Core/Src/main.c:3923:6:Error_Handler	64	static,ignoring_inline_asm
../Core/Src/main.c:1268:6:SystemClock_Config	88	static
../Core/Src/main.c:898:5:main	288	static,ignoring_inline_asm
../Core/Src/main.c:1923:6:StartWebServerTask	1112	static
