../Core/Src/main.c:490:20:is_action_set	2
../Core/Src/main.c:3266:6:StartSecurityTask	18
../Core/Src/main.c:1770:6:StartConfigTask	15
../Core/Src/main.c:2312:6:StartOutputTask	20
../Core/Src/main.c:2554:6:StartInputTask	14
../Core/Src/main.c:2667:6:StartEncoderTask	22
../Core/Src/main.c:2760:6:StartDs18b20Task	24
../Core/Src/main.c:2871:6:StartDht22Task	10
../Core/Src/main.c:2935:15:svc_calculateSunriseOrSunset	5
../Core/Src/main.c:3017:6:StartServiceTask	46
../Core/Src/main.c:3240:6:StartSIM800LTask	2
../Core/Src/main.c:3340:6:StartPIDTask	32
../Core/Src/main.c:3788:6:StartLoggerTask	8
../Core/Src/main.c:3624:6:StartDgnTask	35
../Core/Src/main.c:377:6:mg_random	3
../Core/Src/main.c:387:10:mg_millis	1
../Core/Src/main.c:422:6:send_mqtt_message	8
../Core/Src/main.c:494:6:button_event_handler	12
../Core/Src/main.c:547:6:pwm_event_handler	32
../Core/Src/main.c:666:9:read_button_level	1
../Core/Src/main.c:755:6:early_uart_print	4
../Core/Src/main.c:773:6:Flash_DecodeError	8
../Core/Src/main.c:815:19:Switch_To_DualBank	2
../Core/Src/main.c:854:19:Switch_To_SingleBank	2
../Core/Src/main.c:1616:6:vApplicationMallocFailedHook	1
../Core/Src/main.c:1633:6:start_pwm_fade	23
../Core/Src/main.c:1690:6:parse_string	15
../Core/Src/main.c:2415:6:StartCronTask	20
../Core/Src/main.c:3890:6:HAL_TIM_PeriodElapsedCallback	2
../Core/Src/main.c:3907:6:Error_Handler	18
../Core/Src/main.c:1268:6:SystemClock_Config	3
../Core/Src/main.c:897:5:main	70
../Core/Src/main.c:1923:6:StartWebServerTask	97
