../Core/Src/main.c:475:13:check_mqtt_connection	0	static
../Core/Src/main.c:484:20:is_action_set	8	static
../Core/Src/main.c:3257:6:StartSecurityTask	48	static
../Core/Src/main.c:1764:6:StartConfigTask	64	static
../Core/Src/main.c:2303:6:StartOutputTask	64	static
../Core/Src/main.c:2545:6:StartInputTask	496	static
../Core/Src/main.c:2658:6:StartEncoderTask	248	static
../Core/Src/main.c:2751:6:StartDs18b20Task	64	static
../Core/Src/main.c:2862:6:StartDht22Task	32	static
../Core/Src/main.c:2926:15:svc_calculateSunriseOrSunset	120	static
../Core/Src/main.c:3008:6:StartServiceTask	376	static
../Core/Src/main.c:3231:6:StartSIM800LTask	8	static
../Core/Src/main.c:3331:6:StartPIDTask	56	static
../Core/Src/main.c:3777:6:StartLoggerTask	496	static
../Core/Src/main.c:3614:6:StartDgnTask	264	static
../Core/Src/main.c:375:6:mg_random	32	static
../Core/Src/main.c:385:10:mg_millis	16	static
../Core/Src/main.c:420:6:send_mqtt_message	224	static
../Core/Src/main.c:488:6:button_event_handler	24	static
../Core/Src/main.c:541:6:pwm_event_handler	48	static
../Core/Src/main.c:660:9:read_button_level	0	static
../Core/Src/main.c:749:6:early_uart_print	16	static
../Core/Src/main.c:767:6:Flash_DecodeError	88	static
../Core/Src/main.c:809:19:Switch_To_DualBank	120	static
../Core/Src/main.c:848:19:Switch_To_SingleBank	120	static
../Core/Src/main.c:1610:6:vApplicationMallocFailedHook	0	static
../Core/Src/main.c:1627:6:start_pwm_fade	48	static
../Core/Src/main.c:1684:6:parse_string	80	static
../Core/Src/main.c:2406:6:StartCronTask	344	static
../Core/Src/main.c:3879:6:HAL_TIM_PeriodElapsedCallback	0	static
../Core/Src/main.c:3896:6:Error_Handler	64	static,ignoring_inline_asm
../Core/Src/main.c:1262:6:SystemClock_Config	88	static
../Core/Src/main.c:891:5:main	288	static,ignoring_inline_asm
../Core/Src/main.c:1917:6:StartWebServerTask	1112	static
