../Core/Src/main.c:491:20:is_action_set	2
../Core/Src/main.c:3283:6:StartSecurityTask	18
../Core/Src/main.c:1772:6:StartConfigTask	15
../Core/Src/main.c:2329:6:StartOutputTask	20
../Core/Src/main.c:2571:6:StartInputTask	14
../Core/Src/main.c:2684:6:StartEncoderTask	22
../Core/Src/main.c:2777:6:StartDs18b20Task	24
../Core/Src/main.c:2888:6:StartDht22Task	10
../Core/Src/main.c:2952:15:svc_calculateSunriseOrSunset	5
../Core/Src/main.c:3034:6:StartServiceTask	46
../Core/Src/main.c:3257:6:StartSIM800LTask	2
../Core/Src/main.c:3357:6:StartPIDTask	32
../Core/Src/main.c:3805:6:StartLoggerTask	8
../Core/Src/main.c:3641:6:StartDgnTask	35
../Core/Src/main.c:378:6:mg_random	3
../Core/Src/main.c:388:10:mg_millis	1
../Core/Src/main.c:423:6:send_mqtt_message	8
../Core/Src/main.c:495:6:button_event_handler	12
../Core/Src/main.c:548:6:pwm_event_handler	32
../Core/Src/main.c:667:9:read_button_level	1
../Core/Src/main.c:756:6:early_uart_print	4
../Core/Src/main.c:774:6:Flash_DecodeError	8
../Core/Src/main.c:816:19:Switch_To_DualBank	2
../Core/Src/main.c:855:19:Switch_To_SingleBank	2
../Core/Src/main.c:1618:6:vApplicationMallocFailedHook	1
../Core/Src/main.c:1635:6:start_pwm_fade	23
../Core/Src/main.c:1692:6:parse_string	15
../Core/Src/main.c:2432:6:StartCronTask	20
../Core/Src/main.c:3908:6:HAL_TIM_PeriodElapsedCallback	2
../Core/Src/main.c:3925:6:Error_Handler	18
../Core/Src/main.c:1270:6:SystemClock_Config	3
../Core/Src/main.c:898:5:main	71
../Core/Src/main.c:1925:6:StartWebServerTask	102
