../Core/Src/main.c:490:20:is_action_set	8	static
../Core/Src/main.c:3266:6:StartSecurityTask	48	static
../Core/Src/main.c:1770:6:StartConfigTask	64	static
../Core/Src/main.c:2312:6:StartOutputTask	64	static
../Core/Src/main.c:2554:6:StartInputTask	496	static
../Core/Src/main.c:2667:6:StartEncoderTask	248	static
../Core/Src/main.c:2760:6:StartDs18b20Task	64	static
../Core/Src/main.c:2871:6:StartDht22Task	32	static
../Core/Src/main.c:2935:15:svc_calculateSunriseOrSunset	120	static
../Core/Src/main.c:3017:6:StartServiceTask	376	static
../Core/Src/main.c:3240:6:StartSIM800LTask	8	static
../Core/Src/main.c:3340:6:StartPIDTask	56	static
../Core/Src/main.c:3788:6:StartLoggerTask	496	static
../Core/Src/main.c:3624:6:StartDgnTask	264	static
../Core/Src/main.c:377:6:mg_random	32	static
../Core/Src/main.c:387:10:mg_millis	16	static
../Core/Src/main.c:422:6:send_mqtt_message	232	static
../Core/Src/main.c:494:6:button_event_handler	24	static
../Core/Src/main.c:547:6:pwm_event_handler	48	static
../Core/Src/main.c:666:9:read_button_level	0	static
../Core/Src/main.c:755:6:early_uart_print	16	static
../Core/Src/main.c:773:6:Flash_DecodeError	88	static
../Core/Src/main.c:815:19:Switch_To_DualBank	120	static
../Core/Src/main.c:854:19:Switch_To_SingleBank	120	static
../Core/Src/main.c:1616:6:vApplicationMallocFailedHook	0	static
../Core/Src/main.c:1633:6:start_pwm_fade	48	static
../Core/Src/main.c:1690:6:parse_string	80	static
../Core/Src/main.c:2415:6:StartCronTask	344	static
../Core/Src/main.c:3891:6:HAL_TIM_PeriodElapsedCallback	0	static
../Core/Src/main.c:3908:6:Error_Handler	64	static,ignoring_inline_asm
../Core/Src/main.c:1268:6:SystemClock_Config	88	static
../Core/Src/main.c:897:5:main	288	static,ignoring_inline_asm
../Core/Src/main.c:1923:6:StartWebServerTask	1112	static
