../Drivers/CMSIS/Include/core_cm7.h:2427:22:SCB_CleanInvalidateDCache	16	static,ignoring_inline_asm
../Core/Src/mongoose.c:44:12:mg_base64_decode_single	0	static
../Core/Src/mongoose.c:1129:15:mg_lld	40	static
../Core/Src/mongoose.c:1151:15:scpy	24	static
../Core/Src/mongoose.c:1507:20:mg_unpack	20	static
../Core/Src/mongoose.c:1587:15:packed_write	0	static
../Core/Src/mongoose.c:1592:15:packed_seek	0	static
../Core/Src/mongoose.c:1599:13:packed_rename	0	static
../Core/Src/mongoose.c:1604:13:packed_remove	0	static
../Core/Src/mongoose.c:1840:12:p_stat	0	static
../Core/Src/mongoose.c:1844:13:p_list	0	static
../Core/Src/mongoose.c:1848:14:p_open	0	static
../Core/Src/mongoose.c:1863:15:p_seek	0	static
../Core/Src/mongoose.c:2043:13:isx	0	static
../Core/Src/mongoose.c:2099:15:clen	0	static
../Core/Src/mongoose.c:2111:20:skiptorn	8	static
../Core/Src/mongoose.c:3134:15:mg_atod	20	static
../Core/Src/mongoose.c:3702:6:mg_l2_eth_poll	0	static
../Core/Src/mongoose.c:3729:8:mg_l2_eth_trailer	0	static
../Core/Src/mongoose.c:3787:19:mg_l2_eth_getaddr	0	static
../Core/Src/mongoose.c:3959:6:mg_l2_ppp_init	0	static
../Core/Src/mongoose.c:3972:6:mg_l2_ppp_poll	0	static
../Core/Src/mongoose.c:4045:8:mg_l2_ppp_trailer	20	static
../Core/Src/mongoose.c:4066:8:mg_l2_pppoe_trailer	4	static
../Core/Src/mongoose.c:4344:19:mg_l2_ppp_getaddr	0	static
../Core/Src/mongoose.c:4495:13:logc	0	static
../Core/Src/mongoose.c:4499:13:logs	16	static
../Core/Src/mongoose.c:4612:13:mg_md5_transform	88	static
../Core/Src/mongoose.c:5092:15:decode_varint	20	static
../Core/Src/mongoose.c:5107:12:mqtt_prop_type_by_id	8	static
../Core/Src/mongoose.c:5117:15:get_properties_length	24	static
../Core/Src/mongoose.c:5651:13:mg_aton4	40	static
../Core/Src/mongoose.c:6145:13:mg_tcpip_call	16	static
../Core/Src/mongoose.c:6169:17:csumup	8	static
../Core/Src/mongoose.c:6181:17:ipcsum	8	static
../Core/Src/mongoose.c:9989:20:is_dualbank	0	static
../Core/Src/mongoose.c:10013:21:flash_page_start	16	static
../Core/Src/mongoose.c:10072:21:flash_wait	0	static
../Core/Src/mongoose.c:10161:21:mg_stm32f_swap	0	static
../Core/Src/mongoose.c:10837:8:mg_print_hex	32	static
../Core/Src/mongoose.c:11072:17:blk0	0	static
../Core/Src/mongoose.c:11314:47:mg_sha256_chunk	328	static
../Core/Src/mongoose.c:11513:13:mg_sha384_transform	800	static
../Core/Src/mongoose.c:13202:6:aes_init_keygen_tables	2120	static
../Core/Src/mongoose.c:13435:12:aes_cipher	104	static
../Core/Src/mongoose.c:13645:13:gcm_mult	56	static
../Core/Src/mongoose.c:14215:12:mg_der_parse	20	static
../Core/Src/mongoose.c:14235:12:mg_der_next	8	static
../Core/Src/mongoose.c:14277:12:mg_der_to_tlv	20	static
../Core/Src/mongoose.c:14299:47:mg_tls_got_record	0	static
../Core/Src/mongoose.c:16812:13:core_block	144	static
../Core/Src/mongoose.c:17365:22:U8TO32	0	static
../Core/Src/mongoose.c:17408:13:poly1305_blocks	96	static
../Core/Src/mongoose.c:17867:13:poly1305_update	24	static
../Core/Src/mongoose.c:17918:32:write_64bit_int	16	static
../Core/Src/mongoose.c:19951:16:trim	8	static
../Core/Src/mongoose.c:20521:22:mg_uecc_vli_clear	0	static
../Core/Src/mongoose.c:20532:32:mg_uecc_vli_isZero	8	static
../Core/Src/mongoose.c:20543:32:mg_uecc_vli_testBit	0	static
../Core/Src/mongoose.c:20562:28:mg_uecc_vli_numBits	8	static
../Core/Src/mongoose.c:20583:22:mg_uecc_vli_set	8	static
../Core/Src/mongoose.c:20594:20:mg_uecc_vli_cmp_unsafe	8	static
../Core/Src/mongoose.c:20638:22:mg_uecc_vli_rshift1	0	static
../Core/Src/mongoose.c:20654:32:mg_uecc_vli_add	20	static
../Core/Src/mongoose.c:20673:32:mg_uecc_vli_sub	20	static
../Core/Src/mongoose.c:20627:29:mg_uecc_vli_cmp	48	static
../Core/Src/mongoose.c:20853:22:mg_uecc_vli_modAdd	16	static
../Core/Src/mongoose.c:22195:13:vli_mmod_fast_secp256r1	56	static
../Core/Src/mongoose.c:22739:23:regularize_k	32	static
../Core/Src/mongoose.c:22754:21:mg_uecc_generate_random_int	40	static
../Core/Src/mongoose.c:22828:22:mg_uecc_vli_nativeToBytes	16	static
../Core/Src/mongoose.c:22838:22:mg_uecc_vli_bytesToNative	24	static
../Core/Src/mongoose.c:23051:13:bits2int	32	static
../Core/Src/mongoose.c:23206:13:HMAC_init	16	static
../Core/Src/mongoose.c:23217:13:HMAC_update	0	static
../Core/Src/mongoose.c:23222:13:HMAC_finish	16	static
../Core/Src/mongoose.c:23238:13:update_V	16	static
../Core/Src/mongoose.c:23561:13:propagate	8	static
../Core/Src/mongoose.c:23573:13:add	16	static
../Core/Src/mongoose.c:23582:13:sub	12	static
../Core/Src/mongoose.c:23595:13:mul	120	static
../Core/Src/mongoose.c:23621:13:mul1	0	static
../Core/Src/mongoose.c:23628:13:condswap	12	static
../Core/Src/mongoose.c:28315:17:eth_read_phy	0	static
../Core/Src/mongoose.c:28323:13:eth_write_phy	0	static
../Core/Inc/mg_alloc.h:18:20:mg_free	0	static
../Core/Src/mongoose.c:1575:13:packed_close	0	static
../Core/Src/mongoose.c:3795:19:mg_l2_eth_mapip	0	static
../Core/Src/mongoose.c:4352:19:mg_l2_ppp_mapip	0	static
../Core/Src/mongoose.c:8222:13:free_ota_metadata	8	static
../Core/Src/mongoose.c:23793:19:urlparse	72	static
../Core/Src/mongoose.c:182:15:mg_dns_parse_name_depth	64	static
../Core/Src/mongoose.c:219:15:mg_dns_parse_name	24	static
../Core/Src/mongoose.c:485:17:build_srv_name	8	static
../Core/Src/mongoose.c:1579:15:packed_read	16	static
../Core/Src/mongoose.c:11109:13:mg_sha1_transform	200	static
../Core/Src/mongoose.c:3708:10:mg_l2_eth_header	12	static
../Core/Src/mongoose.c:4021:10:mg_l2_pppoe_header	24	static
../Core/Inc/mg_alloc.h:24:21:mg_calloc	16	static
../Core/Src/mongoose.c:1562:14:packed_open	24	static
../Core/Src/mongoose.c:19836:13:more_comps	24	static
../Core/Src/mongoose.c:10721:6:mg_pfn_stdout	0	static
../Core/Src/mongoose.c:19857:16:alloc	16	static
../Core/Src/mongoose.c:19435:21:bi_import	24	static
../Core/Src/mongoose.c:19105:21:bi_clone	16	static
../Core/Src/mongoose.c:18959:21:bi_initialize	8	static
../Core/Src/mongoose.c:32:12:mg_base64_encode_single	0	static
../Core/Src/mongoose.c:1027:12:addexp	16	static
../Core/Src/mongoose.c:1897:12:mg_ncasecmp.part.0	20	static
../Core/Src/mongoose.c:20869:22:mg_uecc_vli_modSub	16	static
../Core/Src/mongoose.c:20999:13:vli_modInv_update	16	static
../Core/Src/mongoose.c:21013:22:mg_uecc_vli_modInv	152	static
../Core/Src/mongoose.c:24268:13:mg_ws_mask	12	static
../Core/Src/mongoose.c:1524:12:is_dir_prefix	16	static
../Core/Src/mongoose.c:1530:12:packed_stat	24	static
../Core/Src/mongoose.c:10896:15:mg_queue_read_len	8	static
../Core/Src/mongoose.c:19064:18:bi_free	8	static
../Core/Src/mongoose.c:19189:16:bi_int_multiply	48	static
../Core/Src/mongoose.c:19156:21:bi_subtract	32	static
../Core/Src/mongoose.c:19119:21:bi_add	24	static
../Core/Src/mongoose.c:19512:18:bi_export	32	static
../Core/Src/mongoose.c:16887:13:chacha20_xor_stream.constprop	160	static
../Core/Src/mongoose.c:10854:8:mg_print_esc	40	static
../Core/Src/mongoose.c:14245:12:mg_der_find_oid.constprop	64	static
../Core/Src/mongoose.c:19711:21:bi_multiply	56	static
../Core/Src/mongoose.c:10680:6:mg_pfn_iobuf_noresize	8	static
../Core/Src/mongoose.c:1875:13:p_mkdir	0	static
../Core/Src/mongoose.c:1855:15:p_read	0	static
../Core/Src/mongoose.c:463:17:build_a_record	8	static
../Core/Src/mongoose.c:19914:12:exp_bit_is_one.isra	0	static
../Core/Src/mongoose.c:13898:5:gcm_finish.isra	48	static
../Core/Src/mongoose.c:13834:5:gcm_update.isra	64	static
../Core/Src/mongoose.c:13765:5:gcm_start.isra	56	static
../Core/Src/mongoose.c:13692:12:gcm_setkey.isra	56	static
../Core/Src/mongoose.c:6478:30:getpeer.isra	16	static
../Core/Src/mongoose.c:1859:15:p_write	0	static
../Core/Src/mongoose.c:1867:13:p_rename	0	static
../Core/Src/mongoose.c:1609:13:packed_mkdir	0	static
../Core/Src/mongoose.c:1871:13:p_remove	0	static
../Core/Src/mongoose.c:1852:13:p_close	0	static
../Core/Src/mongoose.c:20732:22:mg_uecc_vli_mult	48	static
../Core/Src/mongoose.c:20930:22:mg_uecc_vli_modMult	248	static
../Core/Src/mongoose.c:20940:22:mg_uecc_vli_modMult_fast	80	static
../Core/Src/mongoose.c:20990:22:mg_uecc_vli_modSquare_fast	0	static
../Core/Src/mongoose.c:21110:13:double_jacobian_default	104	static
../Core/Src/mongoose.c:21159:13:x_side_default	64	static
../Core/Src/mongoose.c:21176:13:mod_sqrt_default	88	static
../Core/Src/mongoose.c:22591:13:apply_z	56	static
../Core/Src/mongoose.c:22627:13:XYcZ_add	72	static
../Core/Src/mongoose.c:22655:13:XYcZ_addC	136	static
../Core/Src/mongoose.c:22695:13:EccPoint_mult	224	static
../Core/Src/mongoose.c:22780:23:EccPoint_compute_public_key	104	static
../Core/Src/mongoose.c:23088:12:mg_uecc_sign_with_k_internal	200	static
../Core/Src/mongoose.c:5147:15:get_props_size	8	static
../Core/Src/mongoose.c:3997:10:mg_l2_ppp_header	0	static
../Core/Src/mongoose.c:3120:12:mg_pass_string	20	static
../Core/Src/mongoose.c:18978:18:bi_terminate	16	static
../Core/Src/mongoose.c:19585:6:bi_free_mod	24	static
../Core/Src/mongoose.c:19547:18:bi_set_mod	24	static
../Core/Src/mongoose.c:19223:21:bi_divide.constprop	88	static
../Core/Src/mongoose.c:20092:21:bi_mod_power	40	static
../Core/Src/mongoose.c:17485:31:poly1305_finish	32	static
../Core/Src/mongoose.c:17932:32:poly1305_calculate_mac	280	static
../Core/Src/mongoose.c:6195:17:pcsum	32	static
../Core/Src/mongoose.c:4072:17:ppp_tx_frame_header	24	static
../Core/Src/mongoose.c:62:8:mg_base64_update	16	static
../Core/Src/mongoose.c:78:8:mg_base64_final	16	static
../Core/Src/mongoose.c:89:8:mg_base64_encode	16	static
../Core/Src/mongoose.c:98:8:mg_base64_decode	32	static
../Core/Src/mongoose.c:166:6:mg_resolve_cancel	24	static
../Core/Src/mongoose.c:224:8:mg_dns_parse_rr	32	static
../Core/Src/mongoose.c:857:6:mg_call	16	static
../Core/Src/mongoose.c:1263:15:mg_fs_open	24	static
../Core/Src/mongoose.c:1276:6:mg_fs_close	8	static
../Core/Src/mongoose.c:1283:15:mg_file_read	32	static
../Core/Src/mongoose.c:1345:6:mg_fs_ls	24	static
../Core/Src/mongoose.c:1518:15:mg_unpacked	16	static
../Core/Src/mongoose.c:1909:6:mg_to_size_t	32	static
../Core/Src/mongoose.c:2074:5:mg_http_get_request_len	8	static
../Core/Src/mongoose.c:2084:16:mg_http_get_header	24	static
../Core/Src/mongoose.c:2818:15:mg_http_get_header_var	40	static
../Core/Src/mongoose.c:1943:8:mg_http_next_multipart	96	static
../Core/Src/mongoose.c:2879:5:mg_http_status	0	static
../Core/Src/mongoose.c:3242:5:mg_json_get	112	static
../Core/Src/mongoose.c:3194:8:mg_json_next	64	static
../Core/Src/mongoose.c:3385:15:mg_json_get_tok	32	static
../Core/Src/mongoose.c:3391:6:mg_json_get_num	32	static
../Core/Src/mongoose.c:3401:6:mg_json_get_bool	24	static
../Core/Src/mongoose.c:3453:7:mg_json_get_b64	40	static
../Core/Src/mongoose.c:3481:6:mg_json_get_long	32	static
../Core/Src/mongoose.c:3585:6:mg_l2_init	0	static
../Core/Src/mongoose.c:3589:6:mg_l2_poll	0	static
../Core/Src/mongoose.c:3593:10:mg_l2_header	8	static
../Core/Src/mongoose.c:6336:19:tx_ip	24	static
../Core/Src/mongoose.c:3599:8:mg_l2_trailer	4	static
../Core/Src/mongoose.c:3603:6:mg_l2_rx	8	static
../Core/Src/mongoose.c:3608:10:mg_l2_getaddr	0	static
../Core/Src/mongoose.c:3614:10:mg_l2_mapip	4	static
../Core/Src/mongoose.c:7006:17:tcpip_mapip	4	static
../Core/Src/mongoose.c:3634:8:mg_l2_driver_output	16	static
../Core/Src/mongoose.c:6360:13:tx_udp	40	static
../Core/Src/mongoose.c:7257:13:udp_send	56	static
../Core/Src/mongoose.c:6414:13:tx_dhcp.constprop	376	static
../Core/Src/mongoose.c:4384:15:pppoe_tx_frame.constprop.isra	32	static
../Core/Src/mongoose.c:4080:15:ppp_tx_frame_trailer.isra	8	static
../Core/Src/mongoose.c:4088:15:ppp_tx_frame.isra	24	static
../Core/Src/mongoose.c:4490:6:mg_log_set_fn	0	static
../Core/Src/mongoose.c:4533:6:mg_hexdump	56	static
../Core/Src/mongoose.c:4602:6:mg_md5_init	0	static
../Core/Src/mongoose.c:4694:6:mg_md5_update	32	static
../Core/Src/mongoose.c:4729:6:mg_md5_final	16	static
../Core/Src/mongoose.c:5199:8:mg_mqtt_next_prop	32	static
../Core/Src/mongoose.c:5409:5:mg_mqtt_parse	24	static
../Core/Src/mongoose.c:5743:23:mg_alloc_conn	8	static
../Core/Src/mongoose.c:5832:23:mg_wrapfd	24	static
../Core/Src/mongoose.c:5846:18:mg_timer_add	16	static
../Core/Src/mongoose.c:6301:6:mg_tcpip_arp_request	32	static
../Core/Src/mongoose.c:7989:6:mg_tcpip_free	8	static
../Core/Src/mongoose.c:8171:6:mg_multicast_add	0	static
../Core/Src/mongoose.c:8192:6:mg_tcpip_mapip	8	static
../Core/Src/mongoose.c:5922:6:mg_multicast_restore	8	static
../Core/Src/mongoose.c:10697:8:mg_snprintf	16	static
../Core/Src/mongoose.c:1300:6:mg_file_write	1056	static
../Core/Src/mongoose.c:1336:13:mg_fs_ls_fn	8	static
../Core/Src/mongoose.c:1541:13:packed_list	2104	static
../Core/Src/mongoose.c:2359:7:mg_http_etag	24	static
../Core/Src/mongoose.c:2773:8:mg_url_encode	48	static
../Core/Src/mongoose.c:4507:6:mg_log_prefix	96	static
../Core/Src/mongoose.c:1060:15:mg_dtoa.constprop	72	static
../Core/Src/mongoose.c:1167:8:mg_vxprintf	112	static
../Core/Src/mongoose.c:1158:8:mg_xprintf	16	static
../Core/Src/mongoose.c:10737:8:mg_print_ip4	24	static
../Core/Src/mongoose.c:10763:8:mg_print_mac	32	static
../Core/Src/mongoose.c:11042:15:print_methods	56	static
../Core/Src/mongoose.c:10730:15:print_ip6	40	static
../Core/Src/mongoose.c:10753:8:mg_print_ip_port	16	static
../Core/Src/mongoose.c:10747:8:mg_print_ip	24	static
../Core/Src/mongoose.c:4519:6:mg_log	16	static
../Core/Src/mongoose.c:899:6:mg_ota_flash_begin	24	static
../Core/Src/mongoose.c:10232:6:mg_ota_begin	24	static
../Core/Src/mongoose.c:3687:6:mg_l2_eth_init	16	static
../Core/Src/mongoose.c:3966:6:mg_l2_pppoe_init	8	static
../Core/Src/mongoose.c:7226:15:trim_len	24	static
../Core/Src/mongoose.c:6280:13:settmout	24	static
../Core/Src/mongoose.c:7950:6:mg_tcpip_init	16	static
../Core/Src/mongoose.c:7025:17:get_return_l2addr	24	static
../Core/Src/mongoose.c:7458:13:handle_opt	40	static
../Core/Src/mongoose.c:10170:21:mg_stm32f_write	48	static,ignoring_inline_asm
../Core/Src/mongoose.c:10209:14:single_bank_swap	8	static
../Core/Src/mongoose.c:14204:13:mg_tls_hexdump	24	static
../Core/Src/mongoose.c:16012:12:mg_rsa_parse_der_int	32	static
../Core/Src/mongoose.c:16122:12:mg_rsa_parse_key	112	static
../Core/Src/mongoose.c:28439:15:mg_tcpip_driver_stm32f_tx	24	static,ignoring_inline_asm
../Core/Src/mongoose.c:15378:13:mg_der_debug_cert_name	88	static
../Core/Src/mongoose.c:248:6:mg_dns_parse	64	static
../Core/Src/mongoose.c:703:13:handle_mdns_response	344	static
../Core/Src/mongoose.c:4394:6:mg_l2_pppoe_poll	32	static
../Core/Src/mongoose.c:6315:13:onstatechange	16	static
../Core/Src/mongoose.c:7084:15:tx_tcp	80	static
../Core/Src/mongoose.c:5884:6:mg_mgr_init	16	static
../Core/Src/mongoose.c:4275:13:ppp_rx.constprop	48	static
../Core/Src/mongoose.c:4328:6:mg_l2_ppp_rx	8	static
../Core/Src/mongoose.c:10688:8:mg_vsnprintf	32	static
../Core/Src/mongoose.c:874:6:mg_error	84	static
../Core/Src/mongoose.c:5615:8:mg_vprintf	16	static
../Core/Src/mongoose.c:5627:8:mg_printf	12	static
../Core/Src/mongoose.c:2332:6:mg_http_reply	36	static
../Core/Src/mongoose.c:10706:7:mg_vmprintf	24	static
../Core/Src/mongoose.c:1319:6:mg_file_printf	24	static
../Core/Src/mongoose.c:10712:7:mg_mprintf	16	static
../Core/Src/mongoose.c:10742:8:mg_print_ip6	4	static
../Core/Src/mongoose.c:10773:8:mg_print_ieee64	40	static
../Core/Src/mongoose.c:10779:8:mg_print_l2addr	32	static
../Core/Src/mongoose.c:10848:8:mg_print_base64	56	static
../Core/Src/mongoose.c:10890:6:mg_queue_init	0	static
../Core/Src/mongoose.c:10910:8:mg_queue_book	12	static
../Core/Src/mongoose.c:10923:8:mg_queue_next	16	static
../Core/Src/mongoose.c:10937:6:mg_queue_add	8	static
../Core/Src/mongoose.c:7930:6:mg_tcpip_qwrite	32	static
../Core/Src/mongoose.c:10653:8:mg_queue_printf	36	static
../Core/Src/mongoose.c:10944:6:mg_queue_del	8	static
../Core/Src/mongoose.c:10967:6:mg_rpc_del	16	static
../Core/Src/mongoose.c:11005:6:mg_rpc_vok	56	static
../Core/Src/mongoose.c:11015:6:mg_rpc_ok	12	static
../Core/Src/mongoose.c:11022:6:mg_rpc_verr	72	static
../Core/Src/mongoose.c:11035:6:mg_rpc_err	16	static
../Core/Src/mongoose.c:11053:6:mg_rpc_list	0	static
../Core/Src/mongoose.c:11216:6:mg_sha1_init	0	static
../Core/Src/mongoose.c:11225:6:mg_sha1_update	24	static
../Core/Src/mongoose.c:11245:6:mg_sha1_final	40	static
../Core/Src/mongoose.c:11301:40:mg_sha256_init	0	static
../Core/Src/mongoose.c:14878:13:init_SHA256	0	static
../Core/Src/mongoose.c:11358:40:mg_sha256_update	16	static
../Core/Src/mongoose.c:14883:13:update_SHA256	0	static
../Core/Src/mongoose.c:11372:40:mg_sha256_final	16	static
../Core/Src/mongoose.c:14888:13:finish_SHA256	0	static
../Core/Src/mongoose.c:14636:13:mg_tls_calc_cert_verify_hash.isra	272	static
../Core/Src/mongoose.c:11411:40:mg_sha256	128	static
../Core/Src/mongoose.c:11418:40:mg_hmac_sha256	328	static
../Core/Src/mongoose.c:14333:47:mg_tls_derive_secret.constprop	328	static
../Core/Src/mongoose.c:14417:47:mg_tls_generate_application_keys.isra	328	static
../Core/Src/mongoose.c:14351:47:mg_tls_generate_handshake_keys.isra	336	static
../Core/Src/mongoose.c:11558:6:mg_sha384_init	0	static
../Core/Src/mongoose.c:11583:6:mg_sha384_update	24	static
../Core/Src/mongoose.c:11597:6:mg_sha384_final	24	static
../Core/Src/mongoose.c:11642:6:mg_sha384	232	static
../Core/Src/mongoose.c:15394:12:mg_tls_parse_cert_der	168	static
../Core/Src/mongoose.c:11663:10:mg_now	8	static
../Core/Src/mongoose.c:12646:6:mg_http_serve_ssi	0	static
../Core/Src/mongoose.c:12659:15:mg_str_s	16	static
../Core/Src/mongoose.c:12665:15:mg_str_n	0	static
../Core/Src/mongoose.c:12675:5:mg_casecmp	12	static
../Core/Src/mongoose.c:12684:15:mg_strdup	32	static
../Core/Src/mongoose.c:10956:6:mg_rpc_add	40	static
../Core/Src/mongoose.c:12698:5:mg_strcmp	32	static
../Core/Src/mongoose.c:12712:5:mg_strcasecmp	40	static
../Core/Src/mongoose.c:2156:5:mg_http_parse	120	static
../Core/Src/mongoose.c:12726:6:mg_match	48	static
../Core/Src/mongoose.c:10980:13:mg_rpc_call	40	static
../Core/Src/mongoose.c:10991:6:mg_rpc_process	40	static
../Core/Src/mongoose.c:16318:12:mg_parse_pem	112	static
../Core/Src/mongoose.c:12762:6:mg_span	24	static
../Core/Src/mongoose.c:2009:15:mg_http_var	64	static
../Core/Src/mongoose.c:2424:22:guess_content_type	96	static
../Core/Src/mongoose.c:2464:6:mg_http_serve_file	1368	static
../Core/Src/mongoose.c:12775:6:mg_str_to_num	64	static
../Core/Src/mongoose.c:2048:5:mg_url_decode	56	static
../Core/Src/mongoose.c:2021:5:mg_http_get_var	40	static
../Core/Src/mongoose.c:2790:6:mg_http_creds	312	static
../Core/Src/mongoose.c:2888:12:skip_chunk	48	static
../Core/Src/mongoose.c:3410:8:mg_json_unescape	72	static
../Core/Src/mongoose.c:3440:7:mg_json_get_str	48	static
../Core/Src/mongoose.c:3465:7:mg_json_get_hex	64	static
../Core/Src/mongoose.c:5737:6:mg_aton	88	static
../Core/Src/mongoose.c:12851:6:mg_timer_init	0	static
../Core/Src/mongoose.c:12858:6:mg_timer_free	0	static
../Core/Src/mongoose.c:12864:6:mg_timer_expired	20	static
../Core/Src/mongoose.c:12872:6:mg_timer_poll	40	static
../Core/Src/mongoose.c:13631:5:mg_gcm_initialize	8	static
../Core/Src/mongoose.c:13985:39:mg_aes_gcm_encrypt	640	static
../Core/Src/mongoose.c:14004:39:mg_aes_gcm_decrypt	664	static
../Core/Src/mongoose.c:16630:8:mg_tls_pending	0	static
../Core/Src/mongoose.c:16644:6:mg_tls_ctx_init	0	static
../Core/Src/mongoose.c:16648:6:mg_tls_ctx_free	0	static
../Core/Src/mongoose.c:17971:61:mg_chacha20_poly1305_encrypt	48	static
../Core/Src/mongoose.c:17986:61:mg_chacha20_poly1305_decrypt	64	static
../Core/Src/mongoose.c:20223:39:mg_rsa_mod_pow	24	static
../Core/Src/mongoose.c:20237:39:mg_rsa_crt_sign	40	static
../Core/Src/mongoose.c:20504:6:mg_uecc_set_rng	0	static
../Core/Src/mongoose.c:20508:22:mg_uecc_get_rng	0	static
../Core/Src/mongoose.c:20512:5:mg_uecc_curve_private_key_size	0	static
../Core/Src/mongoose.c:20516:5:mg_uecc_curve_public_key_size	0	static
../Core/Src/mongoose.c:21941:15:mg_uecc_secp256r1	0	static
../Core/Src/mongoose.c:22854:5:mg_uecc_make_key	120	static
../Core/Src/mongoose.c:22885:5:mg_uecc_shared_secret	176	static
../Core/Src/mongoose.c:22932:6:mg_uecc_compress	12	static
../Core/Src/mongoose.c:22945:6:mg_uecc_decompress	88	static
../Core/Src/mongoose.c:22996:5:mg_uecc_valid_public_key	160	static
../Core/Src/mongoose.c:23011:5:mg_uecc_compute_public_key	112	static
../Core/Src/mongoose.c:23185:5:mg_uecc_sign	72	static
../Core/Src/mongoose.c:23253:5:mg_uecc_sign_deterministic	104	static
../Core/Src/mongoose.c:23330:5:mg_uecc_verify	536	static
../Core/Src/mongoose.c:15574:12:mg_tls_verify_cert_signature	336	static
../Core/Src/mongoose.c:23733:39:mg_tls_x25519	224	static
../Core/Src/mongoose.c:23787:5:mg_url_is_ssl	8	static
../Core/Src/mongoose.c:23821:15:mg_url_host	48	static
../Core/Src/mongoose.c:23830:13:mg_url_uri	40	static
../Core/Src/mongoose.c:8249:13:s_version_fn	48	static
../Core/Src/mongoose.c:23835:16:mg_url_port	48	static
../Core/Src/mongoose.c:8072:6:mg_open_listener	24	static
../Core/Src/mongoose.c:5809:23:mg_listen	32	static
../Core/Src/mongoose.c:799:23:mg_mdns_listen	8	static
../Core/Src/mongoose.c:3022:23:mg_http_listen	8	static
../Core/Src/mongoose.c:4986:23:mg_modbus_listen	8	static
../Core/Src/mongoose.c:5596:23:mg_mqtt_listen	8	static
../Core/Src/mongoose.c:23847:15:mg_url_user	48	static
../Core/Src/mongoose.c:23857:15:mg_url_pass	48	static
../Core/Src/mongoose.c:23875:6:mg_bzero	0	static
../Core/Src/mongoose.c:3041:6:mg_iobuf_resize	32	static
../Core/Src/mongoose.c:1983:6:mg_http_bauth	40	static
../Core/Src/mongoose.c:2364:13:static_cb	16	static
../Core/Src/mongoose.c:3068:6:mg_iobuf_init	4	static
../Core/Src/mongoose.c:3075:8:mg_iobuf_add	24	static
../Core/Src/mongoose.c:8147:6:mg_send	16	static
../Core/Src/mongoose.c:2248:6:mg_http_printf_chunk	28	static
../Core/Src/mongoose.c:2255:6:mg_http_write_chunk	16	static
../Core/Src/mongoose.c:4771:13:mg_modbus_send_mbap	16	static
../Core/Src/mongoose.c:5044:13:mqtt_send_header	24	static
../Core/Src/mongoose.c:5057:6:mg_mqtt_send_header	8	static
../Core/Src/mongoose.c:5558:6:mg_mqtt_ping	0	static
../Core/Src/mongoose.c:5562:6:mg_mqtt_pong	0	static
../Core/Src/mongoose.c:5062:13:mg_send_u16	16	static
../Core/Src/mongoose.c:357:13:mg_dns_send	304	static
../Core/Src/mongoose.c:817:6:mg_mdns_query	16	static
../Core/Src/mongoose.c:556:13:handle_mdns_query	664	static
../Core/Src/mongoose.c:3096:6:mg_iobuf_free	0	static
../Core/Src/mongoose.c:16563:6:mg_tls_free	16	static
../Core/Src/mongoose.c:16415:40:mg_tls_init	280	static
../Core/Src/mongoose.c:14468:13:mg_tls_encrypt	120	static
../Core/Src/mongoose.c:14822:47:mg_tls_send_cert	40	static
../Core/Src/mongoose.c:15058:47:mg_tls_send_cert_verify	2080	static
../Core/Src/mongoose.c:15880:13:mg_tls_client_send_finish	208	static
../Core/Src/mongoose.c:10684:6:mg_pfn_iobuf	16	static
../Core/Src/mongoose.c:3087:8:mg_iobuf_del	16	static
../Core/Src/mongoose.c:2904:13:http_cb.part.0	624	static
../Core/Src/mongoose.c:2904:13:http_cb	0	static
../Core/Src/mongoose.c:5856:6:mg_io_recv	16	static
../Core/Src/mongoose.c:14306:13:mg_tls_drop_record	0	static
../Core/Src/mongoose.c:14533:12:mg_tls_recv_record	104	static
../Core/Src/mongoose.c:14314:13:mg_tls_drop_message	24	static
../Core/Src/mongoose.c:15632:12:mg_tls_recv_cert	968	static
../Core/Src/mongoose.c:15760:12:mg_tls_recv_cert_verify	600	static
../Core/Src/mongoose.c:15941:47:mg_tls_server_handshake	320	static
../Core/Src/mongoose.c:16606:6:mg_tls_recv	24	static
../Core/Src/mongoose.c:7299:13:handle_tls_recv	16	static
../Core/Src/mongoose.c:24287:13:mg_ws_client_handshake	560	static
../Core/Src/mongoose.c:4967:13:modbus_ev_handler	56	static
../Core/Src/mongoose.c:5479:13:mqtt_cb	80	static
../Core/Src/mongoose.c:5755:6:mg_close_conn	8	static
../Core/Src/mongoose.c:23948:7:mg_random_str	24	static
../Core/Src/mongoose.c:23961:10:mg_crc32	12	static
../Core/Src/mongoose.c:918:6:mg_ota_flash_write	192	dynamic
../Core/Src/mongoose.c:10245:6:mg_ota_write	0	static
../Core/Src/mongoose.c:968:6:mg_ota_flash_end	184	static
../Core/Src/mongoose.c:10249:6:mg_ota_end	8	static
../Core/Src/mongoose.c:8277:13:s_firmware_fn	584	static
../Core/Src/mongoose.c:3741:6:mg_l2_eth_rx	56	static
../Core/Src/mongoose.c:4414:6:mg_l2_pppoe_rx	56	static
../Core/Src/mongoose.c:24012:6:mg_path_is_sane	8	static
../Core/Src/mongoose.c:2835:6:mg_http_upload	2120	static
../Core/Src/mongoose.c:2748:6:mg_http_serve_dir	1136	static
../Core/Src/mongoose.c:24077:10:mg_ntohs	0	static
../Core/Src/mongoose.c:24081:10:mg_ntohl	0	static
../Core/Src/mongoose.c:5153:13:mg_send_mqtt_properties	40	static
../Core/Src/mongoose.c:5267:6:mg_mqtt_login	56	static
../Core/Src/mongoose.c:5341:10:mg_mqtt_pub	48	static
../Core/Src/mongoose.c:5378:13:mg_mqtt_sub_unsub	24	static
../Core/Src/mongoose.c:5401:6:mg_mqtt_sub	0	static
../Core/Src/mongoose.c:5405:6:mg_mqtt_unsub	0	static
../Core/Src/mongoose.c:5566:6:mg_mqtt_disconnect	24	static
../Core/Src/mongoose.c:7276:6:mg_io_send	48	static
../Core/Src/mongoose.c:15990:40:mg_tls_handshake	320	static
../Core/Src/mongoose.c:16583:6:mg_tls_send	48	static
../Core/Src/mongoose.c:16635:6:mg_tls_flush	16	static
../Core/Src/mongoose.c:8001:13:l2addr_resolved	40	static
../Core/Src/mongoose.c:8011:6:mg_connect_resolved	32	static
../Core/Src/mongoose.c:302:13:dns_cb	328	static
../Core/Src/mongoose.c:425:6:mg_resolve	72	static
../Core/Src/mongoose.c:5775:23:mg_connect_svc	32	static
../Core/Src/mongoose.c:3017:23:mg_http_connect	16	static
../Core/Src/mongoose.c:5583:23:mg_mqtt_connect	88	static
../Core/Src/mongoose.c:5804:23:mg_connect	16	static
../Core/Src/mongoose.c:385:6:mg_dnsc_init	16	static
../Core/Src/mongoose.c:11735:23:mg_sntp_connect	16	static
../Core/Src/mongoose.c:754:13:mdns_cb	48	static
../Core/Src/mongoose.c:7148:15:tx_tcp_ctrlresp	112	static
../Core/Src/mongoose.c:7172:15:tx_tcp_rst.isra	0	static
../Core/Src/mongoose.c:11667:16:gettimestamp	8	static
../Core/Src/mongoose.c:11673:9:mg_sntp_parse	32	static
../Core/Src/mongoose.c:11720:6:mg_sntp_request	72	static
../Core/Src/mongoose.c:11698:13:sntp_cb	24	static
../Core/Src/mongoose.c:23994:5:mg_check_ip_acl	96	static
../Core/Src/mongoose.c:24240:15:mkhdr	8	static
../Core/Src/mongoose.c:7722:13:mg_tcpip_rx	512	static
../Core/Src/mongoose.c:8114:6:mg_mgr_poll	80	static
../Core/Src/mongoose.c:5864:6:mg_mgr_free	16	static
../Core/Src/mongoose.c:8368:6:mg_ota_url_check	40	static
../Core/Src/mongoose.c:24085:10:mg_ntohll	0	static
../Core/Src/mongoose.c:24089:6:mg_delayms	16	static
../Core/Src/mongoose.c:24117:6:mg_wifi_scan	8	static
../Core/Src/mongoose.c:24122:6:mg_wifi_connect	0	static
../Core/Src/mongoose.c:24127:6:mg_wifi_disconnect	0	static
../Core/Src/mongoose.c:24131:6:mg_wifi_ap_start	0	static
../Core/Src/mongoose.c:24136:6:mg_wifi_ap_stop	0	static
../Core/Src/mongoose.c:24276:8:mg_ws_send	40	static
../Core/Src/mongoose.c:24310:13:mg_ws_cb	72	static
../Core/Src/mongoose.c:24383:23:mg_ws_connect	104	static
../Core/Src/mongoose.c:24413:6:mg_ws_upgrade	176	static
../Core/Src/mongoose.c:24433:8:mg_ws_wrap	40	static
../Core/Src/mongoose.c:24162:8:mg_ws_vprintf	24	static
../Core/Src/mongoose.c:24170:8:mg_ws_printf	16	static
../Core/Src/mongoose.c:26547:6:mg_phy_init	32	static
../Core/Src/mongoose.c:28385:13:mg_tcpip_driver_stm32f_init	56	static
../Core/Src/mongoose.c:26600:6:mg_phy_up	24	static
../Core/Src/mongoose.c:28472:13:mg_tcpip_driver_stm32f_poll	64	static
../Core/Src/mongoose.c:28538:6:ETH_IRQHandler	24	static
