../Core/Src/net (copy 1).c:341:13:ota_session_clear	0	static
../Core/Src/net (copy 1).c:242:15:print_int_arr	48	static
../Core/Src/net (copy 1).c:157:13:require_post_json	48	static
../Core/Inc/mg_alloc.h:18:20:mg_free	0	static
../Core/Src/net (copy 1).c:370:6:ota_health_check_fn	8	static
../Core/Src/net (copy 1).c:385:13:ota_log_direct	184	static
../Core/Src/net (copy 1).c:567:15:print_status	160	static
../Core/Src/net (copy 1).c:1802:13:check_etag_304	200	static
../Core/Src/net (copy 1).c:1659:6:timer_fn_mqtt	184	static
../Core/Src/net (copy 1).c:1411:13:fn_mqtt	672	static
../Core/Src/net (copy 1).c:82:13:timer_sntp_fn	16	static
../Core/Src/net (copy 1).c:73:13:sfn	16	static
../Core/Src/net (copy 1).c:117:13:session_is_active	8	static
../Core/Src/net (copy 1).c:351:6:ota_watchdog_fn	16	static
../Core/Src/net (copy 1).c:537:6:handle_firmware_commit.part.0	0	static
../Core/Inc/fmt_float.h:35:20:fmt_float.constprop	72	static
../Core/Inc/mg_alloc.h:24:21:mg_calloc.constprop	16	static
../Core/Src/net (copy 1).c:665:17:tls_hs_track_finish.constprop.isra	16	static
../Core/Src/net (copy 1).c:41:5:ui_event_next	24	static
../Core/Src/net (copy 1).c:261:15:print_events	136	static
../Core/Src/net (copy 1).c:124:14:authenticate	144	static
../Core/Src/net (copy 1).c:170:6:handle_login	352	static
../Core/Src/net (copy 1).c:214:6:handle_logout	272	static
../Core/Src/net (copy 1).c:230:6:handle_debug	16	static
../Core/Src/net (copy 1).c:252:6:handle_stats_get	128	static
../Core/Src/net (copy 1).c:280:6:handle_events_get	48	static
../Core/Src/net (copy 1).c:287:6:handle_settings_set	88	static
../Core/Src/net (copy 1).c:315:6:handle_settings_get	88	static
../Core/Src/net (copy 1).c:398:6:handle_firmware_upload	168	static,ignoring_inline_asm
../Core/Src/net (copy 1).c:537:6:handle_firmware_commit	24	static
../Core/Src/net (copy 1).c:547:6:handle_firmware_rollback	24	static
../Core/Src/net (copy 1).c:557:6:handle_firmware_switch_bank	24	static
../Core/Src/net (copy 1).c:579:6:handle_firmware_status	112	static
../Core/Src/net (copy 1).c:596:6:handle_device_reset	24	static
../Core/Src/net (copy 1).c:602:6:handle_device_eraselast	16	static
../Core/Src/net (copy 1).c:639:6:net_dtcm_init	0	static
../Core/Src/net (copy 1).c:1825:13:json_escape_str	28	static
../Core/Src/net (copy 1).c:1886:13:handle_get_pins	1016	static
../Core/Src/net (copy 1).c:2373:13:handle_pid	288	static
../Core/Src/net (copy 1).c:2088:12:build_pinact_json.part.0.constprop.isra	80	static
../Core/Src/net (copy 1).c:2004:6:handle_buttons	1032	static
../Core/Src/net (copy 1).c:2126:6:handle_switches	464	static
../Core/Src/net (copy 1).c:2245:6:handle_encoders	472	static
../Core/Src/net (copy 1).c:698:6:fn	1776	static
../Core/Src/net (copy 1).c:2774:6:web_init	120	static
../Core/Src/net (copy 1).c:2862:6:setup_mqtt	112	static
