../Core/Src/net.c:361:13:ota_session_clear	0	static
../Core/Src/net.c:243:15:print_int_arr	48	static
../Core/Src/net.c:158:13:require_post_json	48	static
../Core/Inc/mg_alloc.h:18:20:mg_free	0	static
../Core/Src/net.c:390:6:ota_health_check_fn	8	static
../Core/Src/net.c:405:13:ota_log_direct	184	static
../Core/Src/net.c:587:15:print_status	160	static
../Core/Src/net.c:1871:13:check_etag_304	200	static
../Core/Src/net.c:1708:6:timer_fn_mqtt	184	static
../Core/Src/net.c:1455:13:fn_mqtt	672	static
../Core/Src/net.c:83:13:timer_sntp_fn	16	static
../Core/Src/net.c:74:13:sfn	16	static
../Core/Src/net.c:118:13:session_is_active	8	static
../Core/Src/net.c:371:6:ota_watchdog_fn	16	static
../Core/Src/net.c:557:6:handle_firmware_commit.part.0	0	static
../Core/Inc/fmt_float.h:35:20:fmt_float.constprop	72	static
../Core/Inc/mg_alloc.h:24:21:mg_calloc.constprop	16	static
../Core/Src/net.c:695:17:tls_hs_track_finish.constprop.isra	16	static
../Core/Src/net.c:42:5:ui_event_next	24	static
../Core/Src/net.c:262:15:print_events	136	static
../Core/Src/net.c:125:14:authenticate	144	static
../Core/Src/net.c:171:6:handle_login	352	static
../Core/Src/net.c:215:6:handle_logout	272	static
../Core/Src/net.c:231:6:handle_debug	16	static
../Core/Src/net.c:253:6:handle_stats_get	128	static
../Core/Src/net.c:281:6:handle_events_get	48	static
../Core/Src/net.c:291:6:handle_logs_get	1120	static
../Core/Src/net.c:307:6:handle_settings_set	88	static
../Core/Src/net.c:335:6:handle_settings_get	88	static
../Core/Src/net.c:418:6:handle_firmware_upload	168	static,ignoring_inline_asm
../Core/Src/net.c:557:6:handle_firmware_commit	24	static
../Core/Src/net.c:567:6:handle_firmware_rollback	24	static
../Core/Src/net.c:577:6:handle_firmware_switch_bank	24	static
../Core/Src/net.c:599:6:handle_firmware_status	168	static
../Core/Src/net.c:626:6:handle_device_reset	24	static
../Core/Src/net.c:632:6:handle_device_eraselast	16	static
../Core/Src/net.c:669:6:net_dtcm_init	0	static
../Core/Src/net.c:1894:13:json_escape_str	28	static
../Core/Src/net.c:1955:13:handle_get_pins	1016	static
../Core/Src/net.c:2442:13:handle_pid	288	static
../Core/Src/net.c:2157:12:build_pinact_json.part.0.constprop.isra	88	static
../Core/Src/net.c:2073:6:handle_buttons	1032	static
../Core/Src/net.c:2195:6:handle_switches	464	static
../Core/Src/net.c:2314:6:handle_encoders	472	static
../Core/Src/net.c:728:6:fn	1784	static
../Core/Src/net.c:2843:6:web_init	120	static
../Core/Src/net.c:2931:6:setup_mqtt	112	static
