../Core/Src/net.c:341:13:ota_session_clear	0	static
../Core/Src/net.c:242:15:print_int_arr	48	static
../Core/Src/net.c:157:13:require_post_json	48	static
../Core/Inc/mg_alloc.h:18:20:mg_free	0	static
../Core/Src/net.c:372:6:ota_health_check_fn	8	static
../Core/Src/net.c:387:13:ota_log_direct	184	static
../Core/Src/net.c:569:15:print_status	128	static
../Core/Src/net.c:1801:13:check_etag_304	200	static
../Core/Src/net.c:1658:6:timer_fn_mqtt	184	static
../Core/Src/net.c:1410:13:fn_mqtt	672	static
../Core/Src/net.c:82:13:timer_sntp_fn	16	static
../Core/Src/net.c:73:13:sfn	16	static
../Core/Src/net.c:117:13:session_is_active	8	static
../Core/Src/net.c:351:6:ota_watchdog_fn	16	static
../Core/Src/net.c:539:6:handle_firmware_commit.part.0	0	static
../Core/Inc/fmt_float.h:35:20:fmt_float.constprop	72	static
../Core/Inc/mg_alloc.h:24:21:mg_calloc.constprop	16	static
../Core/Src/net.c:664:17:tls_hs_track_finish.constprop.isra	16	static
../Core/Src/net.c:41:5:ui_event_next	24	static
../Core/Src/net.c:261:15:print_events	136	static
../Core/Src/net.c:124:14:authenticate	144	static
../Core/Src/net.c:170:6:handle_login	352	static
../Core/Src/net.c:214:6:handle_logout	272	static
../Core/Src/net.c:230:6:handle_debug	16	static
../Core/Src/net.c:252:6:handle_stats_get	128	static
../Core/Src/net.c:280:6:handle_events_get	48	static
../Core/Src/net.c:287:6:handle_settings_set	88	static
../Core/Src/net.c:315:6:handle_settings_get	88	static
../Core/Src/net.c:400:6:handle_firmware_upload	168	static,ignoring_inline_asm
../Core/Src/net.c:539:6:handle_firmware_commit	24	static
../Core/Src/net.c:549:6:handle_firmware_rollback	24	static
../Core/Src/net.c:559:6:handle_firmware_switch_bank	24	static
../Core/Src/net.c:578:6:handle_firmware_status	112	static
../Core/Src/net.c:595:6:handle_device_reset	24	static
../Core/Src/net.c:601:6:handle_device_eraselast	16	static
../Core/Src/net.c:638:6:net_dtcm_init	0	static
../Core/Src/net.c:1824:13:json_escape_str	28	static
../Core/Src/net.c:1885:13:handle_get_pins	1016	static
../Core/Src/net.c:2372:13:handle_pid	288	static
../Core/Src/net.c:2087:12:build_pinact_json.part.0.constprop.isra	80	static
../Core/Src/net.c:2003:6:handle_buttons	1032	static
../Core/Src/net.c:2125:6:handle_switches	464	static
../Core/Src/net.c:2244:6:handle_encoders	472	static
../Core/Src/net.c:697:6:fn	1776	static
../Core/Src/net.c:2773:6:web_init	120	static
../Core/Src/net.c:2861:6:setup_mqtt	112	static
