../Core/Src/onewire.c:26:6:ONEWIRE_DELAY	8	static
../Core/Src/onewire.c:35:6:ONEWIRE_LOW	0	static
../Core/Src/onewire.c:39:6:ONEWIRE_HIGH	0	static
../Core/Src/onewire.c:43:6:ONEWIRE_INPUT	32	static
../Core/Src/onewire.c:52:6:ONEWIRE_OUTPUT	32	static
../Core/Src/onewire.c:62:6:OneWire_Init	16	static
../Core/Src/onewire.c:77:16:OneWire_Reset	8	static
../Core/Src/onewire.c:100:13:OneWire_WriteBit	16	static
../Core/Src/onewire.c:134:16:OneWire_ReadBit	8	static
../Core/Src/onewire.c:160:6:OneWire_WriteByte	16	static
../Core/Src/onewire.c:170:9:OneWire_ReadByte	16	static
../Core/Src/onewire.c:193:6:OneWire_ResetSearch	0	static
../Core/Src/onewire.c:200:9:OneWire_Search	32	static
../Core/Src/onewire.c:180:9:OneWire_First	0	static
../Core/Src/onewire.c:188:9:OneWire_Next	0	static
../Core/Src/onewire.c:313:5:OneWire_Verify	32	static
../Core/Src/onewire.c:353:6:OneWire_TargetSetup	0	static
../Core/Src/onewire.c:367:6:OneWire_FamilySkipSetup	0	static
../Core/Src/onewire.c:378:9:OneWire_GetROM	0	static
../Core/Src/onewire.c:382:6:OneWire_Select	16	static
../Core/Src/onewire.c:391:6:OneWire_SelectWithPointer	0	static
../Core/Src/onewire.c:400:6:OneWire_GetFullROM	24	static
../Core/Src/onewire.c:422:9:OneWire_CRC8	12	static
