../Core/Src/setings.c:888:13:zbee_sanitize_str	0	static
../Core/Src/setings.c:1823:20:is_action_set	8	static
../Core/Inc/mg_alloc.h:18:20:mg_free	0	static
../Core/Src/setings.c:90:13:writeField.constprop	28	static
../Core/Src/setings.c:54:5:enablePort	16	static
../Core/Src/setings.c:105:6:SetSettingsConfig	288	static
../Core/Src/setings.c:210:6:StartSettingsConfig	312	static
../Core/Src/setings.c:339:6:GetSettingsConfig	224	static
../Core/Src/setings.c:718:6:GetCronConfig	392	static
../Core/Src/setings.c:857:6:SetCronConfig	296	static
../Core/Src/setings.c:897:6:GetPinConfig	144	static
../Core/Src/setings.c:1171:6:SetPinConfig	288	static
../Core/Src/setings.c:1441:6:GetPinToPin	112	static
../Core/Src/setings.c:1507:6:SetPinToPin	296	static
../Core/Src/setings.c:1549:6:InitPin	208	static
../Core/Src/setings.c:1827:6:InitMultibutton	24	static
../Core/Src/setings.c:1853:6:ProcessKeyValuePair	40	static
../Core/Src/setings.c:2061:6:GetOneWireConfig	392	static
../Core/Src/setings.c:2170:6:SetOneWireConfig	136	static
../Core/Src/setings.c:2337:6:GetPidConfig	128	static
../Core/Src/setings.c:2434:6:SetPidConfig	168	static
../Core/Src/setings.c:2503:6:zbee_is_valid_ieee	8	static
../Core/Src/setings.c:2513:6:zbee_validate_ieee	16	static
../Core/Src/setings.c:2526:6:GetZigbeeConfig	192	static
../Core/Src/setings.c:2712:6:SetZigbeeConfig	208	static
