../Core/Src/setings.c:854:13:zbee_sanitize_str	0	static
../Core/Src/setings.c:1789:20:is_action_set	8	static
../Core/Inc/mg_alloc.h:18:20:mg_free	0	static
../Core/Src/setings.c:90:13:writeField.constprop	28	static
../Core/Src/setings.c:54:5:enablePort	16	static
../Core/Src/setings.c:105:6:SetSettingsConfig	288	static
../Core/Src/setings.c:204:6:StartSettingsConfig	312	static
../Core/Src/setings.c:321:6:GetSettingsConfig	224	static
../Core/Src/setings.c:684:6:GetCronConfig	392	static
../Core/Src/setings.c:823:6:SetCronConfig	296	static
../Core/Src/setings.c:863:6:GetPinConfig	144	static
../Core/Src/setings.c:1137:6:SetPinConfig	288	static
../Core/Src/setings.c:1407:6:GetPinToPin	112	static
../Core/Src/setings.c:1473:6:SetPinToPin	304	static
../Core/Src/setings.c:1515:6:InitPin	208	static
../Core/Src/setings.c:1793:6:InitMultibutton	24	static
../Core/Src/setings.c:1819:6:ProcessKeyValuePair	40	static
../Core/Src/setings.c:2027:6:GetOneWireConfig	392	static
../Core/Src/setings.c:2136:6:SetOneWireConfig	136	static
../Core/Src/setings.c:2303:6:GetPidConfig	128	static
../Core/Src/setings.c:2400:6:SetPidConfig	168	static
../Core/Src/setings.c:2469:6:zbee_is_valid_ieee	8	static
../Core/Src/setings.c:2479:6:zbee_validate_ieee	16	static
../Core/Src/setings.c:2492:6:GetZigbeeConfig	192	static
../Core/Src/setings.c:2678:6:SetZigbeeConfig	208	static
