../Core/Src/setings.c:892:13:zbee_sanitize_str	0	static
../Core/Src/setings.c:1827:20:is_action_set	8	static
../Core/Inc/mg_alloc.h:18:20:mg_free	0	static
../Core/Src/setings.c:90:13:writeField.constprop	28	static
../Core/Src/setings.c:54:5:enablePort	16	static
../Core/Src/setings.c:105:6:SetSettingsConfig	288	static
../Core/Src/setings.c:211:6:StartSettingsConfig	312	static
../Core/Src/setings.c:341:6:GetSettingsConfig	224	static
../Core/Src/setings.c:722:6:GetCronConfig	392	static
../Core/Src/setings.c:861:6:SetCronConfig	296	static
../Core/Src/setings.c:901:6:GetPinConfig	144	static
../Core/Src/setings.c:1175:6:SetPinConfig	288	static
../Core/Src/setings.c:1445:6:GetPinToPin	112	static
../Core/Src/setings.c:1511:6:SetPinToPin	296	static
../Core/Src/setings.c:1553:6:InitPin	208	static
../Core/Src/setings.c:1831:6:InitMultibutton	24	static
../Core/Src/setings.c:1857:6:ProcessKeyValuePair	40	static
../Core/Src/setings.c:2065:6:GetOneWireConfig	392	static
../Core/Src/setings.c:2174:6:SetOneWireConfig	136	static
../Core/Src/setings.c:2341:6:GetPidConfig	128	static
../Core/Src/setings.c:2438:6:SetPidConfig	168	static
../Core/Src/setings.c:2507:6:zbee_is_valid_ieee	8	static
../Core/Src/setings.c:2517:6:zbee_validate_ieee	16	static
../Core/Src/setings.c:2530:6:GetZigbeeConfig	192	static
../Core/Src/setings.c:2716:6:SetZigbeeConfig	208	static
