../Core/Src/stm32f7xx_hal_msp.c:63:6:HAL_MspInit	8	static
../Core/Src/stm32f7xx_hal_msp.c:88:6:HAL_CRC_MspInit	8	static
../Core/Src/stm32f7xx_hal_msp.c:110:6:HAL_CRC_MspDeInit	0	static
../Core/Src/stm32f7xx_hal_msp.c:132:6:HAL_ETH_MspInit	72	static
../Core/Src/stm32f7xx_hal_msp.c:202:6:HAL_ETH_MspDeInit	8	static
../Core/Src/stm32f7xx_hal_msp.c:246:6:HAL_RNG_MspInit	160	static
../Core/Src/stm32f7xx_hal_msp.c:279:6:HAL_RNG_MspDeInit	0	static
../Core/Src/stm32f7xx_hal_msp.c:301:6:HAL_TIM_Base_MspInit	8	static
../Core/Src/stm32f7xx_hal_msp.c:323:6:HAL_TIM_Base_MspDeInit	0	static
../Core/Src/stm32f7xx_hal_msp.c:345:6:HAL_UART_MspInit	208	static
../Core/Src/stm32f7xx_hal_msp.c:437:6:HAL_UART_MspDeInit	8	static
