../Core/Src/stm32f7xx_it.c:70:13:fault_putchar	8	static
../Core/Src/stm32f7xx_it.c:81:13:fault_puts	8	static
../Core/Src/stm32f7xx_it.c:89:13:fault_print_hex	40	static
../Core/Src/stm32f7xx_it.c:107:13:fault_print_reg	16	static
../Core/Src/stm32f7xx_it.c:98:13:fault_print_dec	32	static
../Core/Src/stm32f7xx_it.c:116:20:fault_addr_region	0	static
../Core/Src/stm32f7xx_it.c:170:13:fault_report	56	static,ignoring_inline_asm
../Core/Src/stm32f7xx_it.c:353:13:fault_handler_c	8	static
../Core/Src/stm32f7xx_it.c:364:13:memmanage_handler_c	8	static
../Core/Src/stm32f7xx_it.c:375:13:fault_handler_asm	0	static,ignoring_inline_asm
../Core/Src/stm32f7xx_it.c:395:13:memmanage_handler_asm	0	static,ignoring_inline_asm
../Core/Src/stm32f7xx_it.c:432:6:NMI_Handler	16	static
../Core/Src/stm32f7xx_it.c:458:6:HardFault_Handler	0	static,ignoring_inline_asm
../Core/Src/stm32f7xx_it.c:472:6:MemManage_Handler	0	static,ignoring_inline_asm
../Core/Src/stm32f7xx_it.c:482:6:BusFault_Handler	8	static,ignoring_inline_asm
../Core/Src/stm32f7xx_it.c:506:6:UsageFault_Handler	8	static,ignoring_inline_asm
../Core/Src/stm32f7xx_it.c:530:6:DebugMon_Handler	0	static
../Core/Src/stm32f7xx_it.c:550:6:USART2_IRQHandler	8	static,ignoring_inline_asm
../Core/Src/stm32f7xx_it.c:607:6:TIM6_DAC_IRQHandler	0	static
../Core/Src/stm32f7xx_it.c:635:6:OTG_FS_IRQHandler	0	static
