../Core/Src/syscalls.c:62:7:_sbrk	16	static,ignoring_inline_asm
../Core/Src/syscalls.c:109:6:__smakebuf_r	0	static
../Core/Src/syscalls.c:117:6:initialise_monitor_handles	0	static
../Core/Src/syscalls.c:119:5:_getpid	0	static
../Core/Src/syscalls.c:121:5:_kill	8	static
../Core/Src/syscalls.c:128:6:_exit	8	static
../Core/Src/syscalls.c:134:27:_read	16	static
../Core/Src/syscalls.c:145:27:_write	16	static
../Core/Src/syscalls.c:155:5:_close	0	static
../Core/Src/syscalls.c:160:5:_fstat	0	static
../Core/Src/syscalls.c:166:5:_isatty	0	static
../Core/Src/syscalls.c:171:5:_lseek	0	static
../Core/Src/syscalls.c:178:5:_open	0	static
../Core/Src/syscalls.c:185:5:_wait	8	static
../Core/Src/syscalls.c:191:5:_unlink	8	static
../Core/Src/syscalls.c:197:5:_times	0	static
../Core/Src/syscalls.c:202:5:_stat	0	static
../Core/Src/syscalls.c:208:5:_link	8	static
../Core/Src/syscalls.c:215:5:_fork	8	static
../Core/Src/syscalls.c:220:5:_execve	8	static
