../Core/Src/zagotovka.c:5084:12:alloc_zbee_slot	0	static
../Core/Src/zagotovka.c:4219:13:zbee_probe_active_for	24	static
../Core/Src/zagotovka.c:5052:12:find_zbee_slot_by_attr	24	static
../Core/Inc/mg_alloc.h:18:20:mg_free	0	static
../Core/Src/zagotovka.c:9024:14:tune_calc_sigma	0	static
../Core/Src/zagotovka.c:8619:13:apply_pid_preset.part.0	0	static
../Core/Src/zagotovka.c:451:12:strip_id_from_action.part.0	312	static
../Core/Src/zagotovka.c:451:12:strip_id_from_action	0	static
../Core/Src/zagotovka.c:497:12:strip_id_from_sunrise_sunset.part.0	320	static
../Core/Src/zagotovka.c:148:6:log_headers.part.0	288	static
../Core/Src/zagotovka.c:2006:13:emit_escaped_blob.constprop	32	static
../Core/Inc/fmt_float.h:35:20:fmt_float.constprop	72	static
../Core/Src/zagotovka.c:2907:14:json_get_str_allow_empty	48	static
../Core/Src/zagotovka.c:39:9:clusters_json_to_flags	24	static
../Core/Src/zagotovka.c:57:5:clusters_flags_to_json	24	static
../Core/Src/zagotovka.c:87:6:json_escape_send	24	static
../Core/Src/zagotovka.c:148:6:log_headers	8	static
../Core/Src/zagotovka.c:187:6:mark_slice_dirty	8	static
../Core/Src/zagotovka.c:525:13:cascade_delete_pin_id	64	static
../Core/Src/zagotovka.c:193:6:mark_slice_dirty_from_isr	0	static,ignoring_inline_asm
../Core/Src/zagotovka.c:226:6:json_decode_string	48	static
../Core/Src/zagotovka.c:329:7:get_mqtt_url	0	static
../Core/Src/zagotovka.c:330:7:get_mqtt_topic	0	static
../Core/Src/zagotovka.c:331:6:set_mqtt_url	8	static
../Core/Src/zagotovka.c:335:6:set_mqtt_topic	8	static
../Core/Src/zagotovka.c:340:6:handle_select_get	320	static
../Core/Src/zagotovka.c:899:6:handle_pintopin_get	80	static
../Core/Src/zagotovka.c:956:6:handle_switch_get	0	static
../Core/Src/zagotovka.c:959:6:gen_switch_json	144	static
../Core/Src/zagotovka.c:1035:6:parse_switch_json	112	static
../Core/Src/zagotovka.c:937:6:handle_switch_set	280	static
../Core/Src/zagotovka.c:1227:6:handle_button_get	0	static
../Core/Src/zagotovka.c:1307:6:gen_button_json	64	static
../Core/Src/zagotovka.c:1343:6:parse_button_json	112	static
../Core/Src/zagotovka.c:1230:6:handle_button_set	312	static
../Core/Src/zagotovka.c:1483:6:handle_encoder_get	0	static
../Core/Src/zagotovka.c:1509:6:gen_encoder_json	168	static
../Core/Src/zagotovka.c:1808:6:handle_timers_get	1024	static
../Core/Src/zagotovka.c:1867:6:parse_numline_json	24	static
../Core/Src/zagotovka.c:1884:6:handle_numline_set	288	static
../Core/Src/zagotovka.c:1906:6:gen_timer_json	56	static
../Core/Src/zagotovka.c:1930:6:parse_timers_json	368	static
../Core/Src/zagotovka.c:1844:6:handle_timers_set	288	static
../Core/Src/zagotovka.c:2150:6:zagotovka_dtcm_init	16	static,ignoring_inline_asm
../Core/Src/zagotovka.c:2243:6:handle_mysett_get	1680	static
../Core/Src/zagotovka.c:2282:6:mqtt_publish_logfilter_status	584	static
../Core/Src/zagotovka.c:2317:6:handle_logfilter	216	static
../Core/Src/zagotovka.c:2389:6:json_encode_string	32	static
../Core/Src/zagotovka.c:2686:10:calculate_crc	24	static
../Core/Src/zagotovka.c:2778:22:get_valid_settings	32	static
../Core/Src/zagotovka.c:2811:13:write_settings_to_flash	2816	static
../Core/Src/zagotovka.c:2873:6:update_and_write_settings	8	static
../Core/Src/zagotovka.c:2888:6:is_template_value	8	static
../Core/Src/zagotovka.c:2895:6:is_c_like_format	8	static
../Core/Src/zagotovka.c:3208:6:handle_connection_del	40	static
../Core/Src/zagotovka.c:3454:6:gen_onewire_json	200	static
../Core/Src/zagotovka.c:3621:6:handle_onewire_get	16	static
../Core/Src/zagotovka.c:3629:6:parse_onewire_json	48	static
../Core/Src/zagotovka.c:3745:6:parse_sensor_json	80	static
../Core/Src/zagotovka.c:3890:6:handle_onewire_set	288	static
../Core/Src/zagotovka.c:3910:6:handle_sensor_set	288	static
../Core/Src/zagotovka.c:3932:6:parse_stm32time	88	static
../Core/Src/zagotovka.c:3951:6:handle_stm32time_get	280	static
../Core/Src/zagotovka.c:3968:5:gen_security_json	72	static
../Core/Src/zagotovka.c:4019:6:handle_security_get	1088	static
../Core/Src/zagotovka.c:4065:6:parse_sim800l_json	56	static
../Core/Src/zagotovka.c:4146:13:get_rxzbtop	0	static
../Core/Src/zagotovka.c:4345:13:zbee_probe_send_one	264	static
../Core/Src/zagotovka.c:4376:13:zbee_probe_send_current_stage	24	static
../Core/Src/zagotovka.c:4874:13:zbee_learn_start	192	static
../Core/Src/zagotovka.c:4443:6:zbee_probe_check_timeout	208	static
../Core/Src/zagotovka.c:4462:6:SendZigbeeReadProbe	224	static
../Core/Src/zagotovka.c:649:6:parse_select_json	96	static
../Core/Src/zagotovka.c:419:6:handle_select_set	288	static
../Core/Src/zagotovka.c:4483:6:SendZigbeeReadProbeAllEndpoints	16	static
../Core/Src/zagotovka.c:4489:6:SendZigbeeReadProbeInteractive	24	static
../Core/Src/zagotovka.c:4947:6:zbee_learn_check_timeout	8	static
../Core/Src/zagotovka.c:4957:6:handle_zigbee_learn_status	32	static
../Core/Src/zagotovka.c:4971:6:handle_zigbee_learn_get	120	static
../Core/Src/zagotovka.c:5091:6:handle_zigbee_learn_label	2040	static
../Core/Src/zagotovka.c:5906:6:handle_zigbee_learn_start	288	static
../Core/Src/zagotovka.c:5926:6:SendZigbeeCommand	280	static
../Core/Src/zagotovka.c:5976:6:SendZigbeeEPCommand	320	static
../Core/Src/zagotovka.c:6413:6:safe_split	32	static
../Core/Src/zagotovka.c:6431:8:parse_time	56	static
../Core/Src/zagotovka.c:6504:6:processPins	48	static
../Core/Src/zagotovka.c:6534:6:parse_monitoring_json	40	static
../Core/Src/zagotovka.c:6572:6:handle_security_set	304	static
../Core/Src/zagotovka.c:6760:6:init_ds18b20	40	static
../Core/Src/zagotovka.c:7020:6:print_all_sensors_data	128	static
../Core/Src/zagotovka.c:7092:6:DWT_Init	0	static
../Core/Src/zagotovka.c:7102:6:delay_us	8	static
../Core/Src/zagotovka.c:7110:10:get_gpio_pin_number	8	static
../Core/Src/zagotovka.c:7120:15:get_gpio_port	8	static
../Core/Src/zagotovka.c:7142:6:DHT22_Init	48	static
../Core/Src/zagotovka.c:7162:9:DHT22_Start	56	static
../Core/Src/zagotovka.c:7212:9:DHT22_Read	48	static
../Core/Src/zagotovka.c:7318:7:pars_temp_sensors	112	static
../Core/Src/zagotovka.c:3961:6:handle_temp_get	16	static
../Core/Src/zagotovka.c:7368:8:calculateJulianDate	8	static
../Core/Src/zagotovka.c:7386:8:calculateNextFullMoon	120	static
../Core/Src/zagotovka.c:7436:6:calculateMoonPhase	48	static
../Core/Src/zagotovka.c:7488:6:checkPortClockStatus	48	static
../Core/Src/zagotovka.c:7521:6:send_sms	1128	static
../Core/Src/zagotovka.c:7608:6:check_dht22_changes	8	static
../Core/Src/zagotovka.c:7247:6:process_dht22	40	static
../Core/Src/zagotovka.c:7621:6:check_ds18b20_changes	16	static
../Core/Src/zagotovka.c:7747:6:mqtt_queue_send_safe	32	static
../Core/Src/zagotovka.c:7780:6:publish_sensor_batch	144	static
../Core/Src/zagotovka.c:7909:6:send_mqtt_timer_batch	664	static
../Core/Src/zagotovka.c:8048:9:getBitValue	20	static
../Core/Src/zagotovka.c:8062:6:setBitInArray	8	static
../Core/Src/zagotovka.c:8072:6:init_offline_time	16	static
../Core/Src/zagotovka.c:8086:11:convert_cron_to_tm	32	static
../Core/Src/zagotovka.c:8103:8:initializeTime	56	static
../Core/Src/zagotovka.c:8156:6:is_settings_valid	8	static
../Core/Src/zagotovka.c:8198:6:reset_to_defaults	16	static
../Core/Src/zagotovka.c:2951:6:parse_mysett_json	80	static
../Core/Src/zagotovka.c:8173:6:initialize_https_settings	16	static
../Core/Src/zagotovka.c:8232:6:restore_from_backup	8	static
../Core/Src/zagotovka.c:8246:6:backup_settings	8	static
../Core/Src/zagotovka.c:8260:6:https_get_domain	16	static
../Core/Src/zagotovka.c:8271:6:https_set_domain	16	static
../Core/Src/zagotovka.c:8295:6:https_get_tls_key	16	static
../Core/Src/zagotovka.c:8306:6:https_set_tls_key	16	static
../Core/Src/zagotovka.c:8326:6:https_get_tls_cert	16	static
../Core/Src/zagotovka.c:8337:6:https_set_tls_cert	16	static
../Core/Src/zagotovka.c:8357:6:https_get_tls_ca	16	static
../Core/Src/zagotovka.c:8368:6:https_set_tls_ca	16	static
../Core/Src/zagotovka.c:8387:6:https_get_telegram_token	16	static
../Core/Src/zagotovka.c:2169:6:mysett_cache_reload	8	static
../Core/Src/zagotovka.c:2257:6:handle_mysett_set	288	static
../Core/Src/zagotovka.c:2471:6:gen_mysett_json	1080	static
../Core/Src/zagotovka.c:8398:6:https_set_telegram_token	16	static
../Core/Src/zagotovka.c:8418:10:https_get_port	8	static
../Core/Src/zagotovka.c:8427:6:https_set_port	8	static
../Core/Src/zagotovka.c:8441:10:https_get_timeout	8	static
../Core/Src/zagotovka.c:8450:6:https_set_timeout	8	static
../Core/Src/zagotovka.c:8464:9:https_get_retry_cnt	8	static
../Core/Src/zagotovka.c:8473:6:https_set_retry_cnt	8	static
../Core/Src/zagotovka.c:8487:9:https_get_connection_mode	8	static
../Core/Src/zagotovka.c:8496:6:https_set_connection_mode	8	static
../Core/Src/zagotovka.c:8511:6:has_valid_settings	8	static
../Core/Src/zagotovka.c:8637:6:apply_pid_preset_extern	0	static
../Core/Src/zagotovka.c:8642:6:gen_pid_json	128	static
../Core/Src/zagotovka.c:8688:6:parse_pid_json	112	static
../Core/Src/zagotovka.c:8804:6:parse_pidline_json	24	static
../Core/Src/zagotovka.c:8815:6:handle_pid_get	864	static
../Core/Src/zagotovka.c:8874:6:handle_pid_set	32	static
../Core/Src/zagotovka.c:8898:6:handle_pidline_set	544	static
../Core/Src/zagotovka.c:8920:7:pid_read_temperature	8	static
../Core/Src/zagotovka.c:8959:6:is_pin_in_autotune	0	static
../Core/Src/zagotovka.c:753:6:parse_onoff_json	64	static
../Core/Src/zagotovka.c:864:6:handle_onoff_set	288	static
../Core/Src/zagotovka.c:1615:6:parse_encoder_json	168	static
../Core/Src/zagotovka.c:1487:6:handle_encoder_set	288	static
../Core/Src/zagotovka.c:6206:6:action_handler.part.0	200	static
../Core/Src/zagotovka.c:6206:6:action_handler	16	static
../Core/Src/zagotovka.c:6206:6:action_handler.constprop	16	static
../Core/Src/zagotovka.c:6831:6:process_ds18b20	144	static
../Core/Src/zagotovka.c:6626:6:check_DHT22_limits	88	static
../Core/Src/zagotovka.c:6445:6:Check_SunriseSunset_Actions	200	static
../Core/Src/zagotovka.c:6438:6:execute_actions	0	static
../Core/Src/zagotovka.c:3296:6:api_handler	608	static
../Core/Src/zagotovka.c:6002:6:mqtt_message_handler	208	static
../Core/Src/zagotovka.c:8971:6:pid_set_pwm	8	static
../Core/Src/zagotovka.c:8995:6:pid_set_pwm_f	0	static
../Core/Src/zagotovka.c:9038:6:pid_autotune_start	128	static
../Core/Src/zagotovka.c:9186:6:pid_autotune_stop	8	static
../Core/Src/zagotovka.c:9516:6:pid_compute_imc	136	static
../Core/Src/zagotovka.c:9198:6:pid_autotune_tick	168	static
../Core/Src/zagotovka.c:9554:6:handle_pid_tune_set	280	static
../Core/Src/zagotovka.c:9601:6:calc_display_id	16	static
../Core/Src/zagotovka.c:9624:6:calc_zigbee_display_id	56	static
../Core/Src/zagotovka.c:9682:6:handle_zigbee_get	144	static
../Core/Src/zagotovka.c:9780:6:handle_zigbee_set	600	static
../Core/Src/zagotovka.c:9903:6:handle_zigbee_enable	296	static
../Core/Src/zagotovka.c:9929:6:handle_zigbee_command	512	static
../Core/Src/zagotovka.c:9998:6:handle_zigbee_rescan	288	static
