../Core/Src/zagotovka.c:5150:12:alloc_zbee_slot	0	static
../Core/Src/zagotovka.c:4285:13:zbee_probe_active_for	24	static
../Core/Src/zagotovka.c:5118:12:find_zbee_slot_by_attr	24	static
../Core/Inc/mg_alloc.h:18:20:mg_free	0	static
../Core/Src/zagotovka.c:9090:14:tune_calc_sigma	0	static
../Core/Src/zagotovka.c:8685:13:apply_pid_preset.part.0	0	static
../Core/Src/zagotovka.c:474:12:strip_id_from_action.part.0	312	static
../Core/Src/zagotovka.c:474:12:strip_id_from_action	0	static
../Core/Src/zagotovka.c:520:12:strip_id_from_sunrise_sunset.part.0	320	static
../Core/Src/zagotovka.c:148:6:log_headers.part.0	288	static
../Core/Src/zagotovka.c:2072:13:emit_escaped_blob.constprop	32	static
../Core/Inc/fmt_float.h:35:20:fmt_float.constprop	72	static
../Core/Src/zagotovka.c:2973:14:json_get_str_allow_empty	48	static
../Core/Src/zagotovka.c:39:9:clusters_json_to_flags	24	static
../Core/Src/zagotovka.c:57:5:clusters_flags_to_json	24	static
../Core/Src/zagotovka.c:87:6:json_escape_send	24	static
../Core/Src/zagotovka.c:148:6:log_headers	8	static
../Core/Src/zagotovka.c:187:6:mark_slice_dirty	8	static
../Core/Src/zagotovka.c:193:6:mark_slice_dirty_from_isr	0	static,ignoring_inline_asm
../Core/Src/zagotovka.c:202:6:etag_version_seed	16	static
../Core/Src/zagotovka.c:249:6:json_decode_string	48	static
../Core/Src/zagotovka.c:352:7:get_mqtt_url	0	static
../Core/Src/zagotovka.c:353:7:get_mqtt_topic	0	static
../Core/Src/zagotovka.c:354:6:set_mqtt_url	8	static
../Core/Src/zagotovka.c:358:6:set_mqtt_topic	8	static
../Core/Src/zagotovka.c:363:6:handle_select_get	320	static
../Core/Src/zagotovka.c:965:6:handle_pintopin_get	80	static
../Core/Src/zagotovka.c:1022:6:handle_switch_get	0	static
../Core/Src/zagotovka.c:1025:6:gen_switch_json	144	static
../Core/Src/zagotovka.c:1101:6:parse_switch_json	112	static
../Core/Src/zagotovka.c:1003:6:handle_switch_set	280	static
../Core/Src/zagotovka.c:1293:6:handle_button_get	0	static
../Core/Src/zagotovka.c:1373:6:gen_button_json	64	static
../Core/Src/zagotovka.c:1409:6:parse_button_json	112	static
../Core/Src/zagotovka.c:1296:6:handle_button_set	312	static
../Core/Src/zagotovka.c:1549:6:handle_encoder_get	0	static
../Core/Src/zagotovka.c:1575:6:gen_encoder_json	168	static
../Core/Src/zagotovka.c:1874:6:handle_timers_get	1024	static
../Core/Src/zagotovka.c:1933:6:parse_numline_json	24	static
../Core/Src/zagotovka.c:1950:6:handle_numline_set	288	static
../Core/Src/zagotovka.c:1972:6:gen_timer_json	56	static
../Core/Src/zagotovka.c:1996:6:parse_timers_json	368	static
../Core/Src/zagotovka.c:1910:6:handle_timers_set	288	static
../Core/Src/zagotovka.c:2216:6:zagotovka_dtcm_init	16	static,ignoring_inline_asm
../Core/Src/zagotovka.c:2309:6:handle_mysett_get	1680	static
../Core/Src/zagotovka.c:2348:6:mqtt_publish_logfilter_status	584	static
../Core/Src/zagotovka.c:2383:6:handle_logfilter	216	static
../Core/Src/zagotovka.c:2455:6:json_encode_string	32	static
../Core/Src/zagotovka.c:2752:10:calculate_crc	24	static
../Core/Src/zagotovka.c:2844:22:get_valid_settings	32	static
../Core/Src/zagotovka.c:2877:13:write_settings_to_flash	2816	static
../Core/Src/zagotovka.c:2939:6:update_and_write_settings	8	static
../Core/Src/zagotovka.c:2954:6:is_template_value	8	static
../Core/Src/zagotovka.c:2961:6:is_c_like_format	8	static
../Core/Src/zagotovka.c:3274:6:handle_connection_del	40	static
../Core/Src/zagotovka.c:3520:6:gen_onewire_json	200	static
../Core/Src/zagotovka.c:3687:6:handle_onewire_get	16	static
../Core/Src/zagotovka.c:3695:6:parse_onewire_json	48	static
../Core/Src/zagotovka.c:3811:6:parse_sensor_json	80	static
../Core/Src/zagotovka.c:3956:6:handle_onewire_set	288	static
../Core/Src/zagotovka.c:3976:6:handle_sensor_set	288	static
../Core/Src/zagotovka.c:3998:6:parse_stm32time	88	static
../Core/Src/zagotovka.c:4017:6:handle_stm32time_get	280	static
../Core/Src/zagotovka.c:4034:5:gen_security_json	72	static
../Core/Src/zagotovka.c:4085:6:handle_security_get	1088	static
../Core/Src/zagotovka.c:4131:6:parse_sim800l_json	56	static
../Core/Src/zagotovka.c:4212:13:get_rxzbtop	0	static
../Core/Src/zagotovka.c:4411:13:zbee_probe_send_one	264	static
../Core/Src/zagotovka.c:4442:13:zbee_probe_send_current_stage	24	static
../Core/Src/zagotovka.c:4940:13:zbee_learn_start	192	static
../Core/Src/zagotovka.c:4509:6:zbee_probe_check_timeout	208	static
../Core/Src/zagotovka.c:4528:6:SendZigbeeReadProbe	224	static
../Core/Src/zagotovka.c:4549:6:SendZigbeeReadProbeAllEndpoints	16	static
../Core/Src/zagotovka.c:4555:6:SendZigbeeReadProbeInteractive	24	static
../Core/Src/zagotovka.c:5013:6:zbee_learn_check_timeout	8	static
../Core/Src/zagotovka.c:5023:6:handle_zigbee_learn_status	32	static
../Core/Src/zagotovka.c:5037:6:handle_zigbee_learn_get	120	static
../Core/Src/zagotovka.c:5157:6:handle_zigbee_learn_label	2040	static
../Core/Src/zagotovka.c:5972:6:handle_zigbee_learn_start	288	static
../Core/Src/zagotovka.c:5992:6:SendZigbeeCommand	280	static
../Core/Src/zagotovka.c:6042:6:SendZigbeeEPCommand	320	static
../Core/Src/zagotovka.c:6479:6:safe_split	32	static
../Core/Src/zagotovka.c:6497:8:parse_time	56	static
../Core/Src/zagotovka.c:6570:6:processPins	48	static
../Core/Src/zagotovka.c:6600:6:parse_monitoring_json	40	static
../Core/Src/zagotovka.c:6638:6:handle_security_set	304	static
../Core/Src/zagotovka.c:6826:6:init_ds18b20	40	static
../Core/Src/zagotovka.c:7086:6:print_all_sensors_data	128	static
../Core/Src/zagotovka.c:7158:6:DWT_Init	0	static
../Core/Src/zagotovka.c:7168:6:delay_us	8	static
../Core/Src/zagotovka.c:7176:10:get_gpio_pin_number	8	static
../Core/Src/zagotovka.c:7186:15:get_gpio_port	8	static
../Core/Src/zagotovka.c:7208:6:DHT22_Init	48	static
../Core/Src/zagotovka.c:7228:9:DHT22_Start	56	static
../Core/Src/zagotovka.c:7278:9:DHT22_Read	48	static
../Core/Src/zagotovka.c:7384:7:pars_temp_sensors	112	static
../Core/Src/zagotovka.c:4027:6:handle_temp_get	16	static
../Core/Src/zagotovka.c:7434:8:calculateJulianDate	8	static
../Core/Src/zagotovka.c:7452:8:calculateNextFullMoon	120	static
../Core/Src/zagotovka.c:7502:6:calculateMoonPhase	48	static
../Core/Src/zagotovka.c:7554:6:checkPortClockStatus	48	static
../Core/Src/zagotovka.c:7587:6:send_sms	1128	static
../Core/Src/zagotovka.c:7674:6:check_dht22_changes	8	static
../Core/Src/zagotovka.c:7313:6:process_dht22	40	static
../Core/Src/zagotovka.c:7687:6:check_ds18b20_changes	16	static
../Core/Src/zagotovka.c:7813:6:mqtt_queue_send_safe	32	static
../Core/Src/zagotovka.c:7846:6:publish_sensor_batch	144	static
../Core/Src/zagotovka.c:7975:6:send_mqtt_timer_batch	664	static
../Core/Src/zagotovka.c:8114:9:getBitValue	20	static
../Core/Src/zagotovka.c:8128:6:setBitInArray	8	static
../Core/Src/zagotovka.c:8138:6:init_offline_time	16	static
../Core/Src/zagotovka.c:8152:11:convert_cron_to_tm	32	static
../Core/Src/zagotovka.c:8169:8:initializeTime	56	static
../Core/Src/zagotovka.c:8222:6:is_settings_valid	8	static
../Core/Src/zagotovka.c:8264:6:reset_to_defaults	16	static
../Core/Src/zagotovka.c:3017:6:parse_mysett_json	80	static
../Core/Src/zagotovka.c:8239:6:initialize_https_settings	16	static
../Core/Src/zagotovka.c:8298:6:restore_from_backup	8	static
../Core/Src/zagotovka.c:8312:6:backup_settings	8	static
../Core/Src/zagotovka.c:8326:6:https_get_domain	16	static
../Core/Src/zagotovka.c:8337:6:https_set_domain	16	static
../Core/Src/zagotovka.c:8361:6:https_get_tls_key	16	static
../Core/Src/zagotovka.c:8372:6:https_set_tls_key	16	static
../Core/Src/zagotovka.c:8392:6:https_get_tls_cert	16	static
../Core/Src/zagotovka.c:8403:6:https_set_tls_cert	16	static
../Core/Src/zagotovka.c:8423:6:https_get_tls_ca	16	static
../Core/Src/zagotovka.c:8434:6:https_set_tls_ca	16	static
../Core/Src/zagotovka.c:8453:6:https_get_telegram_token	16	static
../Core/Src/zagotovka.c:2235:6:mysett_cache_reload	8	static
../Core/Src/zagotovka.c:2323:6:handle_mysett_set	288	static
../Core/Src/zagotovka.c:2537:6:gen_mysett_json	1080	static
../Core/Src/zagotovka.c:8464:6:https_set_telegram_token	16	static
../Core/Src/zagotovka.c:8484:10:https_get_port	8	static
../Core/Src/zagotovka.c:8493:6:https_set_port	8	static
../Core/Src/zagotovka.c:8507:10:https_get_timeout	8	static
../Core/Src/zagotovka.c:8516:6:https_set_timeout	8	static
../Core/Src/zagotovka.c:8530:9:https_get_retry_cnt	8	static
../Core/Src/zagotovka.c:8539:6:https_set_retry_cnt	8	static
../Core/Src/zagotovka.c:8553:9:https_get_connection_mode	8	static
../Core/Src/zagotovka.c:8562:6:https_set_connection_mode	8	static
../Core/Src/zagotovka.c:8577:6:has_valid_settings	8	static
../Core/Src/zagotovka.c:8703:6:apply_pid_preset_extern	0	static
../Core/Src/zagotovka.c:8708:6:gen_pid_json	128	static
../Core/Src/zagotovka.c:8754:6:parse_pid_json	112	static
../Core/Src/zagotovka.c:8870:6:parse_pidline_json	24	static
../Core/Src/zagotovka.c:8881:6:handle_pid_get	864	static
../Core/Src/zagotovka.c:8940:6:handle_pid_set	32	static
../Core/Src/zagotovka.c:8964:6:handle_pidline_set	544	static
../Core/Src/zagotovka.c:8986:7:pid_read_temperature	8	static
../Core/Src/zagotovka.c:9025:6:is_pin_in_autotune	0	static
../Core/Src/zagotovka.c:819:6:parse_onoff_json	64	static
../Core/Src/zagotovka.c:930:6:handle_onoff_set	288	static
../Core/Src/zagotovka.c:1681:6:parse_encoder_json	168	static
../Core/Src/zagotovka.c:1553:6:handle_encoder_set	288	static
../Core/Src/zagotovka.c:6272:6:action_handler.part.0	200	static
../Core/Src/zagotovka.c:6272:6:action_handler	16	static
../Core/Src/zagotovka.c:6272:6:action_handler.constprop	16	static
../Core/Src/zagotovka.c:6897:6:process_ds18b20	144	static
../Core/Src/zagotovka.c:6692:6:check_DHT22_limits	88	static
../Core/Src/zagotovka.c:6511:6:Check_SunriseSunset_Actions	200	static
../Core/Src/zagotovka.c:6504:6:execute_actions	0	static
../Core/Src/zagotovka.c:3362:6:api_handler	608	static
../Core/Src/zagotovka.c:6068:6:mqtt_message_handler	208	static
../Core/Src/zagotovka.c:9037:6:pid_set_pwm	8	static
../Core/Src/zagotovka.c:9061:6:pid_set_pwm_f	0	static
../Core/Src/zagotovka.c:9104:6:pid_autotune_start	128	static
../Core/Src/zagotovka.c:9252:6:pid_autotune_stop	8	static
../Core/Src/zagotovka.c:548:13:cascade_delete_pin_id	80	static
../Core/Src/zagotovka.c:715:6:parse_select_json	96	static
../Core/Src/zagotovka.c:442:6:handle_select_set	288	static
../Core/Src/zagotovka.c:9582:6:pid_compute_imc	136	static
../Core/Src/zagotovka.c:9264:6:pid_autotune_tick	168	static
../Core/Src/zagotovka.c:9620:6:handle_pid_tune_set	280	static
../Core/Src/zagotovka.c:9667:6:calc_display_id	16	static
../Core/Src/zagotovka.c:9690:6:calc_zigbee_display_id	56	static
../Core/Src/zagotovka.c:9748:6:handle_zigbee_get	144	static
../Core/Src/zagotovka.c:9846:6:handle_zigbee_set	600	static
../Core/Src/zagotovka.c:9969:6:handle_zigbee_enable	296	static
../Core/Src/zagotovka.c:9995:6:handle_zigbee_command	512	static
../Core/Src/zagotovka.c:10064:6:handle_zigbee_rescan	288	static
