../Core/Src/zagotovka.c:4939:12:alloc_zbee_slot	0	static
../Core/Src/zagotovka.c:4084:13:zbee_probe_active_for	24	static
../Core/Src/zagotovka.c:4907:12:find_zbee_slot_by_attr	24	static
../Core/Inc/mg_alloc.h:18:20:mg_free	0	static
../Core/Src/zagotovka.c:8873:14:tune_calc_sigma	0	static
../Core/Src/zagotovka.c:8468:13:apply_pid_preset.part.0	0	static
../Core/Src/zagotovka.c:447:12:strip_id_from_action.part.0	312	static
../Core/Src/zagotovka.c:447:12:strip_id_from_action	0	static
../Core/Src/zagotovka.c:493:12:strip_id_from_sunrise_sunset.part.0	320	static
../Core/Src/zagotovka.c:144:6:log_headers.part.0	288	static
../Core/Src/zagotovka.c:2250:6:mqtt_publish_logfilter_status.part.0	584	static
../Core/Src/zagotovka.c:2002:13:emit_escaped_blob.constprop	32	static
../Core/Inc/fmt_float.h:35:20:fmt_float.constprop	72	static
../Core/Src/zagotovka.c:35:9:clusters_json_to_flags	24	static
../Core/Src/zagotovka.c:53:5:clusters_flags_to_json	24	static
../Core/Src/zagotovka.c:83:6:json_escape_send	24	static
../Core/Src/zagotovka.c:144:6:log_headers	8	static
../Core/Src/zagotovka.c:183:6:mark_slice_dirty	8	static
../Core/Src/zagotovka.c:521:13:cascade_delete_pin_id	64	static
../Core/Src/zagotovka.c:189:6:mark_slice_dirty_from_isr	0	static,ignoring_inline_asm
../Core/Src/zagotovka.c:222:6:json_decode_string	48	static
../Core/Src/zagotovka.c:325:7:get_mqtt_url	0	static
../Core/Src/zagotovka.c:326:7:get_mqtt_topic	0	static
../Core/Src/zagotovka.c:327:6:set_mqtt_url	8	static
../Core/Src/zagotovka.c:331:6:set_mqtt_topic	8	static
../Core/Src/zagotovka.c:336:6:handle_select_get	320	static
../Core/Src/zagotovka.c:895:6:handle_pintopin_get	80	static
../Core/Src/zagotovka.c:952:6:handle_switch_get	0	static
../Core/Src/zagotovka.c:955:6:gen_switch_json	144	static
../Core/Src/zagotovka.c:1031:6:parse_switch_json	112	static
../Core/Src/zagotovka.c:933:6:handle_switch_set	280	static
../Core/Src/zagotovka.c:1223:6:handle_button_get	0	static
../Core/Src/zagotovka.c:1303:6:gen_button_json	64	static
../Core/Src/zagotovka.c:1339:6:parse_button_json	112	static
../Core/Src/zagotovka.c:1226:6:handle_button_set	312	static
../Core/Src/zagotovka.c:1479:6:handle_encoder_get	0	static
../Core/Src/zagotovka.c:1505:6:gen_encoder_json	168	static
../Core/Src/zagotovka.c:1804:6:handle_timers_get	1024	static
../Core/Src/zagotovka.c:1863:6:parse_numline_json	24	static
../Core/Src/zagotovka.c:1880:6:handle_numline_set	288	static
../Core/Src/zagotovka.c:1902:6:gen_timer_json	56	static
../Core/Src/zagotovka.c:1926:6:parse_timers_json	368	static
../Core/Src/zagotovka.c:1840:6:handle_timers_set	288	static
../Core/Src/zagotovka.c:2132:6:zagotovka_dtcm_init	0	static
../Core/Src/zagotovka.c:2211:6:handle_mysett_get	1592	static
../Core/Src/zagotovka.c:2250:6:mqtt_publish_logfilter_status	0	static
../Core/Src/zagotovka.c:2285:6:handle_logfilter	216	static
../Core/Src/zagotovka.c:2357:6:json_encode_string	32	static
../Core/Src/zagotovka.c:2656:10:calculate_crc	24	static
../Core/Src/zagotovka.c:2748:22:get_valid_settings	32	static
../Core/Src/zagotovka.c:2781:13:write_settings_to_flash	2816	static
../Core/Src/zagotovka.c:2843:6:update_and_write_settings	8	static
../Core/Src/zagotovka.c:2858:6:is_template_value	8	static
../Core/Src/zagotovka.c:2865:6:is_c_like_format	8	static
../Core/Src/zagotovka.c:3083:6:handle_connection_del	40	static
../Core/Src/zagotovka.c:3329:6:gen_onewire_json	200	static
../Core/Src/zagotovka.c:3496:6:handle_onewire_get	16	static
../Core/Src/zagotovka.c:3504:6:parse_onewire_json	48	static
../Core/Src/zagotovka.c:3620:6:parse_sensor_json	80	static
../Core/Src/zagotovka.c:3765:6:handle_onewire_set	288	static
../Core/Src/zagotovka.c:3785:6:handle_sensor_set	288	static
../Core/Src/zagotovka.c:3807:6:parse_stm32time	88	static
../Core/Src/zagotovka.c:3826:6:handle_stm32time_get	280	static
../Core/Src/zagotovka.c:3843:5:gen_security_json	72	static
../Core/Src/zagotovka.c:3894:6:handle_security_get	1088	static
../Core/Src/zagotovka.c:3940:6:parse_sim800l_json	56	static
../Core/Src/zagotovka.c:4021:13:get_rxzbtop	0	static
../Core/Src/zagotovka.c:4199:13:zbee_probe_send_one	264	static
../Core/Src/zagotovka.c:4230:13:zbee_probe_send_current_stage	24	static
../Core/Src/zagotovka.c:4728:13:zbee_learn_start	192	static
../Core/Src/zagotovka.c:4297:6:zbee_probe_check_timeout	216	static
../Core/Src/zagotovka.c:4316:6:SendZigbeeReadProbe	224	static
../Core/Src/zagotovka.c:645:6:parse_select_json	96	static
../Core/Src/zagotovka.c:415:6:handle_select_set	288	static
../Core/Src/zagotovka.c:4337:6:SendZigbeeReadProbeAllEndpoints	16	static
../Core/Src/zagotovka.c:4343:6:SendZigbeeReadProbeInteractive	24	static
../Core/Src/zagotovka.c:4801:6:zbee_learn_check_timeout	8	static
../Core/Src/zagotovka.c:4811:6:handle_zigbee_learn_status	32	static
../Core/Src/zagotovka.c:4825:6:handle_zigbee_learn_get	104	static
../Core/Src/zagotovka.c:4946:6:handle_zigbee_learn_label	2040	static
../Core/Src/zagotovka.c:5761:6:handle_zigbee_learn_start	288	static
../Core/Src/zagotovka.c:5781:6:SendZigbeeCommand	280	static
../Core/Src/zagotovka.c:5831:6:SendZigbeeEPCommand	320	static
../Core/Src/zagotovka.c:6268:6:safe_split	32	static
../Core/Src/zagotovka.c:6286:8:parse_time	56	static
../Core/Src/zagotovka.c:6359:6:processPins	48	static
../Core/Src/zagotovka.c:6389:6:parse_monitoring_json	40	static
../Core/Src/zagotovka.c:6427:6:handle_security_set	304	static
../Core/Src/zagotovka.c:6615:6:init_ds18b20	40	static
../Core/Src/zagotovka.c:6875:6:print_all_sensors_data	128	static
../Core/Src/zagotovka.c:6947:6:DWT_Init	0	static
../Core/Src/zagotovka.c:6957:6:delay_us	8	static
../Core/Src/zagotovka.c:6965:10:get_gpio_pin_number	8	static
../Core/Src/zagotovka.c:6975:15:get_gpio_port	8	static
../Core/Src/zagotovka.c:6997:6:DHT22_Init	48	static
../Core/Src/zagotovka.c:7017:9:DHT22_Start	56	static
../Core/Src/zagotovka.c:7067:9:DHT22_Read	48	static
../Core/Src/zagotovka.c:7173:7:pars_temp_sensors	112	static
../Core/Src/zagotovka.c:3836:6:handle_temp_get	16	static
../Core/Src/zagotovka.c:7223:8:calculateJulianDate	8	static
../Core/Src/zagotovka.c:7241:8:calculateNextFullMoon	120	static
../Core/Src/zagotovka.c:7291:6:calculateMoonPhase	48	static
../Core/Src/zagotovka.c:7343:6:checkPortClockStatus	48	static
../Core/Src/zagotovka.c:7376:6:send_sms	1128	static
../Core/Src/zagotovka.c:7463:6:check_dht22_changes	8	static
../Core/Src/zagotovka.c:7102:6:process_dht22	40	static
../Core/Src/zagotovka.c:7476:6:check_ds18b20_changes	16	static
../Core/Src/zagotovka.c:7602:6:mqtt_queue_send_safe	32	static
../Core/Src/zagotovka.c:7635:6:publish_sensor_batch	152	static
../Core/Src/zagotovka.c:7761:6:send_mqtt_timer_batch	664	static
../Core/Src/zagotovka.c:7897:9:getBitValue	20	static
../Core/Src/zagotovka.c:7911:6:setBitInArray	8	static
../Core/Src/zagotovka.c:7921:6:init_offline_time	16	static
../Core/Src/zagotovka.c:7935:11:convert_cron_to_tm	32	static
../Core/Src/zagotovka.c:7952:8:initializeTime	56	static
../Core/Src/zagotovka.c:8005:6:is_settings_valid	8	static
../Core/Src/zagotovka.c:8047:6:reset_to_defaults	16	static
../Core/Src/zagotovka.c:2869:6:parse_mysett_json	72	static
../Core/Src/zagotovka.c:8022:6:initialize_https_settings	16	static
../Core/Src/zagotovka.c:8081:6:restore_from_backup	8	static
../Core/Src/zagotovka.c:8095:6:backup_settings	8	static
../Core/Src/zagotovka.c:8109:6:https_get_domain	16	static
../Core/Src/zagotovka.c:8120:6:https_set_domain	16	static
../Core/Src/zagotovka.c:8144:6:https_get_tls_key	16	static
../Core/Src/zagotovka.c:8155:6:https_set_tls_key	16	static
../Core/Src/zagotovka.c:8175:6:https_get_tls_cert	16	static
../Core/Src/zagotovka.c:8186:6:https_set_tls_cert	16	static
../Core/Src/zagotovka.c:8206:6:https_get_tls_ca	16	static
../Core/Src/zagotovka.c:8217:6:https_set_tls_ca	16	static
../Core/Src/zagotovka.c:8236:6:https_get_telegram_token	16	static
../Core/Src/zagotovka.c:2138:6:mysett_cache_reload	8	static
../Core/Src/zagotovka.c:2225:6:handle_mysett_set	288	static
../Core/Src/zagotovka.c:2439:6:gen_mysett_json	1080	static
../Core/Src/zagotovka.c:8247:6:https_set_telegram_token	16	static
../Core/Src/zagotovka.c:8267:10:https_get_port	8	static
../Core/Src/zagotovka.c:8276:6:https_set_port	8	static
../Core/Src/zagotovka.c:8290:10:https_get_timeout	8	static
../Core/Src/zagotovka.c:8299:6:https_set_timeout	8	static
../Core/Src/zagotovka.c:8313:9:https_get_retry_cnt	8	static
../Core/Src/zagotovka.c:8322:6:https_set_retry_cnt	8	static
../Core/Src/zagotovka.c:8336:9:https_get_connection_mode	8	static
../Core/Src/zagotovka.c:8345:6:https_set_connection_mode	8	static
../Core/Src/zagotovka.c:8360:6:has_valid_settings	8	static
../Core/Src/zagotovka.c:8486:6:apply_pid_preset_extern	0	static
../Core/Src/zagotovka.c:8491:6:gen_pid_json	128	static
../Core/Src/zagotovka.c:8537:6:parse_pid_json	112	static
../Core/Src/zagotovka.c:8653:6:parse_pidline_json	24	static
../Core/Src/zagotovka.c:8664:6:handle_pid_get	864	static
../Core/Src/zagotovka.c:8723:6:handle_pid_set	32	static
../Core/Src/zagotovka.c:8747:6:handle_pidline_set	544	static
../Core/Src/zagotovka.c:8769:7:pid_read_temperature	12	static
../Core/Src/zagotovka.c:8808:6:is_pin_in_autotune	0	static
../Core/Src/zagotovka.c:749:6:parse_onoff_json	64	static
../Core/Src/zagotovka.c:860:6:handle_onoff_set	288	static
../Core/Src/zagotovka.c:1611:6:parse_encoder_json	168	static
../Core/Src/zagotovka.c:1483:6:handle_encoder_set	288	static
../Core/Src/zagotovka.c:6061:6:action_handler.part.0	200	static
../Core/Src/zagotovka.c:6061:6:action_handler	16	static
../Core/Src/zagotovka.c:6061:6:action_handler.constprop	16	static
../Core/Src/zagotovka.c:6686:6:process_ds18b20	144	static
../Core/Src/zagotovka.c:6481:6:check_DHT22_limits	80	static
../Core/Src/zagotovka.c:6300:6:Check_SunriseSunset_Actions	200	static
../Core/Src/zagotovka.c:6293:6:execute_actions	0	static
../Core/Src/zagotovka.c:3171:6:api_handler	608	static
../Core/Src/zagotovka.c:5857:6:mqtt_message_handler	200	static
../Core/Src/zagotovka.c:8820:6:pid_set_pwm	8	static
../Core/Src/zagotovka.c:8844:6:pid_set_pwm_f	0	static
../Core/Src/zagotovka.c:8887:6:pid_autotune_start	128	static
../Core/Src/zagotovka.c:9035:6:pid_autotune_stop	8	static
../Core/Src/zagotovka.c:9365:6:pid_compute_imc	136	static
../Core/Src/zagotovka.c:9047:6:pid_autotune_tick	168	static
../Core/Src/zagotovka.c:9403:6:handle_pid_tune_set	280	static
../Core/Src/zagotovka.c:9450:6:calc_display_id	16	static
../Core/Src/zagotovka.c:9473:6:calc_zigbee_display_id	56	static
../Core/Src/zagotovka.c:9531:6:handle_zigbee_get	144	static
../Core/Src/zagotovka.c:9629:6:handle_zigbee_set	600	static
../Core/Src/zagotovka.c:9752:6:handle_zigbee_enable	296	static
../Core/Src/zagotovka.c:9778:6:handle_zigbee_command	512	static
../Core/Src/zagotovka.c:9847:6:handle_zigbee_rescan	288	static
