../Core/Src/zagotovka.c:5000:12:alloc_zbee_slot	0	static
../Core/Src/zagotovka.c:4145:13:zbee_probe_active_for	24	static
../Core/Src/zagotovka.c:4968:12:find_zbee_slot_by_attr	24	static
../Core/Inc/mg_alloc.h:18:20:mg_free	0	static
../Core/Src/zagotovka.c:8940:14:tune_calc_sigma	0	static
../Core/Src/zagotovka.c:8535:13:apply_pid_preset.part.0	0	static
../Core/Src/zagotovka.c:448:12:strip_id_from_action.part.0	312	static
../Core/Src/zagotovka.c:448:12:strip_id_from_action	0	static
../Core/Src/zagotovka.c:494:12:strip_id_from_sunrise_sunset.part.0	320	static
../Core/Src/zagotovka.c:145:6:log_headers.part.0	288	static
../Core/Src/zagotovka.c:2003:13:emit_escaped_blob.constprop	32	static
../Core/Inc/fmt_float.h:35:20:fmt_float.constprop	72	static
../Core/Src/zagotovka.c:2889:14:json_get_str_allow_empty	48	static
../Core/Src/zagotovka.c:36:9:clusters_json_to_flags	24	static
../Core/Src/zagotovka.c:54:5:clusters_flags_to_json	24	static
../Core/Src/zagotovka.c:84:6:json_escape_send	24	static
../Core/Src/zagotovka.c:145:6:log_headers	8	static
../Core/Src/zagotovka.c:184:6:mark_slice_dirty	8	static
../Core/Src/zagotovka.c:522:13:cascade_delete_pin_id	64	static
../Core/Src/zagotovka.c:190:6:mark_slice_dirty_from_isr	0	static,ignoring_inline_asm
../Core/Src/zagotovka.c:223:6:json_decode_string	48	static
../Core/Src/zagotovka.c:326:7:get_mqtt_url	0	static
../Core/Src/zagotovka.c:327:7:get_mqtt_topic	0	static
../Core/Src/zagotovka.c:328:6:set_mqtt_url	8	static
../Core/Src/zagotovka.c:332:6:set_mqtt_topic	8	static
../Core/Src/zagotovka.c:337:6:handle_select_get	320	static
../Core/Src/zagotovka.c:896:6:handle_pintopin_get	80	static
../Core/Src/zagotovka.c:953:6:handle_switch_get	0	static
../Core/Src/zagotovka.c:956:6:gen_switch_json	144	static
../Core/Src/zagotovka.c:1032:6:parse_switch_json	112	static
../Core/Src/zagotovka.c:934:6:handle_switch_set	280	static
../Core/Src/zagotovka.c:1224:6:handle_button_get	0	static
../Core/Src/zagotovka.c:1304:6:gen_button_json	64	static
../Core/Src/zagotovka.c:1340:6:parse_button_json	112	static
../Core/Src/zagotovka.c:1227:6:handle_button_set	312	static
../Core/Src/zagotovka.c:1480:6:handle_encoder_get	0	static
../Core/Src/zagotovka.c:1506:6:gen_encoder_json	168	static
../Core/Src/zagotovka.c:1805:6:handle_timers_get	1024	static
../Core/Src/zagotovka.c:1864:6:parse_numline_json	24	static
../Core/Src/zagotovka.c:1881:6:handle_numline_set	288	static
../Core/Src/zagotovka.c:1903:6:gen_timer_json	56	static
../Core/Src/zagotovka.c:1927:6:parse_timers_json	368	static
../Core/Src/zagotovka.c:1841:6:handle_timers_set	288	static
../Core/Src/zagotovka.c:2143:6:zagotovka_dtcm_init	0	static
../Core/Src/zagotovka.c:2223:6:handle_mysett_get	1664	static
../Core/Src/zagotovka.c:2262:6:mqtt_publish_logfilter_status	584	static
../Core/Src/zagotovka.c:2297:6:handle_logfilter	216	static
../Core/Src/zagotovka.c:2369:6:json_encode_string	32	static
../Core/Src/zagotovka.c:2668:10:calculate_crc	24	static
../Core/Src/zagotovka.c:2760:22:get_valid_settings	32	static
../Core/Src/zagotovka.c:2793:13:write_settings_to_flash	2816	static
../Core/Src/zagotovka.c:2855:6:update_and_write_settings	8	static
../Core/Src/zagotovka.c:2870:6:is_template_value	8	static
../Core/Src/zagotovka.c:2877:6:is_c_like_format	8	static
../Core/Src/zagotovka.c:3144:6:handle_connection_del	40	static
../Core/Src/zagotovka.c:3390:6:gen_onewire_json	200	static
../Core/Src/zagotovka.c:3557:6:handle_onewire_get	16	static
../Core/Src/zagotovka.c:3565:6:parse_onewire_json	48	static
../Core/Src/zagotovka.c:3681:6:parse_sensor_json	80	static
../Core/Src/zagotovka.c:3826:6:handle_onewire_set	288	static
../Core/Src/zagotovka.c:3846:6:handle_sensor_set	288	static
../Core/Src/zagotovka.c:3868:6:parse_stm32time	88	static
../Core/Src/zagotovka.c:3887:6:handle_stm32time_get	280	static
../Core/Src/zagotovka.c:3904:5:gen_security_json	72	static
../Core/Src/zagotovka.c:3955:6:handle_security_get	1088	static
../Core/Src/zagotovka.c:4001:6:parse_sim800l_json	56	static
../Core/Src/zagotovka.c:4082:13:get_rxzbtop	0	static
../Core/Src/zagotovka.c:4260:13:zbee_probe_send_one	264	static
../Core/Src/zagotovka.c:4291:13:zbee_probe_send_current_stage	24	static
../Core/Src/zagotovka.c:4789:13:zbee_learn_start	192	static
../Core/Src/zagotovka.c:4358:6:zbee_probe_check_timeout	216	static
../Core/Src/zagotovka.c:4377:6:SendZigbeeReadProbe	224	static
../Core/Src/zagotovka.c:646:6:parse_select_json	96	static
../Core/Src/zagotovka.c:416:6:handle_select_set	288	static
../Core/Src/zagotovka.c:4398:6:SendZigbeeReadProbeAllEndpoints	16	static
../Core/Src/zagotovka.c:4404:6:SendZigbeeReadProbeInteractive	24	static
../Core/Src/zagotovka.c:4862:6:zbee_learn_check_timeout	8	static
../Core/Src/zagotovka.c:4872:6:handle_zigbee_learn_status	32	static
../Core/Src/zagotovka.c:4886:6:handle_zigbee_learn_get	104	static
../Core/Src/zagotovka.c:5007:6:handle_zigbee_learn_label	2040	static
../Core/Src/zagotovka.c:5822:6:handle_zigbee_learn_start	288	static
../Core/Src/zagotovka.c:5842:6:SendZigbeeCommand	280	static
../Core/Src/zagotovka.c:5892:6:SendZigbeeEPCommand	320	static
../Core/Src/zagotovka.c:6329:6:safe_split	32	static
../Core/Src/zagotovka.c:6347:8:parse_time	56	static
../Core/Src/zagotovka.c:6420:6:processPins	48	static
../Core/Src/zagotovka.c:6450:6:parse_monitoring_json	40	static
../Core/Src/zagotovka.c:6488:6:handle_security_set	304	static
../Core/Src/zagotovka.c:6676:6:init_ds18b20	40	static
../Core/Src/zagotovka.c:6936:6:print_all_sensors_data	128	static
../Core/Src/zagotovka.c:7008:6:DWT_Init	0	static
../Core/Src/zagotovka.c:7018:6:delay_us	8	static
../Core/Src/zagotovka.c:7026:10:get_gpio_pin_number	8	static
../Core/Src/zagotovka.c:7036:15:get_gpio_port	8	static
../Core/Src/zagotovka.c:7058:6:DHT22_Init	48	static
../Core/Src/zagotovka.c:7078:9:DHT22_Start	56	static
../Core/Src/zagotovka.c:7128:9:DHT22_Read	48	static
../Core/Src/zagotovka.c:7234:7:pars_temp_sensors	112	static
../Core/Src/zagotovka.c:3897:6:handle_temp_get	16	static
../Core/Src/zagotovka.c:7284:8:calculateJulianDate	8	static
../Core/Src/zagotovka.c:7302:8:calculateNextFullMoon	120	static
../Core/Src/zagotovka.c:7352:6:calculateMoonPhase	48	static
../Core/Src/zagotovka.c:7404:6:checkPortClockStatus	48	static
../Core/Src/zagotovka.c:7437:6:send_sms	1128	static
../Core/Src/zagotovka.c:7524:6:check_dht22_changes	8	static
../Core/Src/zagotovka.c:7163:6:process_dht22	40	static
../Core/Src/zagotovka.c:7537:6:check_ds18b20_changes	16	static
../Core/Src/zagotovka.c:7663:6:mqtt_queue_send_safe	32	static
../Core/Src/zagotovka.c:7696:6:publish_sensor_batch	152	static
../Core/Src/zagotovka.c:7825:6:send_mqtt_timer_batch	664	static
../Core/Src/zagotovka.c:7964:9:getBitValue	20	static
../Core/Src/zagotovka.c:7978:6:setBitInArray	8	static
../Core/Src/zagotovka.c:7988:6:init_offline_time	16	static
../Core/Src/zagotovka.c:8002:11:convert_cron_to_tm	32	static
../Core/Src/zagotovka.c:8019:8:initializeTime	56	static
../Core/Src/zagotovka.c:8072:6:is_settings_valid	8	static
../Core/Src/zagotovka.c:8114:6:reset_to_defaults	16	static
../Core/Src/zagotovka.c:2904:6:parse_mysett_json	72	static
../Core/Src/zagotovka.c:8089:6:initialize_https_settings	16	static
../Core/Src/zagotovka.c:8148:6:restore_from_backup	8	static
../Core/Src/zagotovka.c:8162:6:backup_settings	8	static
../Core/Src/zagotovka.c:8176:6:https_get_domain	16	static
../Core/Src/zagotovka.c:8187:6:https_set_domain	16	static
../Core/Src/zagotovka.c:8211:6:https_get_tls_key	16	static
../Core/Src/zagotovka.c:8222:6:https_set_tls_key	16	static
../Core/Src/zagotovka.c:8242:6:https_get_tls_cert	16	static
../Core/Src/zagotovka.c:8253:6:https_set_tls_cert	16	static
../Core/Src/zagotovka.c:8273:6:https_get_tls_ca	16	static
../Core/Src/zagotovka.c:8284:6:https_set_tls_ca	16	static
../Core/Src/zagotovka.c:8303:6:https_get_telegram_token	16	static
../Core/Src/zagotovka.c:2149:6:mysett_cache_reload	8	static
../Core/Src/zagotovka.c:2237:6:handle_mysett_set	288	static
../Core/Src/zagotovka.c:2451:6:gen_mysett_json	1080	static
../Core/Src/zagotovka.c:8314:6:https_set_telegram_token	16	static
../Core/Src/zagotovka.c:8334:10:https_get_port	8	static
../Core/Src/zagotovka.c:8343:6:https_set_port	8	static
../Core/Src/zagotovka.c:8357:10:https_get_timeout	8	static
../Core/Src/zagotovka.c:8366:6:https_set_timeout	8	static
../Core/Src/zagotovka.c:8380:9:https_get_retry_cnt	8	static
../Core/Src/zagotovka.c:8389:6:https_set_retry_cnt	8	static
../Core/Src/zagotovka.c:8403:9:https_get_connection_mode	8	static
../Core/Src/zagotovka.c:8412:6:https_set_connection_mode	8	static
../Core/Src/zagotovka.c:8427:6:has_valid_settings	8	static
../Core/Src/zagotovka.c:8553:6:apply_pid_preset_extern	0	static
../Core/Src/zagotovka.c:8558:6:gen_pid_json	128	static
../Core/Src/zagotovka.c:8604:6:parse_pid_json	112	static
../Core/Src/zagotovka.c:8720:6:parse_pidline_json	24	static
../Core/Src/zagotovka.c:8731:6:handle_pid_get	864	static
../Core/Src/zagotovka.c:8790:6:handle_pid_set	32	static
../Core/Src/zagotovka.c:8814:6:handle_pidline_set	544	static
../Core/Src/zagotovka.c:8836:7:pid_read_temperature	12	static
../Core/Src/zagotovka.c:8875:6:is_pin_in_autotune	0	static
../Core/Src/zagotovka.c:750:6:parse_onoff_json	64	static
../Core/Src/zagotovka.c:861:6:handle_onoff_set	288	static
../Core/Src/zagotovka.c:1612:6:parse_encoder_json	168	static
../Core/Src/zagotovka.c:1484:6:handle_encoder_set	288	static
../Core/Src/zagotovka.c:6122:6:action_handler.part.0	200	static
../Core/Src/zagotovka.c:6122:6:action_handler	16	static
../Core/Src/zagotovka.c:6122:6:action_handler.constprop	16	static
../Core/Src/zagotovka.c:6747:6:process_ds18b20	144	static
../Core/Src/zagotovka.c:6542:6:check_DHT22_limits	80	static
../Core/Src/zagotovka.c:6361:6:Check_SunriseSunset_Actions	200	static
../Core/Src/zagotovka.c:6354:6:execute_actions	0	static
../Core/Src/zagotovka.c:3232:6:api_handler	608	static
../Core/Src/zagotovka.c:5918:6:mqtt_message_handler	200	static
../Core/Src/zagotovka.c:8887:6:pid_set_pwm	8	static
../Core/Src/zagotovka.c:8911:6:pid_set_pwm_f	0	static
../Core/Src/zagotovka.c:8954:6:pid_autotune_start	128	static
../Core/Src/zagotovka.c:9102:6:pid_autotune_stop	8	static
../Core/Src/zagotovka.c:9432:6:pid_compute_imc	136	static
../Core/Src/zagotovka.c:9114:6:pid_autotune_tick	168	static
../Core/Src/zagotovka.c:9470:6:handle_pid_tune_set	280	static
../Core/Src/zagotovka.c:9517:6:calc_display_id	16	static
../Core/Src/zagotovka.c:9540:6:calc_zigbee_display_id	56	static
../Core/Src/zagotovka.c:9598:6:handle_zigbee_get	144	static
../Core/Src/zagotovka.c:9696:6:handle_zigbee_set	600	static
../Core/Src/zagotovka.c:9819:6:handle_zigbee_enable	296	static
../Core/Src/zagotovka.c:9845:6:handle_zigbee_command	512	static
../Core/Src/zagotovka.c:9914:6:handle_zigbee_rescan	288	static
