../Drivers/STM32F7xx_HAL_Driver/Src/stm32f7xx_hal_hcd.c:276:19:HAL_HCD_HC_Halt	8	static
../Drivers/STM32F7xx_HAL_Driver/Src/stm32f7xx_hal_hcd.c:327:14:HAL_HCD_MspInit	0	static
../Drivers/STM32F7xx_HAL_Driver/Src/stm32f7xx_hal_hcd.c:110:19:HAL_HCD_Init	24	static
../Drivers/STM32F7xx_HAL_Driver/Src/stm32f7xx_hal_hcd.c:342:14:HAL_HCD_MspDeInit	0	static
../Drivers/STM32F7xx_HAL_Driver/Src/stm32f7xx_hal_hcd.c:292:19:HAL_HCD_DeInit	8	static
../Drivers/STM32F7xx_HAL_Driver/Src/stm32f7xx_hal_hcd.c:394:19:HAL_HCD_HC_SubmitRequest	16	static
../Drivers/STM32F7xx_HAL_Driver/Src/stm32f7xx_hal_hcd.c:661:6:HAL_HCD_WKUP_IRQHandler	0	static
../Drivers/STM32F7xx_HAL_Driver/Src/stm32f7xx_hal_hcd.c:672:13:HAL_HCD_SOF_Callback	0	static
../Drivers/STM32F7xx_HAL_Driver/Src/stm32f7xx_hal_hcd.c:687:13:HAL_HCD_Connect_Callback	0	static
../Drivers/STM32F7xx_HAL_Driver/Src/stm32f7xx_hal_hcd.c:702:13:HAL_HCD_Disconnect_Callback	0	static
../Drivers/STM32F7xx_HAL_Driver/Src/stm32f7xx_hal_hcd.c:717:13:HAL_HCD_PortEnabled_Callback	0	static
../Drivers/STM32F7xx_HAL_Driver/Src/stm32f7xx_hal_hcd.c:732:13:HAL_HCD_PortDisabled_Callback	0	static
../Drivers/STM32F7xx_HAL_Driver/Src/stm32f7xx_hal_hcd.c:757:13:HAL_HCD_HC_NotifyURBChange_Callback	0	static
../Drivers/STM32F7xx_HAL_Driver/Src/stm32f7xx_hal_hcd.c:538:6:HAL_HCD_IRQHandler	56	static
../Drivers/STM32F7xx_HAL_Driver/Src/stm32f7xx_hal_hcd.c:1073:19:HAL_HCD_Start	8	static
../Drivers/STM32F7xx_HAL_Driver/Src/stm32f7xx_hal_hcd.c:1092:19:HAL_HCD_Stop	8	static
../Drivers/STM32F7xx_HAL_Driver/Src/stm32f7xx_hal_hcd.c:1106:19:HAL_HCD_ResetPort	0	static
../Drivers/STM32F7xx_HAL_Driver/Src/stm32f7xx_hal_hcd.c:1135:18:HAL_HCD_GetState	0	static
../Drivers/STM32F7xx_HAL_Driver/Src/stm32f7xx_hal_hcd.c:1154:21:HAL_HCD_HC_GetURBState	0	static
../Drivers/STM32F7xx_HAL_Driver/Src/stm32f7xx_hal_hcd.c:1167:10:HAL_HCD_HC_GetXferCount	0	static
../Drivers/STM32F7xx_HAL_Driver/Src/stm32f7xx_hal_hcd.c:1189:21:HAL_HCD_HC_GetState	0	static
../Drivers/STM32F7xx_HAL_Driver/Src/stm32f7xx_hal_hcd.c:1199:10:HAL_HCD_GetCurrentFrame	0	static
../Drivers/STM32F7xx_HAL_Driver/Src/stm32f7xx_hal_hcd.c:1209:10:HAL_HCD_GetCurrentSpeed	0	static
../Drivers/STM32F7xx_HAL_Driver/Src/stm32f7xx_hal_hcd.c:1223:19:HAL_HCD_HC_SetHubInfo	24	static
../Drivers/STM32F7xx_HAL_Driver/Src/stm32f7xx_hal_hcd.c:1253:19:HAL_HCD_HC_ClearHubInfo	0	static
../Drivers/STM32F7xx_HAL_Driver/Src/stm32f7xx_hal_hcd.c:218:19:HAL_HCD_HC_Init	56	static
