../Drivers/STM32F7xx_HAL_Driver/Src/stm32f7xx_ll_usb.c:1436:26:USB_CoreReset	8	static
../Drivers/STM32F7xx_HAL_Driver/Src/stm32f7xx_ll_usb.c:86:19:USB_CoreInit	16	static
../Drivers/STM32F7xx_HAL_Driver/Src/stm32f7xx_ll_usb.c:177:19:USB_SetTurnaroundTime	0	static
../Drivers/STM32F7xx_HAL_Driver/Src/stm32f7xx_ll_usb.c:260:19:USB_EnableGlobalInt	0	static
../Drivers/STM32F7xx_HAL_Driver/Src/stm32f7xx_ll_usb.c:272:19:USB_DisableGlobalInt	0	static
../Drivers/STM32F7xx_HAL_Driver/Src/stm32f7xx_ll_usb.c:287:19:USB_SetCurrentMode	16	static
../Drivers/STM32F7xx_HAL_Driver/Src/stm32f7xx_ll_usb.c:503:19:USB_FlushTxFifo	8	static
../Drivers/STM32F7xx_HAL_Driver/Src/stm32f7xx_ll_usb.c:540:19:USB_FlushRxFifo	8	static
../Drivers/STM32F7xx_HAL_Driver/Src/stm32f7xx_ll_usb.c:583:19:USB_SetDevSpeed	0	static
../Drivers/STM32F7xx_HAL_Driver/Src/stm32f7xx_ll_usb.c:334:19:USB_DevInit	32	static
../Drivers/STM32F7xx_HAL_Driver/Src/stm32f7xx_ll_usb.c:599:9:USB_GetDevSpeed	0	static
../Drivers/STM32F7xx_HAL_Driver/Src/stm32f7xx_ll_usb.c:628:19:USB_ActivateEndpoint	12	static
../Drivers/STM32F7xx_HAL_Driver/Src/stm32f7xx_ll_usb.c:666:19:USB_ActivateDedicatedEndpoint	20	static
../Drivers/STM32F7xx_HAL_Driver/Src/stm32f7xx_ll_usb.c:705:19:USB_DeactivateEndpoint	8	static
../Drivers/STM32F7xx_HAL_Driver/Src/stm32f7xx_ll_usb.c:752:19:USB_DeactivateDedicatedEndpoint	0	static
../Drivers/STM32F7xx_HAL_Driver/Src/stm32f7xx_ll_usb.c:966:19:USB_EPStopXfer	8	static
../Drivers/STM32F7xx_HAL_Driver/Src/stm32f7xx_ll_usb.c:1030:19:USB_WritePacket	8	static
../Drivers/STM32F7xx_HAL_Driver/Src/stm32f7xx_ll_usb.c:794:19:USB_EPStartXfer	32	static
../Drivers/STM32F7xx_HAL_Driver/Src/stm32f7xx_ll_usb.c:1061:7:USB_ReadPacket	16	static
../Drivers/STM32F7xx_HAL_Driver/Src/stm32f7xx_ll_usb.c:1103:19:USB_EPSetStall	0	static
../Drivers/STM32F7xx_HAL_Driver/Src/stm32f7xx_ll_usb.c:1134:19:USB_EPClearStall	0	static
../Drivers/STM32F7xx_HAL_Driver/Src/stm32f7xx_ll_usb.c:1163:19:USB_StopDevice	8	static
../Drivers/STM32F7xx_HAL_Driver/Src/stm32f7xx_ll_usb.c:1204:19:USB_SetDevAddress	0	static
../Drivers/STM32F7xx_HAL_Driver/Src/stm32f7xx_ll_usb.c:1219:19:USB_DevConnect	0	static
../Drivers/STM32F7xx_HAL_Driver/Src/stm32f7xx_ll_usb.c:1236:19:USB_DevDisconnect	0	static
../Drivers/STM32F7xx_HAL_Driver/Src/stm32f7xx_ll_usb.c:1253:10:USB_ReadInterrupts	0	static
../Drivers/STM32F7xx_HAL_Driver/Src/stm32f7xx_ll_usb.c:1269:10:USB_ReadChInterrupts	0	static
../Drivers/STM32F7xx_HAL_Driver/Src/stm32f7xx_ll_usb.c:1285:10:USB_ReadDevAllOutEpInterrupt	0	static
../Drivers/STM32F7xx_HAL_Driver/Src/stm32f7xx_ll_usb.c:1301:10:USB_ReadDevAllInEpInterrupt	0	static
../Drivers/STM32F7xx_HAL_Driver/Src/stm32f7xx_ll_usb.c:1319:10:USB_ReadDevOutEPInterrupt	0	static
../Drivers/STM32F7xx_HAL_Driver/Src/stm32f7xx_ll_usb.c:1337:10:USB_ReadDevInEPInterrupt	0	static
../Drivers/STM32F7xx_HAL_Driver/Src/stm32f7xx_ll_usb.c:1358:7:USB_ClearInterrupts	0	static
../Drivers/STM32F7xx_HAL_Driver/Src/stm32f7xx_ll_usb.c:1371:10:USB_GetMode	0	static
../Drivers/STM32F7xx_HAL_Driver/Src/stm32f7xx_ll_usb.c:1381:19:USB_ActivateSetup	0	static
../Drivers/STM32F7xx_HAL_Driver/Src/stm32f7xx_ll_usb.c:1403:19:USB_EP0_OutStart	12	static
../Drivers/STM32F7xx_HAL_Driver/Src/stm32f7xx_ll_usb.c:1546:19:USB_HostInit	16	static
../Drivers/STM32F7xx_HAL_Driver/Src/stm32f7xx_ll_usb.c:1641:19:USB_InitFSLSPClkSel	8	static
../Drivers/STM32F7xx_HAL_Driver/Src/stm32f7xx_ll_usb.c:1671:19:USB_ResetPort	24	static
../Drivers/STM32F7xx_HAL_Driver/Src/stm32f7xx_ll_usb.c:1698:19:USB_DriveVbus	8	static
../Drivers/STM32F7xx_HAL_Driver/Src/stm32f7xx_ll_usb.c:1728:10:USB_GetHostSpeed	8	static
../Drivers/STM32F7xx_HAL_Driver/Src/stm32f7xx_ll_usb.c:1742:10:USB_GetCurrentFrame	0	static
../Drivers/STM32F7xx_HAL_Driver/Src/stm32f7xx_ll_usb.c:1773:19:USB_HC_Init	32	static
../Drivers/STM32F7xx_HAL_Driver/Src/stm32f7xx_ll_usb.c:2168:10:USB_HC_ReadInterrupt	0	static
../Drivers/STM32F7xx_HAL_Driver/Src/stm32f7xx_ll_usb.c:2182:19:USB_HC_Halt	24	static
../Drivers/STM32F7xx_HAL_Driver/Src/stm32f7xx_ll_usb.c:2266:19:USB_DoPing	0	static
../Drivers/STM32F7xx_HAL_Driver/Src/stm32f7xx_ll_usb.c:1905:19:USB_HC_StartXfer	48	static
../Drivers/STM32F7xx_HAL_Driver/Src/stm32f7xx_ll_usb.c:2290:19:USB_StopHost	24	static
../Drivers/STM32F7xx_HAL_Driver/Src/stm32f7xx_ll_usb.c:2355:19:USB_ActivateRemoteWakeup	0	static
../Drivers/STM32F7xx_HAL_Driver/Src/stm32f7xx_ll_usb.c:2373:19:USB_DeActivateRemoteWakeup	0	static
