../Drivers/STM32F7xx_HAL_Driver/Src/stm32f7xx_hal_eth.c:1328:13:HAL_ETH_RxLinkCallback	0	static
../Drivers/STM32F7xx_HAL_Driver/Src/stm32f7xx_hal_eth.c:3052:17:ETH_Prepare_Tx_Descriptors	28	static,ignoring_inline_asm
../Drivers/STM32F7xx_HAL_Driver/Src/stm32f7xx_hal_eth.c:2749:13:ETH_SetMACConfig	16	static
../Drivers/STM32F7xx_HAL_Driver/Src/stm32f7xx_hal_eth.c:2807:13:ETH_SetDMAConfig	16	static
../Drivers/STM32F7xx_HAL_Driver/Src/stm32f7xx_hal_eth.c:2735:13:ETH_FlushTransmitFIFO	16	static
../Drivers/STM32F7xx_HAL_Driver/Src/stm32f7xx_hal_eth.c:1311:13:HAL_ETH_RxAllocateCallback	0	static
../Drivers/STM32F7xx_HAL_Driver/Src/stm32f7xx_hal_eth.c:1196:13:ETH_UpdateDescriptor	32	static,ignoring_inline_asm
../Drivers/STM32F7xx_HAL_Driver/Src/stm32f7xx_hal_eth.c:1430:13:HAL_ETH_TxFreeCallback	0	static
../Drivers/STM32F7xx_HAL_Driver/Src/stm32f7xx_hal_eth.c:466:13:HAL_ETH_MspInit	0	static
../Drivers/STM32F7xx_HAL_Driver/Src/stm32f7xx_hal_eth.c:336:19:HAL_ETH_Init	176	static
../Drivers/STM32F7xx_HAL_Driver/Src/stm32f7xx_hal_eth.c:481:13:HAL_ETH_MspDeInit	0	static
../Drivers/STM32F7xx_HAL_Driver/Src/stm32f7xx_hal_eth.c:433:19:HAL_ETH_DeInit	8	static
../Drivers/STM32F7xx_HAL_Driver/Src/stm32f7xx_hal_eth.c:708:19:HAL_ETH_Start	16	static
../Drivers/STM32F7xx_HAL_Driver/Src/stm32f7xx_hal_eth.c:765:19:HAL_ETH_Start_IT	24	static
../Drivers/STM32F7xx_HAL_Driver/Src/stm32f7xx_hal_eth.c:833:19:HAL_ETH_Stop	16	static
../Drivers/STM32F7xx_HAL_Driver/Src/stm32f7xx_hal_eth.c:886:19:HAL_ETH_Stop_IT	16	static
../Drivers/STM32F7xx_HAL_Driver/Src/stm32f7xx_hal_eth.c:956:19:HAL_ETH_Transmit	24	static,ignoring_inline_asm
../Drivers/STM32F7xx_HAL_Driver/Src/stm32f7xx_hal_eth.c:1031:19:HAL_ETH_Transmit_IT	8	static,ignoring_inline_asm
../Drivers/STM32F7xx_HAL_Driver/Src/stm32f7xx_hal_eth.c:1083:19:HAL_ETH_ReadData	56	static
../Drivers/STM32F7xx_HAL_Driver/Src/stm32f7xx_hal_eth.c:1277:19:HAL_ETH_RegisterRxAllocateCallback	0	static
../Drivers/STM32F7xx_HAL_Driver/Src/stm32f7xx_hal_eth.c:1298:19:HAL_ETH_UnRegisterRxAllocateCallback	0	static
../Drivers/STM32F7xx_HAL_Driver/Src/stm32f7xx_hal_eth.c:1347:19:HAL_ETH_RegisterRxLinkCallback	0	static
../Drivers/STM32F7xx_HAL_Driver/Src/stm32f7xx_hal_eth.c:1367:19:HAL_ETH_UnRegisterRxLinkCallback	0	static
../Drivers/STM32F7xx_HAL_Driver/Src/stm32f7xx_hal_eth.c:1382:19:HAL_ETH_GetRxDataErrorCode	0	static
../Drivers/STM32F7xx_HAL_Driver/Src/stm32f7xx_hal_eth.c:1397:19:HAL_ETH_RegisterTxFreeCallback	0	static
../Drivers/STM32F7xx_HAL_Driver/Src/stm32f7xx_hal_eth.c:1417:19:HAL_ETH_UnRegisterTxFreeCallback	0	static
../Drivers/STM32F7xx_HAL_Driver/Src/stm32f7xx_hal_eth.c:1445:19:HAL_ETH_ReleaseTxPacket	32	static
../Drivers/STM32F7xx_HAL_Driver/Src/stm32f7xx_hal_eth.c:2002:13:HAL_ETH_TxCpltCallback	0	static
../Drivers/STM32F7xx_HAL_Driver/Src/stm32f7xx_hal_eth.c:2017:13:HAL_ETH_RxCpltCallback	0	static
../Drivers/STM32F7xx_HAL_Driver/Src/stm32f7xx_hal_eth.c:2032:13:HAL_ETH_ErrorCallback	0	static
../Drivers/STM32F7xx_HAL_Driver/Src/stm32f7xx_hal_eth.c:2047:13:HAL_ETH_PMTCallback	0	static
../Drivers/STM32F7xx_HAL_Driver/Src/stm32f7xx_hal_eth.c:2063:13:HAL_ETH_WakeUpCallback	0	static
../Drivers/STM32F7xx_HAL_Driver/Src/stm32f7xx_hal_eth.c:1890:6:HAL_ETH_IRQHandler	24	static
../Drivers/STM32F7xx_HAL_Driver/Src/stm32f7xx_hal_eth.c:2081:19:HAL_ETH_ReadPHYRegister	24	static
../Drivers/STM32F7xx_HAL_Driver/Src/stm32f7xx_hal_eth.c:2132:19:HAL_ETH_WritePHYRegister	16	static
../Drivers/STM32F7xx_HAL_Driver/Src/stm32f7xx_hal_eth.c:2200:19:HAL_ETH_GetMACConfig	0	static
../Drivers/STM32F7xx_HAL_Driver/Src/stm32f7xx_hal_eth.c:2243:19:HAL_ETH_GetDMAConfig	0	static
../Drivers/STM32F7xx_HAL_Driver/Src/stm32f7xx_hal_eth.c:2282:19:HAL_ETH_SetMACConfig	8	static
../Drivers/STM32F7xx_HAL_Driver/Src/stm32f7xx_hal_eth.c:2309:19:HAL_ETH_SetDMAConfig	8	static
../Drivers/STM32F7xx_HAL_Driver/Src/stm32f7xx_hal_eth.c:2334:6:HAL_ETH_SetMDIOClockRange	16	static
../Drivers/STM32F7xx_HAL_Driver/Src/stm32f7xx_hal_eth.c:2386:19:HAL_ETH_SetMACFilterConfig	16	static
../Drivers/STM32F7xx_HAL_Driver/Src/stm32f7xx_hal_eth.c:2427:19:HAL_ETH_GetMACFilterConfig	0	static
../Drivers/STM32F7xx_HAL_Driver/Src/stm32f7xx_hal_eth.c:2464:19:HAL_ETH_SetSourceMACAddrMatch	8	static
../Drivers/STM32F7xx_HAL_Driver/Src/stm32f7xx_hal_eth.c:2500:19:HAL_ETH_SetHashTable	16	static
../Drivers/STM32F7xx_HAL_Driver/Src/stm32f7xx_hal_eth.c:2536:6:HAL_ETH_SetRxVLANIdentifier	16	static
../Drivers/STM32F7xx_HAL_Driver/Src/stm32f7xx_hal_eth.c:2564:6:HAL_ETH_EnterPowerDownMode	8	static
../Drivers/STM32F7xx_HAL_Driver/Src/stm32f7xx_hal_eth.c:2582:6:HAL_ETH_ExitPowerDownMode	16	static
../Drivers/STM32F7xx_HAL_Driver/Src/stm32f7xx_hal_eth.c:2619:19:HAL_ETH_SetWakeUpFilter	0	static
../Drivers/STM32F7xx_HAL_Driver/Src/stm32f7xx_hal_eth.c:2668:22:HAL_ETH_GetState	0	static
../Drivers/STM32F7xx_HAL_Driver/Src/stm32f7xx_hal_eth.c:2679:10:HAL_ETH_GetError	0	static
../Drivers/STM32F7xx_HAL_Driver/Src/stm32f7xx_hal_eth.c:2690:10:HAL_ETH_GetDMAError	0	static
../Drivers/STM32F7xx_HAL_Driver/Src/stm32f7xx_hal_eth.c:2701:10:HAL_ETH_GetMACError	0	static
../Drivers/STM32F7xx_HAL_Driver/Src/stm32f7xx_hal_eth.c:2712:10:HAL_ETH_GetMACWakeUpSource	0	static
